12-02 19:46:12.376 23521 23624 I ReactNativeJS: [34m7:46:12PM | [0m[7m AppState [0m[34m | INFO : setMainPanelState: Store new state history entry: {"mainPanelState":"Settings","pageName":"default"} [0m
12-02 19:46:12.376 23521 23624 I ReactNativeJS: [34m7:46:12PM | [0m[7m AppState [0m[34m | INFO : setMainPanelState: New stateChangeID: 1 (mainPanelState = Settings) [0m
12-02 19:46:12.376 23521 23624 I ReactNativeJS:  [LAST PAGE] Last visited page saved successfully
12-02 19:46:12.381   939  3938 D audio_hw_waves: update_sink_info_from_usecases: update amcs, instance id 1, volume 128 0 0 0 0 0 0 0 0 0
12-02 19:46:12.381   939  3938 W audio_hw_35l41: cs35l41_amp_common_event: ret: 0, event: 15, state: 3, device: 0
12-02 19:46:12.381   939  3938 D audio_hw_output_stream: update stream 1 active 0 gain 0.000000
12-02 19:46:12.405 23521 23624 I ReactNativeJS: [34m7:46:12PM | [0m[7m AppState [0m[34m | INFO : generalSetup: Start (called from Settings) [0m
12-02 19:46:12.406 23521 23624 I ReactNativeJS: [34m7:46:12PM | [0m[7m AppState [0m[34m | INFO : State history (most recent at the top):
12-02 19:46:12.406 23521 23624 I ReactNativeJS: - {"mainPanelState":"Settings","pageName":"default"}
12-02 19:46:12.406 23521 23624 I ReactNativeJS: - {"mainPanelState":"Loading","pageName":"default"} [0m
12-02 19:46:12.406 23521 23624 I ReactNativeJS: [34m7:46:12PM | [0m[7m SolidiRestAPIClientLibrary [0m[34m | INFO : Calling GET https://t2.solidi.co/api2/v1/app_latest_version [0m
12-02 19:46:12.406 23521 23624 I ReactNativeJS: ' [Settings] Loaded biometric preference:', 'true'
12-02 19:46:12.436 23521 23526 W imobileapp4test: Cleared Reference was only reachable from finalizer (only reported once)
12-02 19:46:12.475 23521 23528 W System  : A resource failed to call close. 
12-02 19:46:12.475 23521 23528 W System  : A resource failed to call close. 
12-02 19:46:12.476 23521 23528 W System  : A resource failed to call close. 
12-02 19:46:12.476 23521 23528 W System  : A resource failed to call close. 
12-02 19:46:12.476 23521 23528 W System  : A resource failed to call close. 
12-02 19:46:12.476 23521 23528 W System  : A resource failed to call close. 
12-02 19:46:12.476 23521 23528 W System  : A resource failed to call close. 
12-02 19:46:12.476 23521 23528 W System  : A resource failed to call close. 
12-02 19:46:12.476 23521 23528 W System  : A resource failed to call close. 
12-02 19:46:12.476 23521 23528 W System  : A resource failed to call close. 
12-02 19:46:12.476 23521 23528 W System  : A resource failed to call close. 
12-02 19:46:12.476 23521 23528 W System  : A resource failed to call close. 
12-02 19:46:12.476 23521 23528 W System  : A resource failed to call close. 
12-02 19:46:12.477 23521 23528 W System  : A resource failed to call close. 
12-02 19:46:12.477 23521 23528 W System  : A resource failed to call close. 
12-02 19:46:12.477 23521 23528 W System  : A resource failed to call close. 
12-02 19:46:12.477 23521 23528 W System  : A resource failed to call close. 
12-02 19:46:12.477 23521 23528 W System  : A resource failed to call close. 
12-02 19:46:12.477 23521 23528 W System  : A resource failed to call close. 
12-02 19:46:12.477 23521 23528 W System  : A resource failed to call close. 
12-02 19:46:12.477 23521 23528 W System  : A resource failed to call close. 
12-02 19:46:12.477 23521 23528 W System  : A resource failed to call close. 
12-02 19:46:12.477 23521 23528 W System  : A resource failed to call close. 
12-02 19:46:12.478 23521 23528 W System  : A resource failed to call close. 
12-02 19:46:12.478 23521 23528 W System  : A resource failed to call close. 
12-02 19:46:12.478 23521 23528 W System  : A resource failed to call close. 
12-02 19:46:12.478 23521 23528 W System  : A resource failed to call close. 
12-02 19:46:12.478 23521 23528 W System  : A resource failed to call close. 
12-02 19:46:12.478 23521 23528 W System  : A resource failed to call close. 
12-02 19:46:12.478 23521 23528 W System  : A resource failed to call close. 
12-02 19:46:12.478 23521 23528 W System  : A resource failed to call close. 
12-02 19:46:12.479 23521 23528 W System  : A resource failed to call close. 
12-02 19:46:12.479 23521 23528 W System  : A resource failed to call close. 
12-02 19:46:12.479 23521 23528 W System  : A resource failed to call close. 
12-02 19:46:12.479 23521 23528 W System  : A resource failed to call close. 
12-02 19:46:12.479 23521 23528 W System  : A resource failed to call close. 
12-02 19:46:12.479 23521 23528 W System  : A resource failed to call close. 
12-02 19:46:12.479 23521 23528 W System  : A resource failed to call close. 
12-02 19:46:12.479 23521 23528 W System  : A resource failed to call close. 
12-02 19:46:12.479 23521 23528 W System  : A resource failed to call close. 
12-02 19:46:12.479 23521 23528 W System  : A resource failed to call close. 
12-02 19:46:12.479 23521 23528 W System  : A resource failed to call close. 
12-02 19:46:12.479 23521 23528 W System  : A resource failed to call close. 
12-02 19:46:12.480 23521 23528 W System  : A resource failed to call close. 
12-02 19:46:12.480 23521 23528 W System  : A resource failed to call close. 
12-02 19:46:12.480 23521 23528 W System  : A resource failed to call close. 
12-02 19:46:12.480 23521 23528 W System  : A resource failed to call close. 
12-02 19:46:12.480 23521 23528 W System  : A resource failed to call close. 
12-02 19:46:12.644 23521 23624 I ReactNativeJS: 
12-02 19:46:12.645 23521 23624 I ReactNativeJS:  HTTP RESPONSE DETAILS
12-02 19:46:12.645 23521 23624 I ReactNativeJS:  STATUS: 200 
12-02 19:46:12.645 23521 23624 I ReactNativeJS:  Response OK: true
12-02 19:46:12.647 23521 23624 I ReactNativeJS: ' Response Headers:', { connection: 'keep-alive',
12-02 19:46:12.647 23521 23624 I ReactNativeJS:   'content-length': '127',
12-02 19:46:12.647 23521 23624 I ReactNativeJS:   'content-type': 'text/html; charset=utf-8',
12-02 19:46:12.647 23521 23624 I ReactNativeJS:   date: 'Tue, 02 Dec 2025 19:46:11 GMT',
12-02 19:46:12.647 23521 23624 I ReactNativeJS:   etag: 'W/"7f-yanr8yhqu8LBUEvonusAycqyj4g"',
12-02 19:46:12.647 23521 23624 I ReactNativeJS:   server: 'nginx/1.18.0 (Ubuntu)',
12-02 19:46:12.647 23521 23624 I ReactNativeJS:   'x-powered-by': 'Express' }
12-02 19:46:12.647 23521 23624 I ReactNativeJS:  Content-Length: 127
12-02 19:46:12.647 23521 23624 I ReactNativeJS:  Content-Type: text/html; charset=utf-8
12-02 19:46:12.647 23521 23624 I ReactNativeJS: 
12-02 19:46:12.651 23521 23624 I ReactNativeJS: 
12-02 19:46:12.652 23521 23624 I ReactNativeJS:  RAW RESPONSE BODY:
12-02 19:46:12.652 23521 23624 I ReactNativeJS: {"error":null,"data":{"version":"1.0.40","minimumVersionRequired":{"ios":{"version":"1.1.30"},"android":{"version":"1.1.30"}}}}
12-02 19:46:12.652 23521 23624 I ReactNativeJS:  Response Body Length: 127 bytes
12-02 19:46:12.652 23521 23624 I ReactNativeJS:  PARSED RESPONSE JSON:
12-02 19:46:12.652 23521 23624 I ReactNativeJS: {
12-02 19:46:12.652 23521 23624 I ReactNativeJS:   "error": null,
12-02 19:46:12.652 23521 23624 I ReactNativeJS:   "data": {
12-02 19:46:12.652 23521 23624 I ReactNativeJS:     "version": "1.0.40",
12-02 19:46:12.652 23521 23624 I ReactNativeJS:     "minimumVersionRequired": {
12-02 19:46:12.652 23521 23624 I ReactNativeJS:       "ios": {
12-02 19:46:12.652 23521 23624 I ReactNativeJS:         "version": "1.1.30"
12-02 19:46:12.652 23521 23624 I ReactNativeJS:       },
12-02 19:46:12.652 23521 23624 I ReactNativeJS:       "android": {
12-02 19:46:12.652 23521 23624 I ReactNativeJS:         "version": "1.1.30"
12-02 19:46:12.652 23521 23624 I ReactNativeJS:       }
12-02 19:46:12.652 23521 23624 I ReactNativeJS:     }
12-02 19:46:12.652 23521 23624 I ReactNativeJS:   }
12-02 19:46:12.652 23521 23624 I ReactNativeJS: }
12-02 19:46:12.653 23521 23624 I ReactNativeJS: '\n DATA PRESENT:', '{\n  "version": "1.0.40",\n  "minimumVersionRequired": {\n    "ios": {\n      "version": "1.1.30"\n    },\n    "android": {\n      "version": "1.1.30"\n    }\n  }\n}'
12-02 19:46:12.653 23521 23624 I ReactNativeJS: 
12-02 19:46:12.654 23521 23624 I ReactNativeJS:  [PUBLIC API RESPONSE] GET app_latest_version
12-02 19:46:12.655 23521 23624 I ReactNativeJS: ' [PUBLIC API RESPONSE DATA]', { version: '1.0.40',
12-02 19:46:12.655 23521 23624 I ReactNativeJS:   minimumVersionRequired: { ios: { version: '1.1.30' }, android: { version: '1.1.30' } } }
12-02 19:46:12.681 23521 23624 I ReactNativeJS:  [PUBLIC API REQUEST] GET api_latest_version
12-02 19:46:12.681 23521 23624 I ReactNativeJS: ' [PUBLIC API REQUEST PARAMS]', {}
12-02 19:46:12.682 23521 23624 I ReactNativeJS: ' [PUBLIC API FUNCTION]', 'loadAPIVersion'
12-02 19:46:12.682 23521 23624 I ReactNativeJS: 
12-02 19:46:12.682 23521 23624 I ReactNativeJS:  API CALL DETECTED! ENHANCED LOGGING ACTIVE! 
12-02 19:46:12.682 23521 23624 I ReactNativeJS:  API Route: api_latest_version
12-02 19:46:12.682 23521 23624 I ReactNativeJS:  Method: GET
12-02 19:46:12.682 23521 23624 I ReactNativeJS:  Private: NO
12-02 19:46:12.683 23521 23624 I ReactNativeJS: 
12-02 19:46:12.683 23521 23624 I ReactNativeJS: ' MOBILE: Using absolute URL:', 'https://t2.solidi.co/api2/v1/api_latest_version'
12-02 19:46:12.684 23521 23624 I ReactNativeJS: 
12-02 19:46:12.684 23521 23624 I ReactNativeJS:  HTTP REQUEST DETAILS
12-02 19:46:12.684 23521 23624 I ReactNativeJS:  METHOD: GET
12-02 19:46:12.684 23521 23624 I ReactNativeJS:  URL: https://t2.solidi.co/api2/v1/api_latest_version
12-02 19:46:12.684 23521 23624 I ReactNativeJS: ' Headers:', '{\n  "Accept": "application/json",\n  "Content-Type": "application/json",\n  "Authorization": "Basic ZGV2OiA=",\n  "User-Agent": "Solidi Mobile App 4"\n}'
12-02 19:46:12.685 23521 23624 I ReactNativeJS: 
12-02 19:46:12.689 23521 23624 I ReactNativeJS: [34m7:46:12PM | [0m[7m SolidiRestAPIClientLibrary [0m[34m | INFO : Response: {"error":null,"data":{"version":"1.0.40","minimumVersionRequired":{"ios":{"version":"1.1.30"},"android":{"version":"1.1.30"}}}} [0m
12-02 19:46:12.690 23521 23624 I ReactNativeJS: [32m7:46:12PM | [0m[7m AppState [0m[32m | DEBUG : Internal app version: 1.2.0 (build number 33). Latest app version specified on Solidi API (dev): 1.0.40 [0m
12-02 19:46:12.691 23521 23624 I ReactNativeJS: [32m7:46:12PM | [0m[7m AppState [0m[32m | DEBUG : Minimum version required for iOS: 1.1.30. Minimum version required for Android: 1.1.30. [0m
12-02 19:46:12.693 23521 23624 I ReactNativeJS: [32m7:46:12PM | [0m[7m AppState [0m[32m | DEBUG : Platform OS: android. Minimum version required = 1.1.30. [0m
12-02 19:46:12.694 23521 23624 I ReactNativeJS: [34m7:46:12PM | [0m[7m AppState [0m[34m | INFO : Update required: false [0m
12-02 19:46:12.695 23521 23624 I ReactNativeJS: [34m7:46:12PM | [0m[7m SolidiRestAPIClientLibrary [0m[34m | INFO : Calling GET https://t2.solidi.co/api2/v1/api_latest_version [0m
12-02 19:46:12.852 23521 23624 I ReactNativeJS: 
12-02 19:46:12.852 23521 23624 I ReactNativeJS:  HTTP RESPONSE DETAILS
12-02 19:46:12.853 23521 23624 I ReactNativeJS:  STATUS: 200 
12-02 19:46:12.853 23521 23624 I ReactNativeJS:  Response OK: true
12-02 19:46:12.856 23521 23624 I ReactNativeJS: ' Response Headers:', { connection: 'keep-alive',
12-02 19:46:12.856 23521 23624 I ReactNativeJS:   'content-length': '52',
12-02 19:46:12.856 23521 23624 I ReactNativeJS:   'content-type': 'text/html; charset=utf-8',
12-02 19:46:12.856 23521 23624 I ReactNativeJS:   date: 'Tue, 02 Dec 2025 19:46:12 GMT',
12-02 19:46:12.856 23521 23624 I ReactNativeJS:   etag: 'W/"34-trcklPOjUG0MZVrNOCV8acuuAss"',
12-02 19:46:12.856 23521 23624 I ReactNativeJS:   server: 'nginx/1.18.0 (Ubuntu)',
12-02 19:46:12.856 23521 23624 I ReactNativeJS:   'x-powered-by': 'Express' }
12-02 19:46:12.857 23521 23624 I ReactNativeJS:  Content-Length: 52
12-02 19:46:12.857 23521 23624 I ReactNativeJS:  Content-Type: text/html; charset=utf-8
12-02 19:46:12.857 23521 23624 I ReactNativeJS: 
12-02 19:46:12.866 23521 23624 I ReactNativeJS: 
12-02 19:46:12.866 23521 23624 I ReactNativeJS:  RAW RESPONSE BODY:
12-02 19:46:12.866 23521 23624 I ReactNativeJS: {"error":null,"data":{"api_latest_version":"1.0.2"}}
12-02 19:46:12.866 23521 23624 I ReactNativeJS:  Response Body Length: 52 bytes
12-02 19:46:12.866 23521 23624 I ReactNativeJS:  PARSED RESPONSE JSON:
12-02 19:46:12.866 23521 23624 I ReactNativeJS: {
12-02 19:46:12.866 23521 23624 I ReactNativeJS:   "error": null,
12-02 19:46:12.866 23521 23624 I ReactNativeJS:   "data": {
12-02 19:46:12.866 23521 23624 I ReactNativeJS:     "api_latest_version": "1.0.2"
12-02 19:46:12.866 23521 23624 I ReactNativeJS:   }
12-02 19:46:12.866 23521 23624 I ReactNativeJS: }
12-02 19:46:12.867 23521 23624 I ReactNativeJS: '\n DATA PRESENT:', '{\n  "api_latest_version": "1.0.2"\n}'
12-02 19:46:12.867 23521 23624 I ReactNativeJS: 
12-02 19:46:12.868 23521 23624 I ReactNativeJS:  [PUBLIC API RESPONSE] GET api_latest_version
12-02 19:46:12.869 23521 23624 I ReactNativeJS: ' [PUBLIC API RESPONSE DATA]', { api_latest_version: '1.0.2' }
12-02 19:46:12.871  1647  1903 D ActivityManager: freezing 13928 com.instagram.barcelona
12-02 19:46:12.880  1647  1962 D InetDiagMessage: Destroyed 0 sockets, proto=IPPROTO_TCP, family=AF_INET, states=14
12-02 19:46:12.883 23521 23624 I ReactNativeJS: [34m7:46:12PM | [0m[7m SolidiRestAPIClientLibrary [0m[34m | INFO : Response: {"error":null,"data":{"api_latest_version":"1.0.2"}} [0m
12-02 19:46:12.883  1647  1962 D InetDiagMessage: Destroyed 0 sockets, proto=IPPROTO_TCP, family=AF_INET6, states=14
12-02 19:46:12.884  1647  1962 D InetDiagMessage: Destroyed live tcp sockets for uids={10295} in 5ms
12-02 19:46:12.887 23521 23624 I ReactNativeJS: [34m7:46:12PM | [0m[7m AppState [0m[34m | INFO : Latest API version: 1.0.2 [0m
12-02 19:46:12.891 23521 23624 I ReactNativeJS: [34m7:46:12PM | [0m[7m AppState [0m[34m | INFO : Loading terms from https://t2.solidi.co/legal/terms.txt [0m
12-02 19:46:12.899  1647  1903 D ActivityManager: freezing 13946 com.tideplatform.banking
12-02 19:46:12.909  1647  1962 D InetDiagMessage: Destroyed 0 sockets, proto=IPPROTO_TCP, family=AF_INET, states=14
12-02 19:46:12.911  1647  1962 D InetDiagMessage: Destroyed 0 sockets, proto=IPPROTO_TCP, family=AF_INET6, states=14
12-02 19:46:12.912  1647  1962 D InetDiagMessage: Destroyed live tcp sockets for uids={10181} in 5ms
12-02 19:46:12.999 23521 23624 I ReactNativeJS:  [PUBLIC API REQUEST] GET asset_info
12-02 19:46:13.001 23521 23624 I ReactNativeJS: ' [PUBLIC API REQUEST PARAMS]', {}
12-02 19:46:13.001 23521 23624 I ReactNativeJS: ' [PUBLIC API FUNCTION]', '[Unspecified function]'
12-02 19:46:13.002 23521 23624 I ReactNativeJS: 
12-02 19:46:13.002 23521 23624 I ReactNativeJS:  API CALL DETECTED! ENHANCED LOGGING ACTIVE! 
12-02 19:46:13.002 23521 23624 I ReactNativeJS:  API Route: asset_info
12-02 19:46:13.003 23521 23624 I ReactNativeJS:  Method: GET
12-02 19:46:13.003 23521 23624 I ReactNativeJS:  Private: NO
12-02 19:46:13.003 23521 23624 I ReactNativeJS: 
12-02 19:46:13.003 23521 23624 I ReactNativeJS: ' MOBILE: Using absolute URL:', 'https://t2.solidi.co/api2/v1/asset_info'
12-02 19:46:13.006 23521 23624 I ReactNativeJS: 
12-02 19:46:13.006 23521 23624 I ReactNativeJS:  HTTP REQUEST DETAILS
12-02 19:46:13.006 23521 23624 I ReactNativeJS:  METHOD: GET
12-02 19:46:13.006 23521 23624 I ReactNativeJS:  URL: https://t2.solidi.co/api2/v1/asset_info
12-02 19:46:13.008 23521 23624 I ReactNativeJS: ' Headers:', '{\n  "Accept": "application/json",\n  "Content-Type": "application/json",\n  "Authorization": "Basic ZGV2OiA=",\n  "User-Agent": "Solidi Mobile App 4"\n}'
12-02 19:46:13.008 23521 23624 I ReactNativeJS: 
12-02 19:46:13.031 23521 23624 I ReactNativeJS: [34m7:46:13PM | [0m[7m SolidiRestAPIClientLibrary [0m[34m | INFO : Calling GET https://t2.solidi.co/api2/v1/asset_info [0m
12-02 19:46:13.270 23521 23624 I ReactNativeJS: 
12-02 19:46:13.270 23521 23624 I ReactNativeJS:  HTTP RESPONSE DETAILS
12-02 19:46:13.270 23521 23624 I ReactNativeJS:  STATUS: 200 
12-02 19:46:13.270 23521 23624 I ReactNativeJS:  Response OK: true
12-02 19:46:13.273 23521 23624 I ReactNativeJS: ' Response Headers:', { connection: 'keep-alive',
12-02 19:46:13.273 23521 23624 I ReactNativeJS:   'content-type': 'application/json; charset=utf-8',
12-02 19:46:13.273 23521 23624 I ReactNativeJS:   date: 'Tue, 02 Dec 2025 19:46:12 GMT',
12-02 19:46:13.273 23521 23624 I ReactNativeJS:   etag: 'W/"537-Fk6pMn7IJSQ0GWVCLwcn7GtKRnk"',
12-02 19:46:13.273 23521 23624 I ReactNativeJS:   server: 'nginx/1.18.0 (Ubuntu)',
12-02 19:46:13.273 23521 23624 I ReactNativeJS:   'transfer-encoding': 'chunked',
12-02 19:46:13.273 23521 23624 I ReactNativeJS:   'x-powered-by': 'Express' }
12-02 19:46:13.273 23521 23624 I ReactNativeJS:  Content-Length: Unknown
12-02 19:46:13.273 23521 23624 I ReactNativeJS:  Content-Type: application/json; charset=utf-8
12-02 19:46:13.273 23521 23624 I ReactNativeJS: 
12-02 19:46:13.279 23521 23624 I ReactNativeJS: 
12-02 19:46:13.279 23521 23624 I ReactNativeJS:  RAW RESPONSE BODY:
12-02 19:46:13.279 23521 23624 I ReactNativeJS: {"error":null,"data":{"BTC":{"addressProperties":["address"],"confirmationsRequired":3,"decimalPlaces":8,"depositEnabled":1,"displayString":"BTC (Bitcoin)","displaySymbol":"BTC","name":"Bitcoin","type":"crypto","withdrawEnabled":1},"ETH":{"addressProperties":["address"],"confirmationsRequired":30,"decimalPlaces":18,"depositEnabled":1,"displayString":"ETH (Ethereum)","displaySymbol":"ETH","name":"Ethereum","type":"crypto","withdrawEnabled":1},"GBP":{"addressProperties":["accountName","sortCode","accountNumber"],"confirmationsRequired":1,"decimalPlaces":2,"depositEnabled":1,"displayString":"GBP (UK Pound)","displaySymbol":"GBP","name":"UK Pound","type":"fiat","withdrawEnabled":1},"LINK":{"addressProperties":[],"confirmationsRequired":30,"decimalPlaces":8,"depositEnabled":0,"displayString":"LINK (Chainlink)","displaySymbol":"LINK","name":"Chainlink","type":"crypto","withdrawEnabled":1},"LTC":{"addressProperties":["address"],"confirmationsRequired":12,"decimalPlaces":8,"depositEnabled":1,"displayString":"LTC (Litecoin)","displaySymbol":"LTC","name":"Litecoin","type":"crypto","withdrawEnabled":1},"XRP":{"addressProperties":["address","destinationTag"],"confirmationsRequired":1,"decimalPlaces":6,"depositEnabled":1,"displayString":"XRP (Ripple)","displaySymbol":"XRP","name":"Ripple","type":"crypto","withdrawEnabled":1}}}
12-02 19:46:13.279 23521 23624 I ReactNativeJS:  Response Body Length: 1335 bytes
12-02 19:46:13.280 23521 23624 I ReactNativeJS:  PARSED RESPONSE JSON:
12-02 19:46:13.280 23521 23624 I ReactNativeJS: {
12-02 19:46:13.280 23521 23624 I ReactNativeJS:   "error": null,
12-02 19:46:13.280 23521 23624 I ReactNativeJS:   "data": {
12-02 19:46:13.280 23521 23624 I ReactNativeJS:     "BTC": {
12-02 19:46:13.280 23521 23624 I ReactNativeJS:       "addressProperties": [
12-02 19:46:13.280 23521 23624 I ReactNativeJS:         "address"
12-02 19:46:13.280 23521 23624 I ReactNativeJS:       ],
12-02 19:46:13.280 23521 23624 I ReactNativeJS:       "confirmationsRequired": 3,
12-02 19:46:13.280 23521 23624 I ReactNativeJS:       "decimalPlaces": 8,
12-02 19:46:13.280 23521 23624 I ReactNativeJS:       "depositEnabled": 1,
12-02 19:46:13.280 23521 23624 I ReactNativeJS:       "displayString": "BTC (Bitcoin)",
12-02 19:46:13.280 23521 23624 I ReactNativeJS:       "displaySymbol": "BTC",
12-02 19:46:13.280 23521 23624 I ReactNativeJS:       "name": "Bitcoin",
12-02 19:46:13.280 23521 23624 I ReactNativeJS:       "type": "crypto",
12-02 19:46:13.280 23521 23624 I ReactNativeJS:       "withdrawEnabled": 1
12-02 19:46:13.280 23521 23624 I ReactNativeJS:     },
12-02 19:46:13.280 23521 23624 I ReactNativeJS:     "ETH": {
12-02 19:46:13.280 23521 23624 I ReactNativeJS:       "addressProperties": [
12-02 19:46:13.280 23521 23624 I ReactNativeJS:         "address"
12-02 19:46:13.280 23521 23624 I ReactNativeJS:       ],
12-02 19:46:13.280 23521 23624 I ReactNativeJS:       "confirmationsRequired": 30,
12-02 19:46:13.280 23521 23624 I ReactNativeJS:       "decimalPlaces": 18,
12-02 19:46:13.280 23521 23624 I ReactNativeJS:       "depositEnabled": 1,
12-02 19:46:13.280 23521 23624 I ReactNativeJS:       "displayString": "ETH (Ethereum)",
12-02 19:46:13.280 23521 23624 I ReactNativeJS:       "displaySymbol": "ETH",
12-02 19:46:13.280 23521 23624 I ReactNativeJS:       "name": "Ethereum",
12-02 19:46:13.280 23521 23624 I ReactNativeJS:       "type": "crypto",
12-02 19:46:13.280 23521 23624 I ReactNativeJS:       "withdrawEnabled": 1
12-02 19:46:13.280 23521 23624 I ReactNativeJS:     },
12-02 19:46:13.280 23521 23624 I ReactNativeJS:     "GBP": {
12-02 19:46:13.280 23521 23624 I ReactNativeJS:       "addressProperties": [
12-02 19:46:13.280 23521 23624 I ReactNativeJS:         "accountName",
12-02 19:46:13.280 23521 23624 I ReactNativeJS:         "sortCode",
12-02 19:46:13.280 23521 23624 I ReactNativeJS:         "accountNumber"
12-02 19:46:13.280 23521 23624 I ReactNativeJS:       ],
12-02 19:46:13.280 23521 23624 I ReactNativeJS:       "confirmationsRequired": 1,
12-02 19:46:13.280 23521 23624 I ReactNativeJS:       "decimalPlaces": 2,
12-02 19:46:13.280 23521 23624 I ReactNativeJS:       "depositEnabled": 1,
12-02 19:46:13.280 23521 23624 I ReactNativeJS:       "displayString": "GBP (UK Pound)",
12-02 19:46:13.280 23521 23624 I ReactNativeJS:       "displaySymbol": "GBP",
12-02 19:46:13.280 23521 23624 I ReactNativeJS:       "name": "UK Pound",
12-02 19:46:13.280 23521 23624 I ReactNativeJS:       "type": "fiat",
12-02 19:46:13.280 23521 23624 I ReactNativeJS:       "withdrawEnabled": 1
12-02 19:46:13.280 23521 23624 I ReactNativeJS:     },
12-02 19:46:13.280 23521 23624 I ReactNativeJS:     "LINK": {
12-02 19:46:13.280 23521 23624 I ReactNativeJS:       "addressProperties": [],
12-02 19:46:13.280 23521 23624 I ReactNativeJS:       "confirmationsRequired": 30,
12-02 19:46:13.280 23521 23624 I ReactNativeJS:       "decimalPlaces": 8,
12-02 19:46:13.280 23521 23624 I ReactNativeJS:       "depositEnabled": 0,
12-02 19:46:13.280 23521 23624 I ReactNativeJS:       "displayString": "LINK (Chainlink)",
12-02 19:46:13.280 23521 23624 I ReactNativeJS:       "displaySymbol": "LINK",
12-02 19:46:13.280 23521 23624 I ReactNativeJS:       "name": "Chainlink",
12-02 19:46:13.280 23521 23624 I ReactNativeJS:       "type": "crypto",
12-02 19:46:13.280 23521 23624 I ReactNativeJS:       "withdrawEnabled": 1
12-02 19:46:13.280 23521 23624 I ReactNativeJS:     },
12-02 19:46:13.280 23521 23624 I ReactNativeJS:     "LTC": {
12-02 19:46:13.280 23521 23624 I ReactNativeJS:       "addressProperties": [
12-02 19:46:13.280 23521 23624 I ReactNativeJS:         "address"
12-02 19:46:13.280 23521 23624 I ReactNativeJS:       ],
12-02 19:46:13.280 23521 23624 I ReactNativeJS:       "confirmationsRequired": 12,
12-02 19:46:13.280 23521 23624 I ReactNativeJS:       "decimalPlaces": 8,
12-02 19:46:13.280 23521 23624 I ReactNativeJS:       "depositEnabled": 1,
12-02 19:46:13.280 23521 23624 I ReactNativeJS:       "displayString": "LTC (Litecoin)",
12-02 19:46:13.280 23521 23624 I ReactNativeJS:       "displaySymbol": "LTC",
12-02 19:46:13.280 23521 23624 I ReactNativeJS:       "name": "Litecoin",
12-02 19:46:13.280 23521 23624 I ReactNativeJS:       "type": "crypto",
12-02 19:46:13.280 23521 23624 I ReactNativeJS:       "withdrawEnabled": 1
12-02 19:46:13.280 23521 23624 I ReactNativeJS:     },
12-02 19:46:13.280 23521 23624 I ReactNativeJS:     "XRP": {
12-02 19:46:13.280 23521 23624 I ReactNativeJS:       "addressProperties": [
12-02 19:46:13.280 23521 23624 I ReactNativeJS:         "address",
12-02 19:46:13.280 23521 23624 I ReactNativeJS:         "destinationTag"
12-02 19:46:13.280 23521 23624 I ReactNativeJS:       ],
12-02 19:46:13.280 23521 23624 I ReactNativeJS:       "confirmationsRequired": 1,
12-02 19:46:13.280 23521 23624 I ReactNativeJS:       "decimalPlaces": 6,
12-02 19:46:13.280 23521 23624 I ReactNativeJS:       "depositEnabled": 1,
12-02 19:46:13.280 23521 23624 I ReactNativeJS:       "displayString": "XRP (Ripple)",
12-02 19:46:13.280 23521 23624 I ReactNativeJS:       "displaySymbol": "XRP",
12-02 19:46:13.280 23521 23624 I ReactNativeJS:       "name": "Ripple",
12-02 19:46:13.280 23521 23624 I ReactNativeJS:       "type": "crypto",
12-02 19:46:13.280 23521 23624 I ReactNativeJS:       "withdrawEnabled": 1
12-02 19:46:13.280 23521 23624 I ReactNativeJS:     }
12-02 19:46:13.280 23521 23624 I ReactNativeJS:   }
12-02 19:46:13.280 23521 23624 I ReactNativeJS: }
12-02 19:46:13.282 23521 23624 I ReactNativeJS: '\n DATA PRESENT:', '{\n  "BTC": {\n    "addressProperties": [\n      "address"\n    ],\n    "confirmationsRequired": 3,\n    "decimalPlaces": 8,\n    "depositEnabled": 1,\n    "displayString": "BTC (Bitcoin)",\n    "displaySymbol": "BTC",\n    "name": "Bitcoin",\n    "type": "crypto",\n    "withdrawEnabled": 1\n  },\n  "ETH": {\n    "addressProperties": [\n      "address"\n    ],\n    "confirmationsRequired": 30,\n    "decimalPlaces": 18,\n    "depositEnabled": 1,\n    "displayString": "ETH (Ethereum)",\n    "displaySymbol": "ETH",\n    "name": "Ethereum",\n    "type": "crypto",\n    "withdrawEnabled": 1\n  },\n  "GBP": {\n    "addressProperties": [\n      "accountName",\n      "sortCode",\n      "accountNumber"\n    ],\n    "confirmationsRequired": 1,\n    "decimalPlaces": 2,\n    "depositEnabled": 1,\n    "displayString": "GBP (UK Pound)",\n    "displaySymbol": "GBP",\n    "name": "UK Pound",\n    "type": "fiat",\n    "withdrawEnabled": 1\n  },\n  "LINK": {\n    "addressProperties": [],\n    "confirmationsRequired": 30,\n    "decimalPlaces": 8,\n    "depositEnabled": 0,\n    "displayString": "LINK (Chainlink)",\n    "displaySymbol": "LINK",\n    "name": "Chainlink",\n    "type": "crypto",\n    "withdrawEnabled": 1\n  },\n  "LTC": {\n    "addressProperties": [\n      "address"\n    ],\n    "confirmationsRequired": 12,\n    "decimalPlaces": 8,\n    "depositEnabled": 1,\n    "displayString": "LTC (Litecoin)",\n    "displaySymbol": "LTC",\n    "name": "Litecoin",\n    "type": "crypto",\n    "withdrawEnabled": 1\n  },\n  "XRP": {\n    "addressProperties": [\n      "address",\n      "destinationTag"\n    ],\n    "confirmationsRequired": 1,\n    "decimalPlaces": 6,\n    "depositEnabled": 1,\n    "displayString": "XRP (Ripple)",\n    "displaySymbol": "XRP",\n    "name": "Ripple",\n    "type": "crypto",\n    "withdrawEnabled": 1\n  }\n}'
12-02 19:46:13.283 23521 23624 I ReactNativeJS: 
12-02 19:46:13.285 23521 23624 I ReactNativeJS:  [PUBLIC API RESPONSE] GET asset_info
12-02 19:46:13.295 23521 23624 I ReactNativeJS: ' [PUBLIC API RESPONSE DATA]', { BTC: 
12-02 19:46:13.295 23521 23624 I ReactNativeJS:    { addressProperties: [ 'address' ],
12-02 19:46:13.295 23521 23624 I ReactNativeJS:      confirmationsRequired: 3,
12-02 19:46:13.295 23521 23624 I ReactNativeJS:      decimalPlaces: 8,
12-02 19:46:13.295 23521 23624 I ReactNativeJS:      depositEnabled: 1,
12-02 19:46:13.295 23521 23624 I ReactNativeJS:      displayString: 'BTC (Bitcoin)',
12-02 19:46:13.295 23521 23624 I ReactNativeJS:      displaySymbol: 'BTC',
12-02 19:46:13.295 23521 23624 I ReactNativeJS:      name: 'Bitcoin',
12-02 19:46:13.295 23521 23624 I ReactNativeJS:      type: 'crypto',
12-02 19:46:13.295 23521 23624 I ReactNativeJS:      withdrawEnabled: 1 },
12-02 19:46:13.295 23521 23624 I ReactNativeJS:   ETH: 
12-02 19:46:13.295 23521 23624 I ReactNativeJS:    { addressProperties: [ 'address' ],
12-02 19:46:13.295 23521 23624 I ReactNativeJS:      confirmationsRequired: 30,
12-02 19:46:13.295 23521 23624 I ReactNativeJS:      decimalPlaces: 18,
12-02 19:46:13.295 23521 23624 I ReactNativeJS:      depositEnabled: 1,
12-02 19:46:13.295 23521 23624 I ReactNativeJS:      displayString: 'ETH (Ethereum)',
12-02 19:46:13.295 23521 23624 I ReactNativeJS:      displaySymbol: 'ETH',
12-02 19:46:13.295 23521 23624 I ReactNativeJS:      name: 'Ethereum',
12-02 19:46:13.295 23521 23624 I ReactNativeJS:      type: 'crypto',
12-02 19:46:13.295 23521 23624 I ReactNativeJS:      withdrawEnabled: 1 },
12-02 19:46:13.295 23521 23624 I ReactNativeJS:   GBP: 
12-02 19:46:13.295 23521 23624 I ReactNativeJS:    { addressProperties: [ 'accountName', 'sortCode', 'accountNumber' ],
12-02 19:46:13.295 23521 23624 I ReactNativeJS:      confirmationsRequired: 1,
12-02 19:46:13.295 23521 23624 I ReactNativeJS:      decimalPlaces: 2,
12-02 19:46:13.295 23521 23624 I ReactNativeJS:      depositEnabled: 1,
12-02 19:46:13.295 23521 23624 I ReactNativeJS:      displayString: 'GBP (UK Pound)',
12-02 19:46:13.295 23521 23624 I ReactNativeJS:      displaySymbol: 'GBP',
12-02 19:46:13.295 23521 23624 I ReactNativeJS:      name: 'UK Pound',
12-02 19:46:13.295 23521 23624 I ReactNativeJS:      type: 'fiat',
12-02 19:46:13.295 23521 23624 I ReactNativeJS:      withdrawEnabled: 1 },
12-02 19:46:13.295 23521 23624 I ReactNativeJS:   LINK: 
12-02 19:46:13.295 23521 23624 I ReactNativeJS:    { addressProperties: [],
12-02 19:46:13.295 23521 23624 I ReactNativeJS:      confirmationsRequired: 30,
12-02 19:46:13.295 23521 23624 I ReactNativeJS:      decimalPlaces: 8,
12-02 19:46:13.295 23521 23624 I ReactNativeJS:      depositEnabled: 0,
12-02 19:46:13.295 23521 23624 I ReactNativeJS:      displayString: 'LINK (Chainlink)',
12-02 19:46:13.295 23521 23624 I ReactNativeJS:      displaySymbol: 'LINK',
12-02 19:46:13.295 23521 23624 I ReactNativeJS:      name: 'Chainlink',
12-02 19:46:13.295 23521 23624 I ReactNativeJS:      type: 'crypto',
12-02 19:46:13.295 23521 23624 I ReactNativeJS:      withdrawEnabled: 1 },
12-02 19:46:13.295 23521 23624 I ReactNativeJS:   LTC: 
12-02 19:46:13.295 23521 23624 I ReactNativeJS:    { addressProperties: [ 'address' ],
12-02 19:46:13.295 23521 23624 I ReactNativeJS:      confirmationsRequired: 12,
12-02 19:46:13.295 23521 23624 I ReactNativeJS:      decimalPlaces: 8,
12-02 19:46:13.295 23521 23624 I ReactNativeJS:      depositEnabled: 1,
12-02 19:46:13.295 23521 23624 I ReactNativeJS:      displayString: 'LTC (Litecoin)',
12-02 19:46:13.295 23521 23624 I ReactNativeJS:      displaySymbol: 'LTC',
12-02 19:46:13.295 23521 23624 I ReactNativeJS:      name: 'Litecoin',
12-02 19:46:13.295 23521 23624 I ReactNativeJS:      type: 'crypto',
12-02 19:46:13.295 23521 23624 I ReactNativeJS:      withdrawEnabled: 1 },
12-02 19:46:13.295 23521 23624 I ReactNativeJS:   XRP: 
12-02 19:46:13.295 23521 23624 I ReactNativeJS:    { addressProperties: [ 'address', 'destinationTag' ],
12-02 19:46:13.295 23521 23624 I ReactNativeJS:      confirmationsRequired: 1,
12-02 19:46:13.295 23521 23624 I ReactNativeJS:      decimalPlaces: 6,
12-02 19:46:13.295 23521 23624 I ReactNativeJS:      depositEnabled: 1,
12-02 19:46:13.295 23521 23624 I ReactNativeJS:      displayString: 'XRP (Ripple)',
12-02 19:46:13.295 23521 23624 I ReactNativeJS:      displaySymbol: 'XRP',
12-02 19:46:13.295 23521 23624 I ReactNativeJS:      name: 'Ripple',
12-02 19:46:13.295 23521 23624 I ReactNativeJS:      type: 'crypto',
12-02 19:46:13.295 23521 23624 I ReactNativeJS:      withdrawEnabled: 1 } }
12-02 19:46:13.302 23521 23624 I ReactNativeJS:  [PUBLIC API REQUEST] GET market
12-02 19:46:13.303 23521 23624 I ReactNativeJS: ' [PUBLIC API REQUEST PARAMS]', {}
12-02 19:46:13.303 23521 23624 I ReactNativeJS: ' [PUBLIC API FUNCTION]', '[Unspecified function]'
12-02 19:46:13.304 23521 23624 I ReactNativeJS: 
12-02 19:46:13.305 23521 23624 I ReactNativeJS:  API CALL DETECTED! ENHANCED LOGGING ACTIVE! 
12-02 19:46:13.305 23521 23624 I ReactNativeJS:  API Route: market
12-02 19:46:13.305 23521 23624 I ReactNativeJS:  Method: GET
12-02 19:46:13.305 23521 23624 I ReactNativeJS:  Private: NO
12-02 19:46:13.306 23521 23624 I ReactNativeJS: 
12-02 19:46:13.306 23521 23624 I ReactNativeJS: ' MOBILE: Using absolute URL:', 'https://t2.solidi.co/api2/v1/market'
12-02 19:46:13.308 23521 23624 I ReactNativeJS: 
12-02 19:46:13.308 23521 23624 I ReactNativeJS:  HTTP REQUEST DETAILS
12-02 19:46:13.308 23521 23624 I ReactNativeJS:  METHOD: GET
12-02 19:46:13.309 23521 23624 I ReactNativeJS:  URL: https://t2.solidi.co/api2/v1/market
12-02 19:46:13.309 23521 23624 I ReactNativeJS: ' Headers:', '{\n  "Accept": "application/json",\n  "Content-Type": "application/json",\n  "Authorization": "Basic ZGV2OiA=",\n  "User-Agent": "Solidi Mobile App 4"\n}'
12-02 19:46:13.310 23521 23624 I ReactNativeJS: 
12-02 19:46:13.318 23521 23624 I ReactNativeJS: [34m7:46:13PM | [0m[7m SolidiRestAPIClientLibrary [0m[34m | INFO : Response: {"error":null,"data":{"BTC":{"addressProperties":["address"],"confirmationsRequired":3,"decimalPlaces":8,"depositEnabled":1,"displayString":"BTC (Bitcoin)","displaySymbol":"BTC","name":"Bitcoin","type":"crypto","withdrawEnabled":1},"ETH":{"addressProperties":["address"],"confirmationsRequired":30,"d ...  [0m
12-02 19:46:13.321 23521 23624 I ReactNativeJS: [34m7:46:13PM | [0m[7m AppState [0m[34m | INFO : Asset info loaded from server. New data saved to appState. [0m
12-02 19:46:13.323 23521 23624 I ReactNativeJS: [34m7:46:13PM | [0m[7m SolidiRestAPIClientLibrary [0m[34m | INFO : Calling GET https://t2.solidi.co/api2/v1/market [0m
12-02 19:46:13.482 23521 23624 I ReactNativeJS: 
12-02 19:46:13.482 23521 23624 I ReactNativeJS:  HTTP RESPONSE DETAILS
12-02 19:46:13.482 23521 23624 I ReactNativeJS:  STATUS: 200 
12-02 19:46:13.482 23521 23624 I ReactNativeJS:  Response OK: true
12-02 19:46:13.485 23521 23624 I ReactNativeJS: ' Response Headers:', { connection: 'keep-alive',
12-02 19:46:13.485 23521 23624 I ReactNativeJS:   'content-length': '63',
12-02 19:46:13.485 23521 23624 I ReactNativeJS:   'content-type': 'application/json; charset=utf-8',
12-02 19:46:13.485 23521 23624 I ReactNativeJS:   date: 'Tue, 02 Dec 2025 19:46:12 GMT',
12-02 19:46:13.485 23521 23624 I ReactNativeJS:   etag: 'W/"3f-aG5SulDBarODF8MQG0oKM+20HYA"',
12-02 19:46:13.485 23521 23624 I ReactNativeJS:   server: 'nginx/1.18.0 (Ubuntu)',
12-02 19:46:13.485 23521 23624 I ReactNativeJS:   'x-powered-by': 'Express' }
12-02 19:46:13.485 23521 23624 I ReactNativeJS:  Content-Length: 63
12-02 19:46:13.485 23521 23624 I ReactNativeJS:  Content-Type: application/json; charset=utf-8
12-02 19:46:13.485 23521 23624 I ReactNativeJS: 
12-02 19:46:13.490 23521 23624 I ReactNativeJS: 
12-02 19:46:13.490 23521 23624 I ReactNativeJS:  RAW RESPONSE BODY:
12-02 19:46:13.490 23521 23624 I ReactNativeJS: {"error":null,"data":["BTC/GBP","LTC/GBP","ETH/GBP","XRP/GBP"]}
12-02 19:46:13.490 23521 23624 I ReactNativeJS:  Response Body Length: 63 bytes
12-02 19:46:13.490 23521 23624 I ReactNativeJS:  PARSED RESPONSE JSON:
12-02 19:46:13.491 23521 23624 I ReactNativeJS: {
12-02 19:46:13.491 23521 23624 I ReactNativeJS:   "error": null,
12-02 19:46:13.491 23521 23624 I ReactNativeJS:   "data": [
12-02 19:46:13.491 23521 23624 I ReactNativeJS:     "BTC/GBP",
12-02 19:46:13.491 23521 23624 I ReactNativeJS:     "LTC/GBP",
12-02 19:46:13.491 23521 23624 I ReactNativeJS:     "ETH/GBP",
12-02 19:46:13.491 23521 23624 I ReactNativeJS:     "XRP/GBP"
12-02 19:46:13.491 23521 23624 I ReactNativeJS:   ]
12-02 19:46:13.491 23521 23624 I ReactNativeJS: }
12-02 19:46:13.491 23521 23624 I ReactNativeJS: '\n DATA PRESENT:', '[\n  "BTC/GBP",\n  "LTC/GBP",\n  "ETH/GBP",\n  "XRP/GBP"\n]'
12-02 19:46:13.491 23521 23624 I ReactNativeJS: 
12-02 19:46:13.492 23521 23624 I ReactNativeJS:  [PUBLIC API RESPONSE] GET market
12-02 19:46:13.493 23521 23624 I ReactNativeJS: ' [PUBLIC API RESPONSE DATA]', [ 'BTC/GBP', 'LTC/GBP', 'ETH/GBP', 'XRP/GBP' ]
12-02 19:46:13.499 23521 23624 I ReactNativeJS: '[HIST_PRICE]  loadHistoricPrices CALLED - market:', 'BTC/GBP', 'period:', '1D'
12-02 19:46:13.536 23521 23624 I ReactNativeJS:  MAINPANEL IS DEFINITELY LOADING!!! 
12-02 19:46:13.537 23521 23624 I ReactNativeJS: ' [MainPanel] AppState loaded:', { mainPanelState: 'Settings',
12-02 19:46:13.537 23521 23624 I ReactNativeJS:   pageName: 'default',
12-02 19:46:13.537 23521 23624 I ReactNativeJS:   initialMainPanelState: undefined }
12-02 19:46:13.537 23521 23624 I ReactNativeJS:  [MainPanel] selectPanelComponent called
12-02 19:46:13.538 23521 23624 I ReactNativeJS: ' [MainPanel] mainPanelState:', 'Settings'
12-02 19:46:13.538 23521 23624 I ReactNativeJS: ' [MainPanel] pageName:', 'default'
12-02 19:46:13.539 23521 23624 I ReactNativeJS: ' [MainPanel] Available component names:', [ 'AccountRestricted',
12-02 19:46:13.539 23521 23624 I ReactNativeJS:   'AccountReview',
12-02 19:46:13.539 23521 23624 I ReactNativeJS:   'AccountUpdate',
12-02 19:46:13.539 23521 23624 I ReactNativeJS:   'AddressBook',
12-02 19:46:13.539 23521 23624 I ReactNativeJS:   'Assets',
12-02 19:46:13.539 23521 23624 I ReactNativeJS:   'Authenticate',
12-02 19:46:13.539 23521 23624 I ReactNativeJS:   'BankAccounts',
12-02 19:46:13.539 23521 23624 I ReactNativeJS:   'ChooseHowToPay',
12-02 19:46:13.539 23521 23624 I ReactNativeJS:   'ChooseHowToReceivePayment',
12-02 19:46:13.539 23521 23624 I ReactNativeJS:   'CloseSolidiAccount' ], '... (showing first 10)'
12-02 19:46:13.539 23521 23624 I ReactNativeJS: ' [MainPanel] Component found for state:', 'Settings'
12-02 19:46:13.540 23521 23624 I ReactNativeJS: ' [MainPanel] Selected component for', 'Settings', ':', true
12-02 19:46:13.541 23521 23624 I ReactNativeJS: ' [Settings getUserName] Full user.info.user object:', undefined
12-02 19:46:13.541 23521 23624 I ReactNativeJS: ' [Settings getUserName] Keys in user.info.user:', []
12-02 19:46:13.541 23521 23624 I ReactNativeJS: ' [Settings getUserName] firstName result:', '[loading]'
12-02 19:46:13.542 23521 23624 I ReactNativeJS: ' [Settings getUserName] lastName result:', '[loading]'
12-02 19:46:13.543 23521 23624 I ReactNativeJS: ' [Settings getUserEmail] email result:', '[loading]'
12-02 19:46:13.641 23521 23624 I ReactNativeJS: '[HIST_PRICE]  Fetching URL:', 'https://www.solidi.co/BTC-GBP-1D.csv'
12-02 19:46:13.642 23521 23624 I ReactNativeJS: [34m7:46:13PM | [0m[7m SolidiRestAPIClientLibrary [0m[34m | INFO : Response: {"error":null,"data":["BTC/GBP","LTC/GBP","ETH/GBP","XRP/GBP"]} [0m
12-02 19:46:13.643 23521 23624 I ReactNativeJS: [34m7:46:13PM | [0m[7m AppState [0m[34m | INFO : Markets loaded from server. New data saved to appState. ["BTC/GBP","LTC/GBP","ETH/GBP","XRP/GBP"] [0m
12-02 19:46:14.093   950  1008 D CHRE    : @ 36887.049: [ActivityPlatform] type 4, confidence 61
12-02 19:46:14.138  2048  2057 I deeptouch: I0000 00:00:1764704774.138775    2057 tf_lite_classifier.cc:413] Event stream classified as kNone
12-02 19:46:14.242  1011  1075 I WifiHAL : Creating message to get link statistics; iface = 47
12-02 19:46:14.294  1011  1075 I WifiHAL : Getting cached scan results, iface handle = 0xb4000073dab1ae10
12-02 19:46:14.294  1011  1075 E WifiHAL : Creating message to get cached scan results
12-02 19:46:14.294  1011  1075 D WifiHAL : error code -95 mapped to -3
12-02 19:46:14.295  1647  1949 E WifiStaIfaceAidlImpl: getCachedScanData failed with service-specific exception: android.os.ServiceSpecificException:  (code 4)
12-02 19:46:14.330  1647  1962 D ConnectivityService: NetReassign [no changes] [c 1] [a 2] [i 3]
12-02 19:46:15.226  2048  2057 I deeptouch: I0000 00:00:1764704775.226722    2057 tf_lite_classifier.cc:413] Event stream classified as kNone
12-02 19:46:15.362  1189  1189 D AOC     : F1:MSG: controller.cc, 273: AudioOutCtrl: cmd ID: 0x00c9, tag: 0xf8 [cntr = 2063]
12-02 19:46:15.362  1189  1189 D AOC     : F1:MSG: controller.cc, 811: AudioOutCtrl: ipc: audio_output_co, cmd ID: 0x00c9, tag: 0xf8, rc: 0
12-02 19:46:15.364  1189  1189 D AOC     : H0:Mixer AMixSPKR Input 1 RB overflow. Resyncing.
12-02 19:46:15.366   939  3938 D audio_hw: shutdown: low-latency-playback
12-02 19:46:15.366   939  3938 E audio_route: unable to find path 'speaker-post'
12-02 19:46:15.366   939  3938 D audio_hw_aoc_route: speaker-post 0
12-02 19:46:15.367   939  3938 D audio_hw_aoc_route: low-latency-playbackP 0
12-02 19:46:15.367   939  3938 W audio_hw_35l41: cs35l41_amp_common_event: ret: 0, event: 3, state: 3, device: 4
12-02 19:46:15.367   939  3938 D audio_hw_aoc_route: speaker 0
12-02 19:46:15.367  1189  1189 D AOC     : F1:MSG: controller.cc, 273: AudioOutCtrl: cmd ID: 0x010f, tag: 0xf9 [cntr = 2064]
12-02 19:46:15.368  1189  1189 D AOC     : F1:Unregistered Source 1 from Sink 0 
12-02 19:46:15.368  1189  1189 D AOC     : F1:AT Map:0 (LL:0), 0 EPs active, Power: Yes, Config: No
12-02 19:46:15.368  1189  1189 D AOC     : F1:Mixer 0 configuration changed: (0)
12-02 19:46:15.368  1189  1189 D AOC     : F1:Sink 0 Configuration changed: ULL (disabled)
12-02 19:46:15.368  1189  1189 D AOC     : F1:MSG: controller.cc, 811: AudioOutCtrl: ipc: audio_output_co, cmd ID: 0x010f, tag: 0xf9, rc: 0
12-02 19:46:15.368  1189  1189 D AOC     : H0:Mixer AMixSPKR: 480 samples (0000/0000) (OFF SC)
12-02 19:46:15.368  1189  1189 D AOC     : H0:Mixer configuration updated
12-02 19:46:15.368   939  3938 W audio_hw_35l41: cs35l41_amp_common_event: ret: 0, event: 4, state: 2, device: 4
12-02 19:46:15.368   939  3938 D audio_hw_soundtrigger: st_comm_aud_event_monitor:codec dev:4 inactive
12-02 19:46:15.368   939  3938 D audio_hw_soundtrigger: st_uc_monitor:uc:low-latency-playback inactive
12-02 19:46:15.368   939  3938 I audio_hw_aoc: Mode Ambient is already selected
12-02 19:46:15.368   939  3938 D audio_hw_waves: waves_usecase_event: low-latency-playback stop
12-02 19:46:15.739  2048  2057 I deeptouch: I0000 00:00:1764704775.739888    2057 tf_lite_classifier.cc:413] Event stream classified as kNone
12-02 19:46:16.239  2048  2057 I deeptouch: I0000 00:00:1764704776.239363    2057 tf_lite_classifier.cc:413] Event stream classified as kNone
12-02 19:46:17.047 23521 23624 I ReactNativeJS: '[HIST_PRICE] Response status:', 200, 'ok:', true
12-02 19:46:17.054 23521 23624 I ReactNativeJS: '[HIST_PRICE] Response text length:', 5472
12-02 19:46:17.055 23521 23624 I ReactNativeJS: '[HIST_PRICE] Split into', 289, 'lines'
12-02 19:46:17.060 23521 23624 I ReactNativeJS: '[HIST_PRICE] Parsed', 288, 'float prices'
12-02 19:46:17.061 23521 23624 I ReactNativeJS: [HIST_PRICE] Calling setHistoricPrices...
12-02 19:46:17.062 23521 23624 I ReactNativeJS: '[HIST_PRICE]  setHistoricPrices called - market:', 'BTC/GBP', 'period:', '1D', 'prices.length:', 288
12-02 19:46:17.062 23521 23624 I ReactNativeJS: '[HIST_PRICE] Market exists before:', true
12-02 19:46:17.063 23521 23624 I ReactNativeJS: '[HIST_PRICE] Stored', 288, 'prices in', '[BTC/GBP][1D]'
12-02 19:46:17.116 23521 23624 I ReactNativeJS:  MAINPANEL IS DEFINITELY LOADING!!! 
12-02 19:46:17.117 23521 23624 I ReactNativeJS: ' [MainPanel] AppState loaded:', { mainPanelState: 'Settings',
12-02 19:46:17.117 23521 23624 I ReactNativeJS:   pageName: 'default',
12-02 19:46:17.117 23521 23624 I ReactNativeJS:   initialMainPanelState: undefined }
12-02 19:46:17.117 23521 23624 I ReactNativeJS:  [MainPanel] selectPanelComponent called
12-02 19:46:17.117 23521 23624 I ReactNativeJS: ' [MainPanel] mainPanelState:', 'Settings'
12-02 19:46:17.118 23521 23624 I ReactNativeJS: ' [MainPanel] pageName:', 'default'
12-02 19:46:17.119 23521 23624 I ReactNativeJS: ' [MainPanel] Available component names:', [ 'AccountRestricted',
12-02 19:46:17.119 23521 23624 I ReactNativeJS:   'AccountReview',
12-02 19:46:17.119 23521 23624 I ReactNativeJS:   'AccountUpdate',
12-02 19:46:17.119 23521 23624 I ReactNativeJS:   'AddressBook',
12-02 19:46:17.119 23521 23624 I ReactNativeJS:   'Assets',
12-02 19:46:17.119 23521 23624 I ReactNativeJS:   'Authenticate',
12-02 19:46:17.119 23521 23624 I ReactNativeJS:   'BankAccounts',
12-02 19:46:17.119 23521 23624 I ReactNativeJS:   'ChooseHowToPay',
12-02 19:46:17.119 23521 23624 I ReactNativeJS:   'ChooseHowToReceivePayment',
12-02 19:46:17.119 23521 23624 I ReactNativeJS:   'CloseSolidiAccount' ], '... (showing first 10)'
12-02 19:46:17.119 23521 23624 I ReactNativeJS: ' [MainPanel] Component found for state:', 'Settings'
12-02 19:46:17.120 23521 23624 I ReactNativeJS: ' [MainPanel] Selected component for', 'Settings', ':', true
12-02 19:46:17.121 23521 23624 I ReactNativeJS: ' [Settings getUserName] Full user.info.user object:', undefined
12-02 19:46:17.121 23521 23624 I ReactNativeJS: ' [Settings getUserName] Keys in user.info.user:', []
12-02 19:46:17.121 23521 23624 I ReactNativeJS: ' [Settings getUserName] firstName result:', '[loading]'
12-02 19:46:17.122 23521 23624 I ReactNativeJS: ' [Settings getUserName] lastName result:', '[loading]'
12-02 19:46:17.124 23521 23624 I ReactNativeJS: ' [Settings getUserEmail] email result:', '[loading]'
12-02 19:46:17.204   588 23900 I keystore2: system/security/keystore2/watchdog/src/lib.rs:371 - Watchdog thread idle -> terminating. Have a great day.
12-02 19:46:17.255 23521 23624 I ReactNativeJS: '[HIST_PRICE] Final length:', 288
12-02 19:46:17.255 23521 23624 I ReactNativeJS: [HIST_PRICE]  setHistoricPrices completed successfully
12-02 19:46:17.260 23521 23624 I ReactNativeJS:  MAINPANEL IS DEFINITELY LOADING!!! 
12-02 19:46:17.260 23521 23624 I ReactNativeJS: ' [MainPanel] AppState loaded:', { mainPanelState: 'Settings',
12-02 19:46:17.260 23521 23624 I ReactNativeJS:   pageName: 'default',
12-02 19:46:17.260 23521 23624 I ReactNativeJS:   initialMainPanelState: undefined }
12-02 19:46:17.260 23521 23624 I ReactNativeJS:  [MainPanel] selectPanelComponent called
12-02 19:46:17.260 23521 23624 I ReactNativeJS: ' [MainPanel] mainPanelState:', 'Settings'
12-02 19:46:17.260 23521 23624 I ReactNativeJS: ' [MainPanel] pageName:', 'default'
12-02 19:46:17.261 23521 23624 I ReactNativeJS: ' [MainPanel] Available component names:', [ 'AccountRestricted',
12-02 19:46:17.261 23521 23624 I ReactNativeJS:   'AccountReview',
12-02 19:46:17.261 23521 23624 I ReactNativeJS:   'AccountUpdate',
12-02 19:46:17.261 23521 23624 I ReactNativeJS:   'AddressBook',
12-02 19:46:17.261 23521 23624 I ReactNativeJS:   'Assets',
12-02 19:46:17.261 23521 23624 I ReactNativeJS:   'Authenticate',
12-02 19:46:17.261 23521 23624 I ReactNativeJS:   'BankAccounts',
12-02 19:46:17.261 23521 23624 I ReactNativeJS:   'ChooseHowToPay',
12-02 19:46:17.261 23521 23624 I ReactNativeJS:   'ChooseHowToReceivePayment',
12-02 19:46:17.261 23521 23624 I ReactNativeJS:   'CloseSolidiAccount' ], '... (showing first 10)'
12-02 19:46:17.261 23521 23624 I ReactNativeJS: ' [MainPanel] Component found for state:', 'Settings'
12-02 19:46:17.261 23521 23624 I ReactNativeJS: ' [MainPanel] Selected component for', 'Settings', ':', true
12-02 19:46:17.261 23521 23624 I ReactNativeJS: ' [Settings getUserName] Full user.info.user object:', undefined
12-02 19:46:17.261 23521 23624 I ReactNativeJS: ' [Settings getUserName] Keys in user.info.user:', []
12-02 19:46:17.261 23521 23624 I ReactNativeJS: ' [Settings getUserName] firstName result:', '[loading]'
12-02 19:46:17.261 23521 23624 I ReactNativeJS: ' [Settings getUserName] lastName result:', '[loading]'
12-02 19:46:17.261 23521 23624 I ReactNativeJS: ' [Settings getUserEmail] email result:', '[loading]'
12-02 19:46:17.295   950  1008 D CHRE    : @ 36890.253: [ActivityPlatform] type 4, confidence 61
12-02 19:46:17.311 23521 23624 I ReactNativeJS:  MAINPANEL IS DEFINITELY LOADING!!! 
12-02 19:46:17.311 23521 23624 I ReactNativeJS: ' [MainPanel] AppState loaded:', { mainPanelState: 'Settings',
12-02 19:46:17.311 23521 23624 I ReactNativeJS:   pageName: 'default',
12-02 19:46:17.311 23521 23624 I ReactNativeJS:   initialMainPanelState: undefined }
12-02 19:46:17.311 23521 23624 I ReactNativeJS:  [MainPanel] selectPanelComponent called
12-02 19:46:17.311 23521 23624 I ReactNativeJS: ' [MainPanel] mainPanelState:', 'Settings'
12-02 19:46:17.311 23521 23624 I ReactNativeJS: ' [MainPanel] pageName:', 'default'
12-02 19:46:17.311 23521 23624 I ReactNativeJS: ' [MainPanel] Available component names:', [ 'AccountRestricted',
12-02 19:46:17.311 23521 23624 I ReactNativeJS:   'AccountReview',
12-02 19:46:17.311 23521 23624 I ReactNativeJS:   'AccountUpdate',
12-02 19:46:17.311 23521 23624 I ReactNativeJS:   'AddressBook',
12-02 19:46:17.311 23521 23624 I ReactNativeJS:   'Assets',
12-02 19:46:17.311 23521 23624 I ReactNativeJS:   'Authenticate',
12-02 19:46:17.311 23521 23624 I ReactNativeJS:   'BankAccounts',
12-02 19:46:17.311 23521 23624 I ReactNativeJS:   'ChooseHowToPay',
12-02 19:46:17.311 23521 23624 I ReactNativeJS:   'ChooseHowToReceivePayment',
12-02 19:46:17.311 23521 23624 I ReactNativeJS:   'CloseSolidiAccount' ], '... (showing first 10)'
12-02 19:46:17.311 23521 23624 I ReactNativeJS: ' [MainPanel] Component found for state:', 'Settings'
12-02 19:46:17.311 23521 23624 I ReactNativeJS: ' [MainPanel] Selected component for', 'Settings', ':', true
12-02 19:46:17.312 23521 23624 I ReactNativeJS: ' [Settings getUserName] Full user.info.user object:', undefined
12-02 19:46:17.312 23521 23624 I ReactNativeJS: ' [Settings getUserName] Keys in user.info.user:', []
12-02 19:46:17.312 23521 23624 I ReactNativeJS: ' [Settings getUserName] firstName result:', '[loading]'
12-02 19:46:17.312 23521 23624 I ReactNativeJS: ' [Settings getUserName] lastName result:', '[loading]'
12-02 19:46:17.312 23521 23624 I ReactNativeJS: ' [Settings getUserEmail] email result:', '[loading]'
12-02 19:46:17.326  1011  1075 I WifiHAL : Creating message to get link statistics; iface = 47
12-02 19:46:17.356 23521 23624 I ReactNativeJS: [HIST_PRICE]  loadHistoricPrices completed
12-02 19:46:17.357 23521 23624 I ReactNativeJS:  [PUBLIC API REQUEST] GET asset_icon
12-02 19:46:17.358 23521 23624 I ReactNativeJS: ' [PUBLIC API REQUEST PARAMS]', {}
12-02 19:46:17.358 23521 23624 I ReactNativeJS: ' [PUBLIC API FUNCTION]', 'loadAssetsIcons'
12-02 19:46:17.358 23521 23624 I ReactNativeJS: 
12-02 19:46:17.358 23521 23624 I ReactNativeJS:  API CALL DETECTED! ENHANCED LOGGING ACTIVE! 
