12-02 19:38:44.338  4042  4042 D ActivityThread: Package [com.solidimobileapp4test] reported as REPLACED, but missing application info. Assuming REMOVED.
12-02 19:38:44.342  1647  3956 W AppOpService: Ignored setUidMode call for runtime permission app op: uid = 10130, code = READ_CELL_BROADCASTS, mode = allow, callingUid = 1001, oldMode = allow
12-02 19:38:44.343  1647  2013 D BackgroundInstallControlService: Package event received: 0
12-02 19:38:44.346  1647  1647 D ActivityThread: Package [com.solidimobileapp4test] reported as REPLACED, but missing application info. Assuming REMOVED.
12-02 19:38:44.346 18944 18944 D ActivityThread: Package [com.solidimobileapp4test] reported as REPLACED, but missing application info. Assuming REMOVED.
12-02 19:38:44.347  1647  1647 W AlarmManager: Package com.solidimobileapp4test, uid 10343 lost permission to set exact alarms!
12-02 19:38:44.347  1647  5405 D ActivityManager: sync unfroze 18944 com.google.android.euicc for 6
12-02 19:38:44.349 18944 18944 D ActivityThread: Package [com.solidimobileapp4test] reported as REPLACED, but missing application info. Assuming REMOVED.
12-02 19:38:44.351  1647  5415 W AppOpService: Ignored setUidMode call for runtime permission app op: uid = 1001, code = READ_SMS, mode = allow, callingUid = 1001, oldMode = allow
12-02 19:38:44.352  1647  5415 W AppOpService: Ignored setUidMode call for runtime permission app op: uid = 1001, code = RECEIVE_SMS, mode = allow, callingUid = 1001, oldMode = allow
12-02 19:38:44.352  1647  5415 W AppOpService: Ignored setUidMode call for runtime permission app op: uid = 1001, code = RECEIVE_WAP_PUSH, mode = allow, callingUid = 1001, oldMode = allow
12-02 19:38:44.352  1647  1872 W AppOpService: Ignored setUidMode call for runtime permission app op: uid = 1001, code = SEND_SMS, mode = allow, callingUid = 1001, oldMode = allow
12-02 19:38:44.352  1647  5415 W AppOpService: Ignored setUidMode call for runtime permission app op: uid = 1001, code = READ_CELL_BROADCASTS, mode = allow, callingUid = 1001, oldMode = allow
12-02 19:38:44.355  1647  2854 V Configuration: Updating configuration, locales updated from [] to [en_US]
12-02 19:38:44.355  1647  2854 V Configuration: Updating configuration, locales updated from [] to [en_US]
12-02 19:38:44.355  1647  2854 V Configuration: Updating configuration, locales updated from [] to [en_US]
12-02 19:38:44.359  1647  5405 W AppOpService: Ignored setUidMode call for runtime permission app op: uid = 10130, code = READ_CELL_BROADCASTS, mode = allow, callingUid = 1001, oldMode = allow
12-02 19:38:44.359  1647  5405 W AppOpService: Ignored setUidMode call for runtime permission app op: uid = 1001, code = READ_SMS, mode = allow, callingUid = 1001, oldMode = allow
12-02 19:38:44.359  1647  5405 W AppOpService: Ignored setUidMode call for runtime permission app op: uid = 1001, code = RECEIVE_SMS, mode = allow, callingUid = 1001, oldMode = allow
12-02 19:38:44.360  1647  5405 W AppOpService: Ignored setUidMode call for runtime permission app op: uid = 1001, code = RECEIVE_WAP_PUSH, mode = allow, callingUid = 1001, oldMode = allow
12-02 19:38:44.360  1647  5405 W AppOpService: Ignored setUidMode call for runtime permission app op: uid = 1001, code = SEND_SMS, mode = allow, callingUid = 1001, oldMode = allow
12-02 19:38:44.360  1647  5405 W AppOpService: Ignored setUidMode call for runtime permission app op: uid = 1001, code = READ_CELL_BROADCASTS, mode = allow, callingUid = 1001, oldMode = allow
12-02 19:38:44.365  2290  2290 D ActivityThread: Package [com.solidimobileapp4test] reported as REPLACED, but missing application info. Assuming REMOVED.
12-02 19:38:44.373  2357  2357 D ActivityThread: Package [com.solidimobileapp4test] reported as REPLACED, but missing application info. Assuming REMOVED.
12-02 19:38:44.382  2290  2290 D ActivityThread: Package [com.solidimobileapp4test] reported as REPLACED, but missing application info. Assuming REMOVED.
12-02 19:38:44.383  1647  2854 V Configuration: Updating configuration, locales updated from [] to [en_US]
12-02 19:38:44.383  1647  2854 V Configuration: Updating configuration, locales updated from [] to [en_US]
12-02 19:38:44.383  1647  2854 V Configuration: Updating configuration, locales updated from [] to [en_US]
12-02 19:38:44.383  1647  2854 V Configuration: Updating configuration, locales updated from [] to [en_US]
12-02 19:38:44.383  1647  2854 V Configuration: Updating configuration, locales updated from [] to [en_US]
12-02 19:38:44.383  1647  2854 V Configuration: Updating configuration, locales updated from [] to [en_US]
12-02 19:38:44.383  1647  2854 V Configuration: Updating configuration, locales updated from [] to [en_US]
12-02 19:38:44.383  1647  2854 V Configuration: Updating configuration, locales updated from [] to [en_US]
12-02 19:38:44.383  1647  2854 V Configuration: Updating configuration, locales updated from [] to [en_US]
12-02 19:38:44.383  1647  2854 V Configuration: Updating configuration, locales updated from [] to [en_US]
12-02 19:38:44.403  1647  2854 V Configuration: Updating configuration, locales updated from [] to [en_US]
12-02 19:38:44.403  1647  2854 V Configuration: Updating configuration, locales updated from [] to [en_US]
12-02 19:38:44.403  1647  2854 V Configuration: Updating configuration, locales updated from [] to [en_US]
12-02 19:38:44.403  1647  2854 V Configuration: Updating configuration, locales updated from [] to [en_US]
12-02 19:38:44.403  1647  2854 V Configuration: Updating configuration, locales updated from [] to [en_US]
12-02 19:38:44.403  1647  2854 V Configuration: Updating configuration, locales updated from [] to [en_US]
12-02 19:38:44.403  1647  2854 V Configuration: Updating configuration, locales updated from [] to [en_US]
12-02 19:38:44.416  1647  1647 D ActivityManager: sync unfroze 18957 com.google.android.odad for 6
12-02 19:38:44.421 18957 18957 D ActivityThread: Package [com.solidimobileapp4test] reported as REPLACED, but missing application info. Assuming REMOVED.
12-02 19:38:44.428 18957 18957 D ActivityThread: Package [com.solidimobileapp4test] reported as REPLACED, but missing application info. Assuming REMOVED.
12-02 19:38:44.431 18921 18921 D ActivityThread: Package [com.solidimobileapp4test] reported as REPLACED, but missing application info. Assuming REMOVED.
12-02 19:38:44.432 18921 18921 D ActivityThread: Package [com.solidimobileapp4test] reported as REPLACED, but missing application info. Assuming REMOVED.
12-02 19:38:44.437  1647  2854 V Configuration: Updating configuration, locales updated from [] to [en_US]
12-02 19:38:44.437  1647  2854 V Configuration: Updating configuration, locales updated from [] to [en_US]
12-02 19:38:44.437  1647  2854 V Configuration: Updating configuration, locales updated from [] to [en_US]
12-02 19:38:44.464  1647  2854 V Configuration: Updating configuration, locales updated from [] to [en_US]
12-02 19:38:44.464  1647  2854 V Configuration: Updating configuration, locales updated from [] to [en_US]
12-02 19:38:44.464  1647  2854 V Configuration: Updating configuration, locales updated from [] to [en_US]
12-02 19:38:44.464  1647  2854 V Configuration: Updating configuration, locales updated from [] to [en_US]
12-02 19:38:44.464  1647  2854 V Configuration: Updating configuration, locales updated from [] to [en_US]
12-02 19:38:44.464  1647  2854 V Configuration: Updating configuration, locales updated from [] to [en_US]
12-02 19:38:44.464  1647  2854 V Configuration: Updating configuration, locales updated from [] to [en_US]
12-02 19:38:44.464  1647  2854 V Configuration: Updating configuration, locales updated from [] to [en_US]
12-02 19:38:44.464  1647  2854 V Configuration: Updating configuration, locales updated from [] to [en_US]
12-02 19:38:44.464  1647  2854 V Configuration: Updating configuration, locales updated from [] to [en_US]
12-02 19:38:44.464  1647  2854 V Configuration: Updating configuration, locales updated from [] to [en_US]
12-02 19:38:44.465 18923 18923 D ActivityThread: Package [com.solidimobileapp4test] reported as REPLACED, but missing application info. Assuming REMOVED.
12-02 19:38:44.493  1647  2854 V Configuration: Updating configuration, locales updated from [] to [en_US]
12-02 19:38:44.493  1647  2854 V Configuration: Updating configuration, locales updated from [] to [en_US]
12-02 19:38:44.493  1647  2854 V Configuration: Updating configuration, locales updated from [] to [en_US]
12-02 19:38:44.493  1647  2854 V Configuration: Updating configuration, locales updated from [] to [en_US]
12-02 19:38:44.493  1647  2854 V Configuration: Updating configuration, locales updated from [] to [en_US]
12-02 19:38:44.493  1647  2854 V Configuration: Updating configuration, locales updated from [] to [en_US]
12-02 19:38:44.493  1647  2854 V Configuration: Updating configuration, locales updated from [] to [en_US]
12-02 19:38:44.524 29254 29254 D ActivityThread: Package [com.solidimobileapp4test] reported as REPLACED, but missing application info. Assuming REMOVED.
12-02 19:38:44.530  1647  2854 V Configuration: Updating configuration, locales updated from [] to [en_US]
12-02 19:38:44.530  1647  2854 V Configuration: Updating configuration, locales updated from [] to [en_US]
12-02 19:38:44.530  1647  2854 V Configuration: Updating configuration, locales updated from [] to [en_US]
12-02 19:38:44.530  1647  2854 V Configuration: Updating configuration, locales updated from [] to [en_US]
12-02 19:38:44.530  1647  2854 V Configuration: Updating configuration, locales updated from [] to [en_US]
12-02 19:38:44.530  1647  2854 V Configuration: Updating configuration, locales updated from [] to [en_US]
12-02 19:38:44.530  1647  2854 V Configuration: Updating configuration, locales updated from [] to [en_US]
12-02 19:38:44.537  1647  1647 I RemoteContentProtectionService: Connection status for: ComponentInfo{com.google.android.odad/com.google.android.apps.miphone.odad.contentprotection.ContentProtectionService} changed to: connected
12-02 19:38:44.578  1647  2854 V Configuration: Updating configuration, locales updated from [] to [en_US]
12-02 19:38:44.578  1647  2854 V Configuration: Updating configuration, locales updated from [] to [en_US]
12-02 19:38:44.578  1647  2854 V Configuration: Updating configuration, locales updated from [] to [en_US]
12-02 19:38:44.578  1647  2854 V Configuration: Updating configuration, locales updated from [] to [en_US]
12-02 19:38:44.578  1647  2854 V Configuration: Updating configuration, locales updated from [] to [en_US]
12-02 19:38:44.578  1647  2854 V Configuration: Updating configuration, locales updated from [] to [en_US]
12-02 19:38:44.578  1647  2854 V Configuration: Updating configuration, locales updated from [] to [en_US]
12-02 19:38:44.578  1647  2854 V Configuration: Updating configuration, locales updated from [] to [en_US]
12-02 19:38:44.595  1647  2854 V Configuration: Updating configuration, locales updated from [] to [en_US]
12-02 19:38:44.595  1647  2854 V Configuration: Updating configuration, locales updated from [] to [en_US]
12-02 19:38:44.595  1647  2854 V Configuration: Updating configuration, locales updated from [] to [en_US]
12-02 19:38:44.595  1647  2854 V Configuration: Updating configuration, locales updated from [] to [en_US]
12-02 19:38:44.595  1647  2854 V Configuration: Updating configuration, locales updated from [] to [en_US]
12-02 19:38:44.595  1647  2854 V Configuration: Updating configuration, locales updated from [] to [en_US]
12-02 19:38:44.595  1647  2854 V Configuration: Updating configuration, locales updated from [] to [en_US]
12-02 19:38:44.595  1647  2854 V Configuration: Updating configuration, locales updated from [] to [en_US]
12-02 19:38:44.595  1647  2854 V Configuration: Updating configuration, locales updated from [] to [en_US]
12-02 19:38:44.595  1647  2854 V Configuration: Updating configuration, locales updated from [] to [en_US]
12-02 19:38:44.595  1647  2854 V Configuration: Updating configuration, locales updated from [] to [en_US]
12-02 19:38:44.607  1647  2013 D BackgroundInstallControlService: Package event received: 0
12-02 19:38:44.607  1647  2013 D BackgroundInstallControlService: Package event received: 0
12-02 19:38:44.607  1647  2013 D BackgroundInstallControlService: Package event received: 0
12-02 19:38:44.683 22213 22213 D ActivityThread: Package [com.solidimobileapp4test] reported as REPLACED, but missing application info. Assuming REMOVED.
12-02 19:38:44.762  1647  5405 D ActivityManager: sync unfroze 19007 com.google.android.apps.wellbeing for 7
12-02 19:38:44.762  1647  2013 D BackgroundInstallControlService: Package event received: 0
12-02 19:38:44.785  1647  5415 D ActivityManager: sync unfroze 12222 com.google.android.gms for 6
12-02 19:38:44.790 12222 12222 D ActivityThread: Package [com.solidimobileapp4test] reported as REPLACED, but missing application info. Assuming REMOVED.
12-02 19:38:44.790 12222 12222 D ActivityThread: Package [com.solidimobileapp4test] reported as REPLACED, but missing application info. Assuming REMOVED.
12-02 19:38:44.794  1647  5405 W ProcessStats: Tracking association SourceState{9845a6f com.google.android.gms.persistent/10136 BFgs #50405} whose proc state 4 is better than process ProcessState{7742900 com.google.android.gms.unstable/10136 pkg=com.google.android.gms} proc state 15 (30 skipped)
12-02 19:38:44.797  1647  1928 V AccessibilityUserState: updateShortcutTargets: type:accessibility_shortcut_target_service, current:{}, new:{}
12-02 19:38:44.797  1647  1928 V AccessibilityUserState: updateShortcutTargets: type:accessibility_qs_targets, current:{}, new:{}
12-02 19:38:44.797  1647  1928 V AccessibilityUserState: updateShortcutTargets: type:accessibility_button_targets, current:{}, new:{}
12-02 19:38:44.797  1647  1928 V AccessibilityUserState: updateShortcutTargets: type:accessibility_gesture_targets, current:{}, new:{}
12-02 19:38:44.797  1647  1928 V AccessibilityUserState: updateShortcutTargets: type:accessibility_key_gesture_targets, current:{}, new:{}
12-02 19:38:44.797  1647  1928 V AccessibilityManagerService: onUserStateChangedLocked for userId: 0, forceUpdate: false
12-02 19:38:44.799  1647  1928 V AccessibilityUserState: updateShortcutTargets: type:accessibility_shortcut_target_service, current:{}, new:{}
12-02 19:38:44.799  1647  1928 V AccessibilityUserState: updateShortcutTargets: type:accessibility_button_targets, current:{}, new:{}
12-02 19:38:44.799  1647  1928 V AccessibilityUserState: updateShortcutTargets: type:accessibility_gesture_targets, current:{}, new:{}
12-02 19:38:44.799  1647  1928 V AccessibilityUserState: updateShortcutTargets: type:accessibility_qs_targets, current:{}, new:{}
12-02 19:38:44.799  1647  1928 V AccessibilityUserState: updateShortcutTargets: type:accessibility_key_gesture_targets, current:{}, new:{}
12-02 19:38:44.799  1647  1928 W MagnificationConnectionManager: requestConnection duplicated request: connect=false, mConnectionState=DISCONNECTED
12-02 19:38:44.799  1647  1928 V AccessibilityUserState: updateShortcutTargets: type:accessibility_button_targets, current:{}, new:{}
12-02 19:38:44.806  1647  1928 V AccessibilityUserState: updateShortcutTargets: type:accessibility_shortcut_target_service, current:{}, new:{}
12-02 19:38:44.806  1647  1928 V AccessibilityUserState: updateShortcutTargets: type:accessibility_qs_targets, current:{}, new:{}
12-02 19:38:44.806  1647  1928 V AccessibilityUserState: updateShortcutTargets: type:accessibility_button_targets, current:{}, new:{}
12-02 19:38:44.806  1647  1928 V AccessibilityUserState: updateShortcutTargets: type:accessibility_gesture_targets, current:{}, new:{}
12-02 19:38:44.806  1647  1928 V AccessibilityUserState: updateShortcutTargets: type:accessibility_key_gesture_targets, current:{}, new:{}
12-02 19:38:44.807  1647  1928 V AccessibilityManagerService: onUserStateChangedLocked for userId: 0, forceUpdate: false
12-02 19:38:44.808  1647  1928 V AccessibilityUserState: updateShortcutTargets: type:accessibility_shortcut_target_service, current:{}, new:{}
12-02 19:38:44.808  1647  1928 V AccessibilityUserState: updateShortcutTargets: type:accessibility_button_targets, current:{}, new:{}
12-02 19:38:44.808  1647  1928 V AccessibilityUserState: updateShortcutTargets: type:accessibility_gesture_targets, current:{}, new:{}
12-02 19:38:44.808  1647  1928 V AccessibilityUserState: updateShortcutTargets: type:accessibility_qs_targets, current:{}, new:{}
12-02 19:38:44.808  1647  1928 V AccessibilityUserState: updateShortcutTargets: type:accessibility_key_gesture_targets, current:{}, new:{}
12-02 19:38:44.808  1647  1928 W MagnificationConnectionManager: requestConnection duplicated request: connect=false, mConnectionState=DISCONNECTED
12-02 19:38:44.908 19007 19007 D ActivityThread: Package [com.solidimobileapp4test] reported as REPLACED, but missing application info. Assuming REMOVED.
12-02 19:38:44.910 19007 19007 D ActivityThread: Package [com.solidimobileapp4test] reported as REPLACED, but missing application info. Assuming REMOVED.
12-02 19:38:44.926  1647  1872 I ActivityManager: Background started FGS: Allowed [callingPackage: com.google.android.odad; callingUid: 10114; uidState: IMPF; uidBFSL: n/a; intent: Intent { xflg=0x4 cmp=com.google.android.odad/com.google.android.apps.miphone.odad.backgroundwork.impl.WorkService (has extras) }; code:BACKGROUND_ACTIVITY_PERMISSION; tempAllowListReason:<null>; allowWiu:58; targetSdkVersion:36; callerTargetSdkVersion:36; startForegroundCount:0; bindFromPackage:null: isBindService:false]
12-02 19:38:44.938  1647  5415 W ForegroundServiceTypeLoggerModule: Foreground service start for UID: 10114 does not have any types
12-02 19:38:44.938  1647  2013 D BackgroundInstallControlService: Package event received: 0
12-02 19:38:45.228  1647  5415 W ActivityTaskManager: callingPackage for (uid=2000, pid=22744) has no WPC
12-02 19:38:45.229  1647  5415 V WindowManager: DesktopModeLaunchParamsModifier: phase= 0 task=null activity=null desktop mode is not enabled, skipping
12-02 19:38:45.229  1647  5415 V WindowManager: TaskLaunchParamsModifier:phase=0 task=null activity=null display-area-from-current-params=null display-area-from-default-fallback=DefaultTaskDisplayArea@122611589 display-id=0 task-display-area-windowing-mode=1 suggested-display-area=DefaultTaskDisplayArea@122611589
12-02 19:38:45.232  1647  5415 W OptProp : Cannot read opt property android.window.PROPERTY_COMPAT_ALLOW_RESIZEABLE_ACTIVITY_OVERRIDES
12-02 19:38:45.232  1647  5415 W OptProp : Cannot read opt property android.window.PROPERTY_COMPAT_ALLOW_MIN_ASPECT_RATIO_OVERRIDE
12-02 19:38:45.232  1647  5415 D CompatChangeReporter: Compat change id reported: 306666082; UID 10343; state: ENABLED
12-02 19:38:45.232  1647  5415 V WindowManager: DesktopModeLaunchParamsModifier: phase= 0 task=null activity=ActivityRecord{236477356 u0 com.solidimobileapp4test/.MainActivity desktop mode is not enabled, skipping
12-02 19:38:45.233  1647  5415 V WindowManager: TaskLaunchParamsModifier:phase=0 task=null activity=ActivityRecord{236477356 u0 com.solidimobileapp4test/.MainActivity t-1} display-area-from-current-params=null display-area-from-default-fallback=DefaultTaskDisplayArea@122611589 display-id=0 task-display-area-windowing-mode=1 suggested-display-area=DefaultTaskDisplayArea@122611589
12-02 19:38:45.233  1647  5415 V WindowManager: DesktopModeLaunchParamsModifier: phase= 3 task=null activity=ActivityRecord{236477356 u0 com.solidimobileapp4test/.MainActivity t-1} desktop mode is not enabled, skipping
12-02 19:38:45.233  1647  5415 V WindowManager: TaskLaunchParamsModifier:phase=3 task=null activity=ActivityRecord{236477356 u0 com.solidimobileapp4test/.MainActivity t-1} display-area-from-current-params=null display-area-from-default-fallback=DefaultTaskDisplayArea@122611589 display-id=0 task-display-area-windowing-mode=1 suggested-display-area=DefaultTaskDisplayArea@122611589 non-freeform-task-display-area display-area=DefaultTaskDisplayArea@122611589 default-portrait freeform-size-mismatch=Rect(276, 694 - 804, 1774)
12-02 19:38:45.233  1647  5415 D ActivityTaskManager: Temporarily retain top process state for launching app
12-02 19:38:45.235  1647  5415 V WindowManager: DesktopModeLaunchParamsModifier: phase= 3 task=Task{dd7280a #1058 type=standard A=10343:com.solidimobileapp4test} activity=ActivityRecord{236477356 u0 com.solidimobileapp4test/.MainActivity t-1} desktop mode is not enabled, skipping
12-02 19:38:45.235  1647  5415 V WindowManager: TaskLaunchParamsModifier:phase=3 task=Task{dd7280a #1058 type=standard A=10343:com.solidimobileapp4test} activity=ActivityRecord{236477356 u0 com.solidimobileapp4test/.MainActivity t-1} display-from-task=0 display-id=0 task-display-area-windowing-mode=1 suggested-display-area=DefaultTaskDisplayArea@122611589 inherit-from-task=fullscreen non-freeform-task-display-area display-area=DefaultTaskDisplayArea@122611589 default-portrait freeform-size-mismatch=Rect(276, 694 - 804, 1774)
12-02 19:38:45.235  1647  5415 W OptProp : Cannot read opt property android.window.PROPERTY_COMPAT_ALLOW_ORIENTATION_OVERRIDE
12-02 19:38:45.237  1647  5415 I ActivityTaskManager: START u0 {act=android.intent.action.MAIN cat=[android.intent.category.LAUNCHER] flg=0x10000000 xflg=0x4 cmp=com.solidimobileapp4test/.MainActivity} with LAUNCH_SINGLE_TASK from uid 2000 (com.android.shell) (BAL_ALLOW_PERMISSION) result code=0
12-02 19:38:45.241  2056  2079 V WindowManagerShell: Transition requested (#353): android.os.BinderProxy@4b0524e TransitionRequestInfo { type = OPEN, triggerTask = TaskInfo{userId=0 taskId=1058 effectiveUid=10343 displayId=0 isRunning=true baseIntent=Intent { act=android.intent.action.MAIN cat=[android.intent.category.LAUNCHER] flg=0x10000000 cmp=com.solidimobileapp4test/.MainActivity } baseActivity=ComponentInfo{com.solidimobileapp4test/com.solidimobileapp4test.MainActivity} topActivity=ComponentInfo{com.solidimobileapp4test/com.solidimobileapp4test.MainActivity} origActivity=null realActivity=ComponentInfo{com.solidimobileapp4test/com.solidimobileapp4test.MainActivity} numActivities=1 lastActiveTime=36442467 supportsMultiWindow=true resizeMode=1 isResizeable=true minWidth=-1 minHeight=-1 defaultMinSize=220 token=WCT{android.os.BinderProxy@e7aff6f} topActivityType=1 pictureInPictureParams=null shouldDockBigOverlays=false launchIntoPipHostTaskId=-1 lastParentTaskIdBeforePip=-1 displayCutoutSafeInsets=Rect(0, 132 - 0, 0) topActivityInfo=ActivityInfo{30cc47c com.solidimobileapp4test.MainActivity} launchCookies=[] positionInParent=Point(0, 0) parentTaskId=-1 isFocused=false isVisible=false isVisibleRequested=false isTopActivityNoDisplay=false isSleeping=true locusId=null displayAreaFeatureId=1 isTopActivityTransparent=false isActivityStackTransparent=false lastNonFullscreenBounds=Rect(276, 694 - 804, 1774) capturedLink=null capturedLinkTimestamp=0 requestedVisibleTypes=-9 topActivityRequestOpenInBrowserEducationTimestamp=0 appCompatTaskInfo=AppCompatTaskInfo { topActivityInSizeCompat=false eligibleForLetterboxEducation= false isLetterboxEducationEnabled= false isLetterboxDoubleTapEnabled= false eligibleForUserAspectRatioButton= false topActivityBoundsLetterboxed= false isFromLetterboxDoubleTap= false topActivityLetterboxVerticalPosition= -1 topActivityLetterboxHorizontalPosition= -1 topActivityLetterboxWidth=-1 topActivityLetterboxHeight=-1 topActivityAppBounds=Rect(0, 0 - 1080, 2400) isUserFullscreenOverrideEnabled=false isSystemFullscreenOverrideEnabled=false hasMinAspectRatioOverride=false topActivityLetterboxBounds=null cameraCompatTaskInfo=CameraCompatTaskInfo { freeformCameraCompatMode=inactiveundefined} topNonResizableActivityAspectRatio=-1.0} topActivityMainWindowFrame=null isAppBubble=false}, pipChange = null, remoteTransition = null, displayChange = null, flags = 0, debugId = 353 }
12-02 19:38:45.241  2056  2079 D ShellSplitScreen: logExit: no-op, mLoggerSessionId is null
12-02 19:38:45.248  1647  1732 I ActivityManager: Start proc 22749:com.solidimobileapp4test/u0a343 for top-activity {com.solidimobileapp4test/com.solidimobileapp4test.MainActivity}
12-02 19:38:45.277  1647  1872 E AppOps  : attributionTag VCN not declared in manifest of android
12-02 19:38:45.347  1647  2352 W ForegroundServiceTypeLoggerModule: FGS stop call for: 10114 has no types!
12-02 19:38:45.348  1647  2013 D BackgroundInstallControlService: Package event received: 0
12-02 19:38:45.349  1647  2013 D BackgroundInstallControlService: Package event received: 0
12-02 19:38:45.831  1647  1872 D CompatChangeReporter: Compat change id reported: 324203798; UID 10343; state: ENABLED
12-02 19:38:45.834  1647  2013 D BackgroundInstallControlService: Package event received: 0
12-02 19:38:45.834  1647  2013 D BackgroundInstallControlService: Package event received: 0
12-02 19:38:45.835  1647  2013 D BackgroundInstallControlService: Package event received: 0
12-02 19:38:45.835  1647  2013 D BackgroundInstallControlService: Package event received: 0
12-02 19:38:45.835  1647  2013 D BackgroundInstallControlService: Package event received: 0
12-02 19:38:45.840 22749 22808 I DisplayManager: Choreographer implicitly registered for the refresh rate.
12-02 19:38:45.841  1647  1893 D ActivityManager: sync unfroze 3811 com.google.android.as.oss for 6
12-02 19:38:45.841  3811  3811 D ActivityThread: Package [com.solidimobileapp4test] reported as REPLACED, but missing application info. Assuming REMOVED.
12-02 19:38:45.842  3811  3811 D ActivityThread: Package [com.solidimobileapp4test] reported as REPLACED, but missing application info. Assuming REMOVED.
12-02 19:38:45.852  1647  1893 D ActivityManager: sync unfroze 7395 com.google.android.adservices.api for 6
12-02 19:38:45.855  1647  1893 D ActivityManager: sync unfroze 11730 com.simplecalculator.scientific.calculator.math for 6
12-02 19:38:45.857  1647  1893 D ActivityManager: sync unfroze 16347 com.google.android.webview:sandboxed_process0:org.chromium.content.app.SandboxedProcessService0:0 for 6
12-02 19:38:45.858  1647  1893 D ActivityManager: sync unfroze 11171 com.android.chrome for 6
12-02 19:38:45.858  1647  1893 D ActivityManager: sync unfroze 12432 com.android.chrome:privileged_process0 for 6
12-02 19:38:45.868  7395  7395 D ActivityThread: Package [com.solidimobileapp4test] reported as REPLACED, but missing application info. Assuming REMOVED.
12-02 19:38:45.869  7395  7395 D ActivityThread: Package [com.solidimobileapp4test] reported as REPLACED, but missing application info. Assuming REMOVED.
12-02 19:38:45.872  4413  4413 D ActivityThread: Package [com.solidimobileapp4test] reported as REPLACED, but missing application info. Assuming REMOVED.
12-02 19:38:45.872  1647  1893 D ActivityManager: sync unfroze 4413 com.google.android.youtube for 6
12-02 19:38:45.873  4413  4413 D ActivityThread: Package [com.solidimobileapp4test] reported as REPLACED, but missing application info. Assuming REMOVED.
12-02 19:38:45.876  1647  1893 W JobServiceContext: Sending onNetworkChanged for a job that isn't started. JobStatus{c4b0b95 #u0a149/-546068258 com.google.android.as.oss/com.google.android.gms.learning.internal.training.InAppJobService u=0 s=10149 TIME=-10s260ms:none NET CHARGING PERSISTED READY}
12-02 19:38:45.876  1647  1893 W JobServiceContext: Sending onNetworkChanged for a job that isn't started. JobStatus{5566623 #u0a149/-280572046 com.google.android.as.oss/com.google.android.gms.learning.internal.training.InAppJobService u=0 s=10149 TIME=-16s816ms:none NET CHARGING PERSISTED READY}
12-02 19:38:45.877  1647  1893 W JobServiceContext: Sending onNetworkChanged for a job that isn't started. JobStatus{e158720 androidx.work.systemjobscheduler:u0a193/5032 @androidx.work.systemjobscheduler@com.google.android.youtube/androidx.work.impl.background.systemjob.SystemJobService u=0 s=10193 TIME=-26s212ms:none NET READY}
12-02 19:38:45.879 16347 16347 D ActivityThread: Package [com.solidimobileapp4test] reported as REPLACED, but missing application info. Assuming REMOVED.
12-02 19:38:45.882 11171 11171 D ActivityThread: Package [com.solidimobileapp4test] reported as REPLACED, but missing application info. Assuming REMOVED.
12-02 19:38:45.888 11171 11171 D ActivityThread: Package [com.solidimobileapp4test] reported as REPLACED, but missing application info. Assuming REMOVED.
12-02 19:38:45.889 12432 12432 D ActivityThread: Package [com.solidimobileapp4test] reported as REPLACED, but missing application info. Assuming REMOVED.
12-02 19:38:45.889 16347 16347 D ActivityThread: Package [com.solidimobileapp4test] reported as REPLACED, but missing application info. Assuming REMOVED.
12-02 19:38:45.889 12432 12432 D ActivityThread: Package [com.solidimobileapp4test] reported as REPLACED, but missing application info. Assuming REMOVED.
12-02 19:38:45.891 11730 11730 D ActivityThread: Package [com.solidimobileapp4test] reported as REPLACED, but missing application info. Assuming REMOVED.
12-02 19:38:45.891 11730 11730 D ActivityThread: Package [com.solidimobileapp4test] reported as REPLACED, but missing application info. Assuming REMOVED.
12-02 19:38:45.914  1647  2013 D BackgroundInstallControlService: Package event received: 0
12-02 19:38:45.928  1647  1872 D CoreBackPreview: Window{d8e132b u0 com.solidimobileapp4test/com.solidimobileapp4test.MainActivity}: Setting back callback OnBackInvokedCallbackInfo{mCallback=android.window.IOnBackInvokedCallback$Stub$Proxy@ae9f310, mPriority=0, mIsAnimationCallback=false, mOverrideBehavior=0}
12-02 19:38:45.932  2056  2718 V WindowManagerShell: onTransitionReady(transaction=7073811162744)
12-02 19:38:45.932  2056  2079 V WindowManagerShell: onTransitionReady (#353) android.os.BinderProxy@4b0524e: {id=353 t=OPEN f=0x40 trk=0 r=[] c=[]}
12-02 19:38:45.933  2056  2079 V WindowManagerShell: No transition roots in (#353) android.os.BinderProxy@4b0524e@0 so abort
12-02 19:38:45.933  2056  2079 V WindowManagerShell: Transition animation finished (aborted=true), notifying core (#353) android.os.BinderProxy@4b0524e@0
12-02 19:38:45.933  1647  2007 I MR2ServiceImpl: Updating composite discovery preference | preference: RouteDiscoveryRequest{ preferredFeatures={}, activeScan=false }, active routers: []
12-02 19:38:45.933  1647  1717 V WindowManager: Sent Transition (#353) createdAt=12-02 19:38:45.232 via request=TransitionRequestInfo { type = OPEN, triggerTask = TaskInfo{userId=0 taskId=1058 effectiveUid=10343 displayId=0 isRunning=true baseIntent=Intent { act=android.intent.action.MAIN cat=[android.intent.category.LAUNCHER] flg=0x10000000 cmp=com.solidimobileapp4test/.MainActivity } baseActivity=ComponentInfo{com.solidimobileapp4test/com.solidimobileapp4test.MainActivity} topActivity=ComponentInfo{com.solidimobileapp4test/com.solidimobileapp4test.MainActivity} origActivity=null realActivity=ComponentInfo{com.solidimobileapp4test/com.solidimobileapp4test.MainActivity} numActivities=1 lastActiveTime=36442467 supportsMultiWindow=true resizeMode=1 isResizeable=true minWidth=-1 minHeight=-1 defaultMinSize=220 token=WCT{RemoteToken{bbcc22f Task{dd7280a #1058 type=standard A=10343:com.solidimobileapp4test}}} topActivityType=1 pictureInPictureParams=null shouldDockBigOverlays=false launchIntoPipHostTaskId=-1 lastParentTaskIdBeforePip=-1 displayCutoutSafeInsets=Rect(0, 132 - 0, 0) topActivityInfo=ActivityInfo{1e3303c com.solidimobileapp4test.MainActivity} launchCookies=[] positionInParent=Point(0, 0) parentTaskId=-1 isFocused=false isVisible=false isVisibleRequested=false isTopActivityNoDisplay=false isSleeping=true locusId=null displayAreaFeatureId=1 isTopActivityTransparent=false isActivityStackTransparent=false lastNonFullscreenBounds=Rect(276, 694 - 804, 1774) capturedLink=null capturedLinkTimestamp=0 requestedVisibleTypes=-9 topActivityRequestOpenInBrowserEducationTimestamp=0 appCompatTaskInfo=AppCompatTaskInfo { topActivityInSizeCompat=false eligibleForLetterboxEducation= false isLetterboxEducationEnabled= false isLetterboxDoubleTapEnabled= false eligibleForUserAspectRatioButton= false topActivityBoundsLetterboxed= false isFromLetterboxDoubleTap= false topActivityLetterboxVerticalPosition= -1 topActivityLetterboxHorizontalPosition= -1 topActivityLetterboxWidth=-1 topActivityLetterboxHeight=-1 topActivityAppBounds=Rect(0, 0 - 1080, 2400) isUserFullscreenOverrideEnabled=false isSystemFullscreenOverrideEnabled=false hasMinAspectRatioOverride=false topActivityLetterboxBounds=null cameraCompatTaskInfo=CameraCompatTaskInfo { freeformCameraCompatMode=inactiveundefined} topNonResizableActivityAspectRatio=-1.0} topActivityMainWindowFrame=null isAppBubble=false}, pipChange = null, remoteTransition = null, displayChange = null, flags = 0, debugId = 353 }
12-02 19:38:45.933  1647  1717 V WindowManager:     startWCT=WindowContainerTransaction { changes= {} hops= [] errorCallbackToken=null taskFragmentOrganizer=null }
12-02 19:38:45.933  1647  1717 V WindowManager:     info={id=353 t=OPEN f=0x40 trk=0 r=[] c=[]}
12-02 19:38:45.934  1647  1717 V WindowManager: Finish Transition (#353): created at 12-02 19:38:45.232 collect-started=0.067ms request-sent=4.373ms started=9.271ms ready=601.59ms sent=698.52ms finished=701.934ms
12-02 19:38:45.935  2056  2079 V WindowManagerShell: Track 0 became idle
12-02 19:38:45.935  2056  2079 V WindowManagerShell: All active transition animations finished
12-02 19:38:45.940  1647  2007 I MR2ServiceImpl: Updating composite discovery preference | preference: RouteDiscoveryRequest{ preferredFeatures={}, activeScan=false }, active routers: []
12-02 19:38:45.941  1647  1717 D HintManagerService: Sent cleanup message for uid 10343
12-02 19:38:46.129 15561 15561 D ActivityThread: Package [com.solidimobileapp4test] reported as REPLACED, but missing application info. Assuming REMOVED.
12-02 19:38:46.130  1647  6366 D ActivityManager: sync unfroze 15561 com.google.android.as.oss:learning_bg for 6
12-02 19:38:46.131 15561 15561 D ActivityThread: Package [com.solidimobileapp4test] reported as REPLACED, but missing application info. Assuming REMOVED.
12-02 19:38:46.145  1647  2347 W JobScheduler: Job didn't exist in JobStore: 5566623 #u0a149/-280572046 com.google.android.as.oss/com.google.android.gms.learning.internal.training.InAppJobService
12-02 19:38:46.157  1647  2013 D BackgroundInstallControlService: Package event received: 0
12-02 19:38:46.179  1647  2347 W JobScheduler: Job didn't exist in JobStore: c4b0b95 #u0a149/-546068258 com.google.android.as.oss/com.google.android.gms.learning.internal.training.InAppJobService
12-02 19:38:46.196  1647  2347 D CoreBackPreview: Window{119d22b u0 PopupWindow:5c18a97}: Setting back callback OnBackInvokedCallbackInfo{mCallback=android.window.IOnBackInvokedCallback$Stub$Proxy@d970eff, mPriority=0, mIsAnimationCallback=false, mOverrideBehavior=0}
12-02 19:38:46.220  1647  1872 W JobScheduler: Job didn't exist in JobStore: e29f113 {androidx.work.systemjobscheduler} #u0a353/2844 #InsightWorker#@androidx.work.systemjobscheduler@com.simplecalculator.scientific.calculator.math/androidx.work.impl.background.systemjob.SystemJobService
12-02 19:38:46.260  1647  2013 D BackgroundInstallControlService: Package event received: 0
12-02 19:38:46.947  1647  1904 D HintManagerService: Starts cleaning for 10343
12-02 19:38:47.541  1647  1647 I RemoteContentProtectionService: Connection status for: ComponentInfo{com.google.android.odad/com.google.android.apps.miphone.odad.contentprotection.ContentProtectionService} changed to: disconnected
12-02 19:38:48.134  1647  5861 D ActivityManager: sync unfroze 18132 com.google.android.googlequicksearchbox:search for 6
12-02 19:38:48.139  1647  2013 D BackgroundInstallControlService: Package event received: 0
12-02 19:38:48.153 18132 18132 D ActivityThread: Package [com.solidimobileapp4test] reported as REPLACED, but missing application info. Assuming REMOVED.
12-02 19:38:48.154 18132 18132 D ActivityThread: Package [com.solidimobileapp4test] reported as REPLACED, but missing application info. Assuming REMOVED.
12-02 19:38:56.182  1647  1903 D ActivityManager: freezing 15561 com.google.android.as.oss:learning_bg
12-02 19:38:56.189  1647  1903 D ActivityManager: freezing 3811 com.google.android.as.oss
12-02 19:38:56.224  1647  1903 D ActivityManager: freezing 11730 com.simplecalculator.scientific.calculator.math
12-02 19:38:56.252  1647  1903 D ActivityManager: freezing 11171 com.android.chrome
12-02 19:38:56.257  1647  1903 D ActivityManager: freezing 12432 com.android.chrome:privileged_process0
12-02 19:38:56.267  1647  1903 D ActivityManager: freezing 16347 com.google.android.webview:sandboxed_process0:org.chromium.content.app.SandboxedProcessService0:0
12-02 19:38:57.545  1647  1903 D ActivityManager: freezing 18957 com.google.android.odad
12-02 19:38:57.638  1647  1903 D ActivityManager: freezing 7395 com.google.android.adservices.api
12-02 19:38:57.644  1647  1903 D ActivityManager: freezing 4413 com.google.android.youtube
12-02 19:38:57.951  1647  5871 W ProcessStats: Tracking association SourceState{93c53c9 com.solidimobileapp4test/10343 Top #50512} whose proc state 1 is better than process ProcessState{5c90e4c com.google.android.gms.persistent/10136 pkg=com.google.android.gms} proc state 2 (184 skipped)
12-02 19:38:59.252  1647  2013 D BackgroundInstallControlService: Package event received: 0
12-02 19:38:59.258  1647  5405 D ActivityManager: sync unfroze 440 com.google.android.apps.turbo for 6
12-02 19:38:59.261  1647  2013 D BackgroundInstallControlService: Package event received: 0
12-02 19:38:59.271   440   440 D ActivityThread: Package [com.solidimobileapp4test] reported as REPLACED, but missing application info. Assuming REMOVED.
12-02 19:38:59.272   440   440 D ActivityThread: Package [com.solidimobileapp4test] reported as REPLACED, but missing application info. Assuming REMOVED.
12-02 19:39:04.654  1647  1903 D ActivityManager: freezing 18923 com.google.android.permissioncontroller
12-02 19:39:11.415  1647  1903 D ActivityManager: freezing 12222 com.google.android.gms
12-02 19:39:11.425  1647  1903 D ActivityManager: freezing 22213 com.android.vending
12-02 19:39:11.435  1647  1903 D ActivityManager: freezing 29254 com.android.vending:background
12-02 19:39:15.825  1647  1903 D ActivityManager: freezing 31505 com.google.android.apps.messaging
12-02 19:39:21.987  1647  1903 D ActivityManager: freezing 19007 com.google.android.apps.wellbeing
12-02 19:39:24.281  1647  1903 D ActivityManager: freezing 18921 com.android.keychain
12-02 19:39:24.286  1647  1903 D ActivityManager: freezing 2472 com.android.settings
12-02 19:39:35.005  1647  2347 D CoreBackPreview: Window{119d22b u0 PopupWindow:5c18a97}: Setting back callback null
12-02 19:39:35.130  1647  2013 D BackgroundInstallControlService: Package event received: 0
12-02 19:39:35.134  1647  1692 D ActivityManager: sync unfroze 22213 com.android.vending for 6
12-02 19:39:35.137  1647  1692 D ActivityManager: sync unfroze 29254 com.android.vending:background for 6
12-02 19:39:35.138  1647  1692 W ProcessStats: Tracking association SourceState{1a037fa com.solidimobileapp4test/10343 Top #50539} whose proc state 1 is better than process ProcessState{11626ad com.android.vending/10146 pkg=com.android.vending} proc state 8 (14 skipped)
12-02 19:39:35.140  1647  1692 D CompatChangeReporter: Compat change id reported: 319471980; UID 10343; state: ENABLED
12-02 19:39:35.164  1647  2347 D BiometricService: canAuthenticate: User=0, Caller=0, Authenticators=15
12-02 19:39:35.165  1647  2347 D BiometricService/PreAuthInfo: Package: com.solidimobileapp4test Sensor ID: 0 Modality: 2 User id: 0 Status: 1
12-02 19:39:35.167  1647  2347 D BiometricService/PreAuthInfo: getCanAuthenticateInternal Modality: 2 AuthenticatorStatus: 1
12-02 19:39:35.167  1647  2347 D AuthService: canAuthenticate, userId: 0, callingUserId: 0, authenticators: 15, result: 0
12-02 19:39:37.609 22749 22942 W ResourcesManager: Found a null ResourcesImpl, skipped.
12-02 19:39:37.610 22749 22942 W ResourcesManager: Found a null ResourcesImpl, skipped.
12-02 19:39:37.628 22749 22942 V ResourcesManager: The following library key has been added: ResourcesKey{ mHash=cf8396e5 mResDir=null mSplitDirs=[] mOverlayDirs=[] mLibDirs=[/data/app/~~QoqaMvi3KasLyIZrA1r9GQ==/com.google.android.webview-JCbdpnquoq4Y3W58U4ni2g==/base.apk,/data/app/~~BIVPnmH7DWd_UksIbRF_pw==/com.google.android.trichromelibrary_744410233-4cJB9ey3XS-yINmjT5HNZQ==/base.apk,/system_ext/framework/androidx.window.extensions.jar] mDisplayId=0 mOverrideConfig=v36 mCompatInfo={420dpi always-compat} mLoaders=[]}
12-02 19:39:39.517  1647  1903 D ActivityManager: freezing 10576 com.google.android.gms.unstable
12-02 19:39:40.299   588 22944 W keystore2: system/security/keystore2/watchdog/src/lib.rs:142 - ### Keystore Watchdog report - BEGIN ###
12-02 19:39:40.299   588 22944 W keystore2: system/security/keystore2/watchdog/src/lib.rs:151 - When extracting from a bug report, please include this header
12-02 19:39:40.299   588 22944 W keystore2: system/security/keystore2/watchdog/src/lib.rs:152 - and all 2 records below.
12-02 19:39:40.299   588 22944 W keystore2: system/security/keystore2/watchdog/src/lib.rs:182 - ThreadId(189) IKeystoreSecurityLevel::generateKey Started: 12-02 19:39:35.298 UTC Pending: 5.001422772s Overdue 1.424156ms for r#STRONGBOX
12-02 19:39:40.300   588 22944 W keystore2: system/security/keystore2/watchdog/src/lib.rs:182 - ThreadId(189) KeystoreSecurityLevel::generate_key (No attestation key): calling IKeyMintDevice::generate_key Started: 12-02 19:39:35.298 UTC Pending: 5.001330569s Overdue 1.331098ms for r#STRONGBOX
12-02 19:39:40.300   588 22944 W keystore2: system/security/keystore2/watchdog/src/lib.rs:205 - ### Keystore Watchdog report - END ###
12-02 19:39:45.229  1647  1903 D ActivityManager: freezing 22213 com.android.vending
12-02 19:39:45.233  1647  1903 D ActivityManager: freezing 29254 com.android.vending:background
12-02 19:39:46.301   588 22944 W keystore2: system/security/keystore2/watchdog/src/lib.rs:142 - ### Keystore Watchdog report - BEGIN ###
12-02 19:39:46.302   588 22944 W keystore2: system/security/keystore2/watchdog/src/lib.rs:151 - When extracting from a bug report, please include this header
12-02 19:39:46.302   588 22944 W keystore2: system/security/keystore2/watchdog/src/lib.rs:152 - and all 2 records below.
12-02 19:39:46.302   588 22944 W keystore2: system/security/keystore2/watchdog/src/lib.rs:182 - ThreadId(189) IKeystoreSecurityLevel::generateKey Started: 12-02 19:39:35.298 UTC Pending: 11.003915248s Overdue 6.003917405s for r#STRONGBOX
12-02 19:39:46.302   588 22944 W keystore2: system/security/keystore2/watchdog/src/lib.rs:182 - ThreadId(189) KeystoreSecurityLevel::generate_key (No attestation key): calling IKeyMintDevice::generate_key Started: 12-02 19:39:35.298 UTC Pending: 11.003891729s Overdue 6.003892624s for r#STRONGBOX
12-02 19:39:46.302   588 22944 W keystore2: system/security/keystore2/watchdog/src/lib.rs:205 - ### Keystore Watchdog report - END ###
12-02 19:39:54.734  1647  1903 D ActivityManager: freezing 18944 com.google.android.euicc
12-02 19:39:57.303   588 22944 W keystore2: system/security/keystore2/watchdog/src/lib.rs:142 - ### Keystore Watchdog report - BEGIN ###
12-02 19:39:57.303   588 22944 W keystore2: system/security/keystore2/watchdog/src/lib.rs:151 - When extracting from a bug report, please include this header
12-02 19:39:57.303   588 22944 W keystore2: system/security/keystore2/watchdog/src/lib.rs:152 - and all 2 records below.
12-02 19:39:57.303   588 22944 W keystore2: system/security/keystore2/watchdog/src/lib.rs:182 - ThreadId(189) IKeystoreSecurityLevel::generateKey Started: 12-02 19:39:35.298 UTC Pending: 22.005216319s Overdue 17.005220022s for r#STRONGBOX
12-02 19:39:57.303   588 22944 W keystore2: system/security/keystore2/watchdog/src/lib.rs:182 - ThreadId(189) KeystoreSecurityLevel::generate_key (No attestation key): calling IKeyMintDevice::generate_key Started: 12-02 19:39:35.298 UTC Pending: 22.005212983s Overdue 17.00521396s for r#STRONGBOX
12-02 19:39:57.303   588 22944 W keystore2: system/security/keystore2/watchdog/src/lib.rs:205 - ### Keystore Watchdog report - END ###
12-02 19:40:00.324  1647  1731 D ActivityManager: sync unfroze 7395 com.google.android.adservices.api for 3
12-02 19:40:00.328  1647  1731 D ActivityManager: sync unfroze 4413 com.google.android.youtube for 3
12-02 19:40:00.369  1647  2013 D BackgroundInstallControlService: Package event received: 0
12-02 19:40:00.435  1647  5405 D ActivityManager: sync unfroze 12222 com.google.android.gms for 6
12-02 19:40:00.438  1647  5405 D ActivityManager: sync unfroze 22213 com.android.vending for 6
12-02 19:40:00.440  1647  5405 D ActivityManager: sync unfroze 29254 com.android.vending:background for 6
12-02 19:40:00.450  1647  5405 W ProcessStats: Tracking association SourceState{e67cfe2 com.android.vending/10146 ImpBg #50561} whose proc state 6 is better than process ProcessState{6f218f0 com.android.vending:background/10146 pkg=com.android.vending} proc state 14 (0 skipped)
12-02 19:40:00.919   588  7680 I keystore2: system/security/keystore2/watchdog/src/lib.rs:215 - Watchdog complete for: ThreadId(189) KeystoreSecurityLevel::generate_key (No attestation key): calling IKeyMintDevice::generate_key Started: 12-02 19:39:35.298 UTC Pending: 25.620530612s Overdue 20.620531222s for r#STRONGBOX
12-02 19:40:00.929   588  7680 I keystore2: system/security/keystore2/watchdog/src/lib.rs:215 - Watchdog complete for: ThreadId(189) IKeystoreSecurityLevel::generateKey Started: 12-02 19:39:35.298 UTC Pending: 25.63053586s Overdue 20.630537081s for r#STRONGBOX
12-02 19:40:01.048  1647  2013 D BackgroundInstallControlService: Package event received: 0
12-02 19:40:01.051  1647  1893 D ActivityManager: sync unfroze 3811 com.google.android.as.oss for 6
12-02 19:40:01.072  1647  1893 D ActivityManager: sync unfroze 11730 com.simplecalculator.scientific.calculator.math for 6
12-02 19:40:01.075  1647  1893 D ActivityManager: sync unfroze 16347 com.google.android.webview:sandboxed_process0:org.chromium.content.app.SandboxedProcessService0:0 for 6
12-02 19:40:01.077  1647  1893 D ActivityManager: sync unfroze 11171 com.android.chrome for 6
12-02 19:40:01.078  1647  1893 D ActivityManager: sync unfroze 12432 com.android.chrome:privileged_process0 for 6
12-02 19:40:01.098  1647  1893 W JobServiceContext: Sending onNetworkChanged for a job that isn't started. JobStatus{c7d26a1 #u0a149/-1679289975 com.google.android.as.oss/com.google.android.gms.learning.internal.training.InAppJobService u=0 s=10149 TIME=-3s108ms:none NET CHARGING PERSISTED READY}
12-02 19:40:01.103  1647  1872 W JobScheduler: Job didn't exist in JobStore: 495b91 {androidx.work.systemjobscheduler} #u0a353/2845 #InsightWorker#@androidx.work.systemjobscheduler@com.simplecalculator.scientific.calculator.math/androidx.work.impl.background.systemjob.SystemJobService
12-02 19:40:01.116  1647  1872 D ActivityManager: sync unfroze 15561 com.google.android.as.oss:learning_bg for 6
12-02 19:40:01.156  1647  2013 D BackgroundInstallControlService: Package event received: 0
12-02 19:40:01.172  1647  1647 V NotificationHistory: Attempted to add notif for locked/gone/disabled user 0
12-02 19:40:01.848  2056  2056 D InsetsController: Setting requestedVisibleTypes to -9 (was -11)
12-02 19:40:01.875  2056  2056 V DreamService[DozeService]: UpdateDoze mDozeScreenState=2 mDozeScreenBrightness=21 mDozeScreenBrightnessFloat=NaN
12-02 19:40:01.875  1647  5415 D DreamManagerService: Dream requested to start dozing: android.os.Binder@4a21c5a, screenState=ON, reason=UNKNOWN, screenBrightnessFloat=NaN, screenBrightnessInt=21, useNormalBrightnessForDoze=false
12-02 19:40:01.878  1647  1773 I DisplayPowerController[0]: Blocking screen on until initial contents have been drawn.
12-02 19:40:01.880  1647  1773 D WindowManager: Remove SleepToken: tag=Display-off, displayId=0
12-02 19:40:01.885  1647  1773 I DisplayPowerController: Window Manager Policy screenTurningOn complete
12-02 19:40:01.885  1647  1773 I DisplayBrightnessStrategySelector: Changing the DisplayBrightnessStrategy from ScreenOffBrightnessStrategy to DozeBrightnessStrategy for display 0
12-02 19:40:01.886  1647  2007 I MR2ServiceImpl: Updating composite discovery preference | preference: RouteDiscoveryRequest{ preferredFeatures={}, activeScan=false }, active routers: []
12-02 19:40:01.886  1647  1773 V DisplayPowerController[0]: Brightness [0.07874016] reason changing to: 'doze', previous reason: 'screen_off'.
12-02 19:40:01.886  1647  1773 I DisplayPowerController[0]: BrightnessEvent: brt=0.07874016(60.0%), nits=65.30616, lux=-1.0, reason=doze, strat=DozeBrightnessStrategy, state=ON, stateReason=UNKNOWN, policy=DOZE, flags=, initBrt=0.0, rcmdBrt=NaN, preBrt=NaN, preLux=0.0, wasShortTermModelActive=false, autoBrightness=true (default), unclampedBrt=0.07874016, hbmMax=0.62, hbmMode=off, thrmMax=1.0, rbcStrength=50, powerFactor=1.0, physDisp=Built-in Screen(local:4619827677550801152), logicalId=0, slowChange=false, rampSpeed=0.0
12-02 19:40:01.887  2056  2288 V DreamService[DozeService]: UpdateDoze mDozeScreenState=2 mDozeScreenBrightness=16 mDozeScreenBrightnessFloat=NaN
12-02 19:40:01.887  1647  2352 D DreamManagerService: Dream requested to start dozing: android.os.Binder@4a21c5a, screenState=ON, reason=UNKNOWN, screenBrightnessFloat=NaN, screenBrightnessInt=16, useNormalBrightnessForDoze=false
12-02 19:40:01.888  1647  1720 I DisplayDeviceRepository: Display device changed state: "Built-in Screen", ON
