12-02 19:40:01.889  1647  1773 I DisplayPowerController[0]: BrightnessEvent: brt=0.05905512(53.0%), nits=49.46959, lux=-1.0, reason=doze, strat=DozeBrightnessStrategy, state=ON, stateReason=UNKNOWN, policy=DOZE, flags=, initBrt=0.07874016, rcmdBrt=NaN, preBrt=NaN, preLux=0.0, wasShortTermModelActive=false, autoBrightness=true (default), unclampedBrt=0.05905512, hbmMax=0.62, hbmMode=off, thrmMax=1.0, rbcStrength=50, powerFactor=1.0, physDisp=Built-in Screen(local:4619827677550801152), logicalId=0, slowChange=false, rampSpeed=0.0
12-02 19:40:01.891  1647  1773 D BrightnessThermalClamper: Thermal status observer already started
12-02 19:40:01.893  1647  1718 D WindowManager: DeferredDisplayUpdater: partially applying DisplayInfo(1080 x 2400) immediately
12-02 19:40:01.894  1647  1718 I DisplayDevice: [0] Layerstack set to 0 for local:4619827677550801152
12-02 19:40:01.936  1647  1773 I DisplayPowerController[0]: Unblocked screen on after 59 ms
12-02 19:40:02.071  1647  2026 I LocalDisplayAdapter: SF.setDisplayPowerMode took 184ms
12-02 19:40:02.226  1647  1731 D ActivityManager: sync unfroze 16929 com.whatsapp.w4b for 3
12-02 19:40:02.227 16929 16929 D ActivityThread: Package [com.solidimobileapp4test] reported as REPLACED, but missing application info. Assuming REMOVED.
12-02 19:40:02.228 16929 16929 D ActivityThread: Package [com.solidimobileapp4test] reported as REPLACED, but missing application info. Assuming REMOVED.
12-02 19:40:02.315  1647  2013 D BackgroundInstallControlService: Package event received: 0
12-02 19:40:02.345  1647  2013 D BackgroundInstallControlService: Package event received: 0
12-02 19:40:02.390  1647  2333 I ActivityManager: Background started FGS: Allowed [callingPackage: com.whatsapp.w4b; callingUid: 10327; uidState: SVC ; uidBFSL: n/a; intent: Intent { xflg=0x4 cmp=com.whatsapp.w4b/com.whatsapp.messaging.service.GcmFGService }; code:PUSH_MESSAGING; tempAllowListReason:<830eef8 com.google.android.c2dm.intent.RECEIVE/u0,reasonCode:PUSH_MESSAGING,duration:20000,callingUid:10136>; allowWiu:-1; targetSdkVersion:35; callerTargetSdkVersion:35; startForegroundCount:0; bindFromPackage:null: isBindService:false]
12-02 19:40:02.428  1647  2333 W ActivityManager: Foreground service started from background can not have location/camera/microphone access: service com.whatsapp.w4b/com.whatsapp.messaging.service.GcmFGService
12-02 19:40:02.428  1647  2333 I ActivityManager: Background started FGS: Allowed [callingPackage: com.whatsapp.w4b; callingUid: 10327; uidState: FGS ; uidBFSL: [BFSL]; intent: Intent { cmp=com.whatsapp.w4b/com.whatsapp.messaging.service.GcmFGService }; code:PROC_STATE_FGS; tempAllowListReason:<830eef8 com.google.android.c2dm.intent.RECEIVE/u0,reasonCode:PUSH_MESSAGING,duration:20000,callingUid:10136>; allowWiu:-1; targetSdkVersion:35; callerTargetSdkVersion:35; startForegroundCount:0; bindFromPackage:null: isBindService:false]
12-02 19:40:02.430  1647  2333 W ForegroundServiceTypeLoggerModule: Foreground service start for UID: 10327 does not have any types
12-02 19:40:02.431  1647  2013 D BackgroundInstallControlService: Package event received: 0
12-02 19:40:02.437  1647  2013 D BackgroundInstallControlService: Package event received: 0
12-02 19:40:04.032  1647  1903 D ActivityManager: freezing 18132 com.google.android.googlequicksearchbox:search
12-02 19:40:06.113  1647  2013 D BackgroundInstallControlService: Package event received: 0
12-02 19:40:06.164  1647  5823 D ActivityManager: Stop FGS timeout: ServiceRecord{341023c u0 com.whatsapp.w4b/com.whatsapp.messaging.service.GcmFGService c:com.whatsapp.w4b}
12-02 19:40:06.169  1647  5823 W ForegroundServiceTypeLoggerModule: FGS stop call for: 10327 has no types!
12-02 19:40:06.170  1647  2013 D BackgroundInstallControlService: Package event received: 0
12-02 19:40:07.540  2056  2056 V DreamService[DozeService]: UpdateDoze mDozeScreenState=1 mDozeScreenBrightness=16 mDozeScreenBrightnessFloat=NaN
12-02 19:40:07.540  2056  2288 V DreamService[DozeService]: UpdateDoze mDozeScreenState=1 mDozeScreenBrightness=21 mDozeScreenBrightnessFloat=NaN
12-02 19:40:07.540  1647  5823 D DreamManagerService: Dream requested to start dozing: android.os.Binder@4a21c5a, screenState=OFF, reason=UNKNOWN, screenBrightnessFloat=NaN, screenBrightnessInt=16, useNormalBrightnessForDoze=false
12-02 19:40:07.541  1647  5823 D DreamManagerService: Dream requested to start dozing: android.os.Binder@4a21c5a, screenState=OFF, reason=UNKNOWN, screenBrightnessFloat=NaN, screenBrightnessInt=21, useNormalBrightnessForDoze=false
12-02 19:40:07.542  2056  2056 D InsetsController: Setting requestedVisibleTypes to -11 (was -9)
12-02 19:40:07.542  1647  1773 I DisplayPowerController[0]: Blocking screen off
12-02 19:40:07.543  1647  1773 D WindowManager: Create SleepToken: tag=Display-off, displayId=0
12-02 19:40:07.546  1647  1773 I DisplayPowerController[0]: BrightnessEvent: brt=0.07874016(60.0%), nits=65.30616, lux=-1.0, reason=doze, strat=DozeBrightnessStrategy, state=ON, stateReason=UNKNOWN, policy=DOZE, flags=, initBrt=0.05905512, rcmdBrt=NaN, preBrt=NaN, preLux=0.0, wasShortTermModelActive=false, autoBrightness=true (default), unclampedBrt=0.07874016, hbmMax=0.62, hbmMode=off, thrmMax=1.0, rbcStrength=50, powerFactor=1.0, physDisp=Built-in Screen(local:4619827677550801152), logicalId=0, slowChange=false, rampSpeed=0.0
12-02 19:40:07.547  1647  1773 I DisplayPowerController[0]: Unblocked screen off after 4 ms
12-02 19:40:07.550  1647  1773 I DisplayBrightnessStrategySelector: Changing the DisplayBrightnessStrategy from DozeBrightnessStrategy to ScreenOffBrightnessStrategy for display 0
12-02 19:40:07.551  1647  1773 V DisplayPowerController[0]: Brightness [0.0] reason changing to: 'screen_off', previous reason: 'doze'.
12-02 19:40:07.551  1647  1773 I DisplayPowerController[0]: BrightnessEvent: brt=0.0(0.0%), nits=2.0, lux=-1.0, reason=screen_off, strat=ScreenOffBrightnessStrategy, state=OFF, stateReason=UNKNOWN, policy=DOZE, flags=, initBrt=0.07874016, rcmdBrt=NaN, preBrt=NaN, preLux=0.0, wasShortTermModelActive=false, autoBrightness=true (default), unclampedBrt=-1.0, hbmMax=0.62, hbmMode=off, thrmMax=1.0, rbcStrength=50, powerFactor=1.0, physDisp=Built-in Screen(local:4619827677550801152), logicalId=0, slowChange=false, rampSpeed=0.0
12-02 19:40:07.554  1647  1720 I DisplayDeviceRepository: Display device changed state: "Built-in Screen", OFF
12-02 19:40:07.555  1647  1773 D BrightnessThermalClamper: Thermal status observer already started
12-02 19:40:07.556  1647  1718 D WindowManager: DeferredDisplayUpdater: partially applying DisplayInfo(1080 x 2400) immediately
12-02 19:40:07.557  1647  1718 I DisplayDevice: [0] Layerstack set to -1 for local:4619827677550801152
12-02 19:40:07.678  1647  2026 I LocalDisplayAdapter: SF.setDisplayPowerMode took 127ms
12-02 19:40:09.339  1647  2013 D BackgroundInstallControlService: Package event received: 0
12-02 19:40:09.343  1647  2013 D BackgroundInstallControlService: Package event received: 0
12-02 19:40:11.137  1647  1903 D ActivityManager: freezing 11730 com.simplecalculator.scientific.calculator.math
12-02 19:40:11.174  1647  1903 D ActivityManager: freezing 11171 com.android.chrome
12-02 19:40:11.190  1647  1903 D ActivityManager: freezing 12432 com.android.chrome:privileged_process0
12-02 19:40:11.429   588 22944 I keystore2: system/security/keystore2/watchdog/src/lib.rs:371 - Watchdog thread idle -> terminating. Have a great day.
12-02 19:40:23.939  1647  1893 D ActivityManager: sync unfroze 18132 com.google.android.googlequicksearchbox:search for 6
12-02 19:40:23.956  1647  5823 W ProcessStats: Tracking association SourceState{3d2183 system/1000 ImpBg #50637} whose proc state 6 is better than process ProcessState{2be5958 com.google.android.googlequicksearchbox:search/10171 pkg=com.google.android.googlequicksearchbox} proc state 14 (13 skipped)
12-02 19:40:23.973  1647  2333 W JobScheduler: Job didn't exist in JobStore: 6a48bdd #u0a149/-1371219540 com.google.android.as.oss/com.google.android.gms.learning.internal.training.InAppJobService
12-02 19:40:23.995  1647  2300 W JobScheduler: Job didn't exist in JobStore: c7d26a1 #u0a149/-1679289975 com.google.android.as.oss/com.google.android.gms.learning.internal.training.InAppJobService
12-02 19:40:24.021  1647  2300 D ActivityManager: sync unfroze 5886 com.google.android.googlequicksearchbox:googleapp for 6
12-02 19:40:24.023  1647  2300 D ActivityManager: sync unfroze 8804 com.google.android.webview:sandboxed_process0:org.chromium.content.app.SandboxedProcessService0:0 for 6
12-02 19:40:24.033  8804  8804 D ActivityThread: Package [com.solidimobileapp4test] reported as REPLACED, but missing application info. Assuming REMOVED.
12-02 19:40:24.034  8804  8804 D ActivityThread: Package [com.solidimobileapp4test] reported as REPLACED, but missing application info. Assuming REMOVED.
12-02 19:40:24.143  5886  5886 D ActivityThread: Package [com.solidimobileapp4test] reported as REPLACED, but missing application info. Assuming REMOVED.
12-02 19:40:24.145  5886  5886 D ActivityThread: Package [com.solidimobileapp4test] reported as REPLACED, but missing application info. Assuming REMOVED.
12-02 19:40:24.430  1647  5823 W JobScheduler: Job didn't exist in JobStore: 6c3c3a6 {androidx.work.systemjobscheduler} #u0a171/5770 @androidx.work.systemjobscheduler@com.google.android.googlequicksearchbox/androidx.work.impl.background.systemjob.SystemJobService
12-02 19:40:25.706  1647  1903 D ActivityManager: freezing 12222 com.google.android.gms
12-02 19:40:25.717  1647  1903 D ActivityManager: freezing 22213 com.android.vending
12-02 19:40:25.727  1647  1903 D ActivityManager: freezing 29254 com.android.vending:background
12-02 19:40:28.887  1011  1011 I vendor.google.wifi_ext-service-vendor: Wifi: Setting SAR Scenario to 3
12-02 19:40:30.359  1647  1903 D ActivityManager: freezing 4413 com.google.android.youtube
12-02 19:40:30.360  1647  1903 D ActivityManager: Reschedule freeze for process 4413 com.google.android.youtube (outstanding txns), timeout=2719
12-02 19:40:33.096  1647  1903 D ActivityManager: freezing 4413 com.google.android.youtube
12-02 19:40:33.994  1647  1903 D ActivityManager: freezing 15561 com.google.android.as.oss:learning_bg
12-02 19:40:33.997  1647  1903 D ActivityManager: freezing 3811 com.google.android.as.oss
12-02 19:40:34.440  1647  1903 D ActivityManager: freezing 5886 com.google.android.googlequicksearchbox:googleapp
12-02 19:40:34.452  1647  1903 D ActivityManager: freezing 18132 com.google.android.googlequicksearchbox:search
12-02 19:40:34.458  1647  1903 D ActivityManager: freezing 7395 com.google.android.adservices.api
12-02 19:40:34.464  1647  1903 D ActivityManager: freezing 8804 com.google.android.webview:sandboxed_process0:org.chromium.content.app.SandboxedProcessService0:0
12-02 19:40:55.709  1647  1892 I UsageStatsService: User[0] Flushing usage stats to disk
12-02 19:40:55.897  1647  2013 D BackgroundInstallControlService: Package event received: 0
12-02 19:41:01.842  1647  2013 D BackgroundInstallControlService: Package event received: 0
12-02 19:41:01.882  1647  6366 D ActivityManager: sync unfroze 12222 com.google.android.gms for 4
12-02 19:41:01.883  1647  2013 D BackgroundInstallControlService: Package event received: 0
12-02 19:41:01.893  1647  6366 D ActivityManager: sync unfroze 22213 com.android.vending for 4
12-02 19:41:01.894  1647  2013 D BackgroundInstallControlService: Package event received: 0
12-02 19:41:01.896  1647  6366 D ActivityManager: sync unfroze 29254 com.android.vending:background for 4
12-02 19:41:01.905  1647  5415 W ProcessStats: Tracking association SourceState{9bb76db com.google.android.gms.persistent/10136 BFgs #50663} whose proc state 4 is better than process ProcessState{4257bf0 com.google.android.gms/10136 pkg=com.google.android.gms} proc state 14 (8 skipped)
12-02 19:41:04.964  1011  1075 I vendor.google.wifi_ext-service-vendor: Wifi: Resetting SAR Scenario to default
12-02 19:41:26.995  1647  1903 D ActivityManager: freezing 12222 com.google.android.gms
12-02 19:41:27.005  1647  1903 D ActivityManager: freezing 22213 com.android.vending
12-02 19:41:27.018  1647  1903 D ActivityManager: freezing 29254 com.android.vending:background
12-02 19:41:28.559  1647  1903 D ActivityManager: freezing 16929 com.whatsapp.w4b
12-02 19:41:42.299  1647  2013 D BackgroundInstallControlService: Package event received: 0
12-02 19:41:44.242  1647  1778 W PackageManager: Not removing package com.google.android.trichromelibrary hosting lib com.google.android.trichromelibrary version 744410233 used by [VersionedPackage[com.google.android.webview/744410233]] for user 0
12-02 19:41:44.243  1647  1778 W PackageManager: Not removing package com.google.android.trichromelibrary hosting lib com.google.android.trichromelibrary version 744417133 used by [VersionedPackage[com.android.chrome/744417133]] for user 0
12-02 19:41:49.459  1647  2013 D BackgroundInstallControlService: Package event received: 0
12-02 19:41:49.462  1647  2013 D BackgroundInstallControlService: Package event received: 0
12-02 19:42:34.918  1647  1731 D ActivityManager: sync unfroze 16929 com.whatsapp.w4b for 3
12-02 19:42:34.926  1647  2013 D BackgroundInstallControlService: Package event received: 0
12-02 19:42:34.940  1647  1731 D ActivityManager: sync unfroze 29254 com.android.vending:background for 3
12-02 19:42:34.943  1647  1731 D ActivityManager: sync unfroze 22213 com.android.vending for 3
12-02 19:42:34.946  1647  1731 D ActivityManager: sync unfroze 4267 org.thoughtcrime.securesms for 3
12-02 19:42:34.950  1647  2347 W ActivityManager: Background start not allowed: service Intent { act=com.whatsapp.messageservice.messaging.MessageService.START xflg=0x4 cmp=com.whatsapp.w4b/com.whatsapp.messageservice.messaging.MessageService } to com.whatsapp.w4b/com.whatsapp.messageservice.messaging.MessageService from pid=16929 uid=10327 pkg=com.whatsapp.w4b startFg?=false
12-02 19:42:34.951  1647  5861 E ActivityManager: Background started FGS: Disallowed [callingPackage: com.whatsapp.w4b; callingUid: 10327; uidState: RCVR; uidBFSL: n/a; intent: Intent { xflg=0x4 cmp=com.whatsapp.w4b/com.whatsapp.messaging.service.GcmFGService }; code:DENIED; tempAllowListReason:<null>; allowWiu:-1; targetSdkVersion:35; callerTargetSdkVersion:35; startForegroundCount:0; bindFromPackage:null: isBindService:false]
12-02 19:42:34.951  1647  5861 W ActivityManager: startForegroundService() not allowed due to mAllowStartForeground false: service com.whatsapp.w4b/com.whatsapp.messaging.service.GcmFGService
12-02 19:42:34.960  4267  4267 D ActivityThread: Package [com.solidimobileapp4test] reported as REPLACED, but missing application info. Assuming REMOVED.
12-02 19:42:34.965  4267  4267 D ActivityThread: Package [com.solidimobileapp4test] reported as REPLACED, but missing application info. Assuming REMOVED.
12-02 19:42:35.015  1647  2013 D BackgroundInstallControlService: Package event received: 0
12-02 19:42:35.774  1647  5415 W ActivityManager: Background start not allowed: service Intent { act=com.whatsapp.messageservice.messaging.MessageService.START xflg=0x4 cmp=com.whatsapp.w4b/com.whatsapp.messageservice.messaging.MessageService } to com.whatsapp.w4b/com.whatsapp.messageservice.messaging.MessageService from pid=16929 uid=10327 pkg=com.whatsapp.w4b startFg?=false
12-02 19:42:37.752  1647  1730 W NotificationHistory: Attempted to remove conversation for locked/gone/disabled user 0
12-02 19:42:37.757  1647  6366 E ShortcutService: Invalid icon type in shortcut 212802862117019@lid. Bitmaps are not allowed in long-lived shortcuts. Use Resource icons, or Uri-based icons instead.
12-02 19:42:38.552  1647  2013 D BackgroundInstallControlService: Package event received: 0
12-02 19:42:38.693  1647  2013 D BackgroundInstallControlService: Package event received: 0
12-02 19:42:38.806  1647  1647 W NotificationService: Removed summary didn't match old notification: old=0|com.whatsapp.w4b|1|null|10327, removed=0|com.whatsapp.w4b|1|null|10327
12-02 19:42:47.690  1647  1903 D ActivityManager: freezing 4267 org.thoughtcrime.securesms
12-02 19:42:49.521  1647  1903 D ActivityManager: freezing 440 com.google.android.apps.turbo
12-02 19:43:16.378  1647  1903 D ActivityManager: freezing 16929 com.whatsapp.w4b
12-02 19:43:19.591  1647  2013 D BackgroundInstallControlService: Package event received: 0
12-02 19:43:19.604  1647  5861 D ActivityManager: sync unfroze 440 com.google.android.apps.turbo for 6
12-02 19:43:19.605  1647  2013 D BackgroundInstallControlService: Package event received: 0
12-02 19:43:19.617  1647  2300 W ProcessStats: Tracking association SourceState{9115b2c com.google.android.pixelsystemservice/10241 ImpFg #50731} whose proc state 5 is better than process ProcessState{494b3a4 com.google.android.apps.turbo/10131 pkg=com.google.android.apps.turbo} proc state 14 (9 skipped)
12-02 19:43:31.003  1647  1893 D ActivityManager: sync unfroze 4927 com.facebook.katana for 6
12-02 19:43:31.050  1647  1893 D ActivityManager: sync unfroze 18132 com.google.android.googlequicksearchbox:search for 6
12-02 19:43:31.057  1647  1893 D ActivityManager: sync unfroze 3811 com.google.android.as.oss for 6
12-02 19:43:31.065  1647  5861 W ProcessStats: Tracking association SourceState{3d2183 system/1000 ImpBg #50740} whose proc state 6 is better than process ProcessState{2be5958 com.google.android.googlequicksearchbox:search/10171 pkg=com.google.android.googlequicksearchbox} proc state 14 (0 skipped)
12-02 19:43:31.080  1647  1893 D ActivityManager: sync unfroze 9155 bbc.mobile.news.uk for 6
12-02 19:43:31.080  1647  1893 D ActivityManager: sync unfroze 9246 com.google.android.webview:sandboxed_process0:org.chromium.content.app.SandboxedProcessService0:0 for 6
12-02 19:43:31.081  9246  9246 D ActivityThread: Package [com.solidimobileapp4test] reported as REPLACED, but missing application info. Assuming REMOVED.
12-02 19:43:31.083  9246  9246 D ActivityThread: Package [com.solidimobileapp4test] reported as REPLACED, but missing application info. Assuming REMOVED.
12-02 19:43:31.096  1647  1893 D ActivityManager: sync unfroze 11548 com.linkedin.android for 6
12-02 19:43:31.138  1647  1893 D ActivityManager: sync unfroze 7395 com.google.android.adservices.api for 6
12-02 19:43:31.159  1647  1893 D ActivityManager: sync unfroze 11730 com.simplecalculator.scientific.calculator.math for 6
12-02 19:43:31.161  1647  1893 D ActivityManager: sync unfroze 11171 com.android.chrome for 6
12-02 19:43:31.162  1647  1893 D ActivityManager: sync unfroze 12432 com.android.chrome:privileged_process0 for 6
12-02 19:43:31.178  9155  9155 D ActivityThread: Package [com.solidimobileapp4test] reported as REPLACED, but missing application info. Assuming REMOVED.
12-02 19:43:31.183  9155  9155 D ActivityThread: Package [com.solidimobileapp4test] reported as REPLACED, but missing application info. Assuming REMOVED.
12-02 19:43:31.188  1647  1647 W Looper  : Slow dispatch took 134ms main app=system_server main=true group=FOREGROUND h=android.app.ActivityThread$H c=android.app.LoadedApk$ServiceDispatcher$RunConnection@667ca2b m=0
12-02 19:43:31.190  1647  1893 W JobServiceContext: Sending onNetworkChanged for a job that isn't started. JobStatus{4b82717 androidx.work.systemjobscheduler:u0a350/315 @androidx.work.systemjobscheduler@com.facebook.katana/androidx.work.impl.background.systemjob.SystemJobService u=0 s=10350 TIME=-2m1s16ms:none NET READY}
12-02 19:43:31.191  1647  1893 W JobServiceContext: Sending onNetworkChanged for a job that isn't started. JobStatus{de5968f #u0a149/-2127835104 com.google.android.as.oss/com.google.android.gms.learning.internal.training.InAppJobService u=0 s=10149 TIME=-43s76ms:none NET CHARGING PERSISTED READY}
12-02 19:43:31.191  1647  1893 W JobServiceContext: Sending onNetworkChanged for a job that isn't started. JobStatus{afa5720 #u0a149/-1458638241 com.google.android.as.oss/com.google.android.gms.learning.internal.training.InAppJobService u=0 s=10149 TIME=-1m26s868ms:none NET CHARGING PERSISTED READY}
12-02 19:43:31.192  1647  1893 W JobServiceContext: Sending onNetworkChanged for a job that isn't started. JobStatus{4233905 androidx.work.systemjobscheduler:u0a341/653 @androidx.work.systemjobscheduler@bbc.mobile.news.uk/androidx.work.impl.background.systemjob.SystemJobService u=0 s=10341 TIME=-41s928ms:none NET READY}
12-02 19:43:31.192  1647  1893 W JobServiceContext: Sending onNetworkChanged for a job that isn't started. JobStatus{8a483bd #u0a288/-2147483575 com.linkedin.android/androidx.work.impl.background.systemjob.SystemJobService u=0 s=10288 TIME=-40s897ms:none NET READY}
12-02 19:43:31.192  1647  1893 W JobServiceContext: Sending onNetworkChanged for a job that isn't started. JobStatus{3e31f14 #u0a288/-2147483574 com.linkedin.android/androidx.work.impl.background.systemjob.SystemJobService u=0 s=10288 TIME=-40s938ms:none NET READY}
12-02 19:43:31.194 11548 11548 D ActivityThread: Package [com.solidimobileapp4test] reported as REPLACED, but missing application info. Assuming REMOVED.
12-02 19:43:31.195 11548 11548 D ActivityThread: Package [com.solidimobileapp4test] reported as REPLACED, but missing application info. Assuming REMOVED.
12-02 19:43:31.239  1647  6366 D ActivityManager: sync unfroze 15561 com.google.android.as.oss:learning_bg for 6
12-02 19:43:31.256  1647  2352 W JobScheduler: Job didn't exist in JobStore: c184a15 {androidx.work.systemjobscheduler} #u0a353/2846 #InsightWorker#@androidx.work.systemjobscheduler@com.simplecalculator.scientific.calculator.math/androidx.work.impl.background.systemjob.SystemJobService
12-02 19:43:31.258  4927  4927 D ActivityThread: Package [com.solidimobileapp4test] reported as REPLACED, but missing application info. Assuming REMOVED.
12-02 19:43:31.259  4927  4927 D ActivityThread: Package [com.solidimobileapp4test] reported as REPLACED, but missing application info. Assuming REMOVED.
12-02 19:43:31.261  4927  4927 D ActivityThread: Package [com.solidimobileapp4test] reported as REPLACED, but missing application info. Assuming REMOVED.
12-02 19:43:31.264  4927  4927 D ActivityThread: Package [com.solidimobileapp4test] reported as REPLACED, but missing application info. Assuming REMOVED.
12-02 19:43:31.276  1647  6366 W JobScheduler: Job didn't exist in JobStore: afa5720 #u0a149/-1458638241 com.google.android.as.oss/com.google.android.gms.learning.internal.training.InAppJobService
12-02 19:43:31.298  1647  2352 W JobScheduler: Job didn't exist in JobStore: de5968f #u0a149/-2127835104 com.google.android.as.oss/com.google.android.gms.learning.internal.training.InAppJobService
12-02 19:43:31.487  1647  5405 W JobScheduler: Job didn't exist in JobStore: 4233905 {androidx.work.systemjobscheduler} #u0a341/653 @androidx.work.systemjobscheduler@bbc.mobile.news.uk/androidx.work.impl.background.systemjob.SystemJobService
12-02 19:43:32.483  1647  2300 W JobScheduler: Job didn't exist in JobStore: 3e31f14 #u0a288/-2147483574 com.linkedin.android/androidx.work.impl.background.systemjob.SystemJobService
12-02 19:43:41.310  1647  1903 D ActivityManager: freezing 7395 com.google.android.adservices.api
12-02 19:43:41.318  1647  1903 D ActivityManager: freezing 11730 com.simplecalculator.scientific.calculator.math
12-02 19:43:41.340  1647  1903 D ActivityManager: freezing 11171 com.android.chrome
12-02 19:43:41.346  1647  1903 D ActivityManager: freezing 12432 com.android.chrome:privileged_process0
12-02 19:43:41.351  1647  1903 D ActivityManager: freezing 15561 com.google.android.as.oss:learning_bg
12-02 19:43:41.357  1647  1903 D ActivityManager: freezing 3811 com.google.android.as.oss
12-02 19:43:41.436  1647  1903 D ActivityManager: freezing 18132 com.google.android.googlequicksearchbox:search
12-02 19:43:41.491  1647  1903 D ActivityManager: freezing 9155 bbc.mobile.news.uk
12-02 19:43:41.497  1647  1903 D ActivityManager: freezing 9246 com.google.android.webview:sandboxed_process0:org.chromium.content.app.SandboxedProcessService0:0
12-02 19:43:41.550  1647  1903 D ActivityManager: freezing 4927 com.facebook.katana
12-02 19:43:42.528  1647  1903 D ActivityManager: freezing 11548 com.linkedin.android
12-02 19:43:59.687  1647  1903 D ActivityManager: freezing 440 com.google.android.apps.turbo
12-02 19:44:09.663  1647  2013 D BackgroundInstallControlService: Package event received: 0
12-02 19:44:09.675  1647  2352 D ActivityManager: sync unfroze 440 com.google.android.apps.turbo for 6
12-02 19:44:09.676  1647  2013 D BackgroundInstallControlService: Package event received: 0
12-02 19:44:09.685  1647  2352 W ProcessStats: Tracking association SourceState{9115b2c com.google.android.pixelsystemservice/10241 ImpFg #50773} whose proc state 5 is better than process ProcessState{494b3a4 com.google.android.apps.turbo/10131 pkg=com.google.android.apps.turbo} proc state 14 (13 skipped)
12-02 19:44:14.652  1647  2347 I ActivityManager: Force stopping com.solidimobileapp4test appid=10343 user=0: from pid 23507
12-02 19:44:14.654  1647  2347 I ActivityManager: Killing 22749:com.solidimobileapp4test/u0a343 (adj 0): stop com.solidimobileapp4test due to from pid 23507
12-02 19:44:14.655  1647  1717 D HintManagerService: Uid gone for 10343
12-02 19:44:14.656  1647  2347 W ActivityTaskManager: Force removing ActivityRecord{236477356 u0 com.solidimobileapp4test/.MainActivity t1058 f}}: app died, no saved state
12-02 19:44:14.656  1647  2347 E TransitionChain: Can't collect into a chain with no transition
12-02 19:44:14.656  1647  2347 E TransitionChain: Can't collect into a chain with no transition
12-02 19:44:14.658  1647  1892 W UsageStatsService: Unexpected activity event reported! (com.solidimobileapp4test/com.solidimobileapp4test.MainActivity event : 23 instanceId : 76236923)
12-02 19:44:14.672  1647  2007 I MR2ServiceImpl: Updating composite discovery preference | preference: RouteDiscoveryRequest{ preferredFeatures={}, activeScan=false }, active routers: []
12-02 19:44:14.673  1647  2347 I AppsFilter: interaction: PackageSetting{c94e02a com.google.android.microdroid.empty_payload/10261} -> PackageSetting{a6adbf4 com.solidimobileapp4test/10343} BLOCKED
12-02 19:44:14.678  1647  2013 D BackgroundInstallControlService: Package event received: 0
12-02 19:44:14.697  1647  2013 D BackgroundInstallControlService: Package event received: 0
12-02 19:44:14.697  1647  1728 D ActivityManager: sync unfroze 18944 com.google.android.euicc for 6
12-02 19:44:14.701  1647  2013 D BackgroundInstallControlService: Package event received: 0
12-02 19:44:14.706  1647  1925 W InputMethodManagerService: Skipping input method com.UCMobile.intl/com.alv.foun.service.PhoenixService: it does not require the permission android.permission.BIND_INPUT_METHOD
12-02 19:44:14.822  1647  2352 V ActivityManager: Got obituary of 22749:com.solidimobileapp4test
12-02 19:44:14.824  1647  1720 W ActivityManager: setHasOverlayUi called on unknown pid: 22749
12-02 19:44:15.763  1647  2333 W ActivityTaskManager: callingPackage for (uid=2000, pid=23518) has no WPC
12-02 19:44:15.764  1647  2333 V WindowManager: DesktopModeLaunchParamsModifier: phase= 0 task=null activity=null desktop mode is not enabled, skipping
12-02 19:44:15.764  1647  2333 V WindowManager: TaskLaunchParamsModifier:phase=0 task=null activity=null display-area-from-current-params=null display-area-from-default-fallback=DefaultTaskDisplayArea@122611589 display-id=0 task-display-area-windowing-mode=1 suggested-display-area=DefaultTaskDisplayArea@122611589
12-02 19:44:15.765  1647  2333 W OptProp : Cannot read opt property android.window.PROPERTY_COMPAT_ALLOW_RESIZEABLE_ACTIVITY_OVERRIDES
12-02 19:44:15.765  1647  2333 W OptProp : Cannot read opt property android.window.PROPERTY_COMPAT_ALLOW_MIN_ASPECT_RATIO_OVERRIDE
12-02 19:44:15.766  1647  2333 V WindowManager: DesktopModeLaunchParamsModifier: phase= 0 task=null activity=ActivityRecord{26121640 u0 com.solidimobileapp4test/.MainActivity desktop mode is not enabled, skipping
12-02 19:44:15.766  1647  2333 V WindowManager: TaskLaunchParamsModifier:phase=0 task=null activity=ActivityRecord{26121640 u0 com.solidimobileapp4test/.MainActivity t-1} display-area-from-current-params=null display-area-from-default-fallback=DefaultTaskDisplayArea@122611589 display-id=0 task-display-area-windowing-mode=1 suggested-display-area=DefaultTaskDisplayArea@122611589
12-02 19:44:15.766  1647  2333 V WindowManager: DesktopModeLaunchParamsModifier: phase= 3 task=null activity=ActivityRecord{26121640 u0 com.solidimobileapp4test/.MainActivity t-1} desktop mode is not enabled, skipping
12-02 19:44:15.767  1647  2333 V WindowManager: TaskLaunchParamsModifier:phase=3 task=null activity=ActivityRecord{26121640 u0 com.solidimobileapp4test/.MainActivity t-1} display-area-from-current-params=null display-area-from-default-fallback=DefaultTaskDisplayArea@122611589 display-id=0 task-display-area-windowing-mode=1 suggested-display-area=DefaultTaskDisplayArea@122611589 non-freeform-task-display-area display-area=DefaultTaskDisplayArea@122611589 default-portrait freeform-size-mismatch=Rect(276, 694 - 804, 1774)
12-02 19:44:15.767  1647  2333 D ActivityTaskManager: Temporarily retain top process state for launching app
12-02 19:44:15.771  1647  2333 V WindowManager: DesktopModeLaunchParamsModifier: phase= 3 task=Task{33f18c1 #1059 type=standard A=10343:com.solidimobileapp4test} activity=ActivityRecord{26121640 u0 com.solidimobileapp4test/.MainActivity t-1} desktop mode is not enabled, skipping
12-02 19:44:15.771  1647  2333 V WindowManager: TaskLaunchParamsModifier:phase=3 task=Task{33f18c1 #1059 type=standard A=10343:com.solidimobileapp4test} activity=ActivityRecord{26121640 u0 com.solidimobileapp4test/.MainActivity t-1} display-from-task=0 display-id=0 task-display-area-windowing-mode=1 suggested-display-area=DefaultTaskDisplayArea@122611589 inherit-from-task=fullscreen non-freeform-task-display-area display-area=DefaultTaskDisplayArea@122611589 default-portrait freeform-size-mismatch=Rect(276, 694 - 804, 1774)
12-02 19:44:15.774  1647  2333 W OptProp : Cannot read opt property android.window.PROPERTY_COMPAT_ALLOW_ORIENTATION_OVERRIDE
12-02 19:44:15.776  1647  2333 I AppsFilter: interaction: PackageSetting{c94e02a com.google.android.microdroid.empty_payload/10261} -> PackageSetting{9c357a7 com.solidimobileapp4test/10343} BLOCKED
12-02 19:44:15.777  1647  2333 I ActivityTaskManager: START u0 {flg=0x10000000 xflg=0x5 cmp=com.solidimobileapp4test/.MainActivity} with LAUNCH_SINGLE_TASK from uid 2000 (com.android.shell) (BAL_ALLOW_PERMISSION) result code=0
12-02 19:44:15.777  2056  2079 V WindowManagerShell: Transition requested (#354): android.os.BinderProxy@b31873f TransitionRequestInfo { type = OPEN, triggerTask = TaskInfo{userId=0 taskId=1059 effectiveUid=10343 displayId=0 isRunning=true baseIntent=Intent { flg=0x10000000 cmp=com.solidimobileapp4test/.MainActivity } baseActivity=ComponentInfo{com.solidimobileapp4test/com.solidimobileapp4test.MainActivity} topActivity=ComponentInfo{com.solidimobileapp4test/com.solidimobileapp4test.MainActivity} origActivity=null realActivity=ComponentInfo{com.solidimobileapp4test/com.solidimobileapp4test.MainActivity} numActivities=1 lastActiveTime=36773007 supportsMultiWindow=true resizeMode=1 isResizeable=true minWidth=-1 minHeight=-1 defaultMinSize=220 token=WCT{android.os.BinderProxy@505f80c} topActivityType=1 pictureInPictureParams=null shouldDockBigOverlays=false launchIntoPipHostTaskId=-1 lastParentTaskIdBeforePip=-1 displayCutoutSafeInsets=Rect(0, 132 - 0, 0) topActivityInfo=ActivityInfo{a667555 com.solidimobileapp4test.MainActivity} launchCookies=[] positionInParent=Point(0, 0) parentTaskId=-1 isFocused=false isVisible=false isVisibleRequested=false isTopActivityNoDisplay=false isSleeping=true locusId=null displayAreaFeatureId=1 isTopActivityTransparent=false isActivityStackTransparent=false lastNonFullscreenBounds=Rect(276, 694 - 804, 1774) capturedLink=null capturedLinkTimestamp=0 requestedVisibleTypes=-9 topActivityRequestOpenInBrowserEducationTimestamp=0 appCompatTaskInfo=AppCompatTaskInfo { topActivityInSizeCompat=false eligibleForLetterboxEducation= false isLetterboxEducationEnabled= false isLetterboxDoubleTapEnabled= false eligibleForUserAspectRatioButton= false topActivityBoundsLetterboxed= false isFromLetterboxDoubleTap= false topActivityLetterboxVerticalPosition= -1 topActivityLetterboxHorizontalPosition= -1 topActivityLetterboxWidth=-1 topActivityLetterboxHeight=-1 topActivityAppBounds=Rect(0, 0 - 1080, 2400) isUserFullscreenOverrideEnabled=false isSystemFullscreenOverrideEnabled=false hasMinAspectRatioOverride=false topActivityLetterboxBounds=null cameraCompatTaskInfo=CameraCompatTaskInfo { freeformCameraCompatMode=inactiveundefined} topNonResizableActivityAspectRatio=-1.0} topActivityMainWindowFrame=null isAppBubble=false}, pipChange = null, remoteTransition = null, displayChange = null, flags = 0, debugId = 354 }
12-02 19:44:15.777  2056  2079 D ShellSplitScreen: logExit: no-op, mLoggerSessionId is null
12-02 19:44:15.779  1647  1925 W InputMethodManagerService: Skipping input method com.UCMobile.intl/com.alv.foun.service.PhoenixService: it does not require the permission android.permission.BIND_INPUT_METHOD
12-02 19:44:15.790  1647  1732 I ActivityManager: Start proc 23521:com.solidimobileapp4test/u0a343 for top-activity {com.solidimobileapp4test/com.solidimobileapp4test.MainActivity}
12-02 19:44:16.451  1647  2013 D BackgroundInstallControlService: Package event received: 0
12-02 19:44:16.451  1647  2013 D BackgroundInstallControlService: Package event received: 0
12-02 19:44:16.451  1647  2013 D BackgroundInstallControlService: Package event received: 0
12-02 19:44:16.453 23521 23572 I DisplayManager: Choreographer implicitly registered for the refresh rate.
12-02 19:44:16.454  1647  1893 D ActivityManager: sync unfroze 3811 com.google.android.as.oss for 6
12-02 19:44:16.455  1647  1893 W JobServiceContext: Sending onNetworkChanged for a job that isn't started. JobStatus{6b2814 #u0a149/-648439940 com.google.android.as.oss/com.google.android.gms.learning.internal.training.InAppJobService u=0 s=10149 TIME=-6s247ms:none NET CHARGING PERSISTED READY}
12-02 19:44:16.463  1647  2333 D ActivityManager: sync unfroze 12222 com.google.android.gms for 4
12-02 19:44:16.464  1647  2013 D BackgroundInstallControlService: Package event received: 0
12-02 19:44:16.464  1647  2013 D BackgroundInstallControlService: Package event received: 0
12-02 19:44:16.494  1647  2542 D ActivityManager: sync unfroze 15561 com.google.android.as.oss:learning_bg for 6
12-02 19:44:16.523  1647  2013 D BackgroundInstallControlService: Package event received: 0
12-02 19:44:16.538  1647  2333 D CoreBackPreview: Window{39bee81 u0 com.solidimobileapp4test/com.solidimobileapp4test.MainActivity}: Setting back callback OnBackInvokedCallbackInfo{mCallback=android.window.IOnBackInvokedCallback$Stub$Proxy@14e070a, mPriority=0, mIsAnimationCallback=false, mOverrideBehavior=0}
12-02 19:44:16.542  1647  1717 V WindowManager: Sent Transition (#354) createdAt=12-02 19:44:15.766 via request=TransitionRequestInfo { type = OPEN, triggerTask = TaskInfo{userId=0 taskId=1059 effectiveUid=10343 displayId=0 isRunning=true baseIntent=Intent { flg=0x10000000 cmp=com.solidimobileapp4test/.MainActivity } baseActivity=ComponentInfo{com.solidimobileapp4test/com.solidimobileapp4test.MainActivity} topActivity=ComponentInfo{com.solidimobileapp4test/com.solidimobileapp4test.MainActivity} origActivity=null realActivity=ComponentInfo{com.solidimobileapp4test/com.solidimobileapp4test.MainActivity} numActivities=1 lastActiveTime=36773007 supportsMultiWindow=true resizeMode=1 isResizeable=true minWidth=-1 minHeight=-1 defaultMinSize=220 token=WCT{RemoteToken{1a3b7b Task{33f18c1 #1059 type=standard A=10343:com.solidimobileapp4test}}} topActivityType=1 pictureInPictureParams=null shouldDockBigOverlays=false launchIntoPipHostTaskId=-1 lastParentTaskIdBeforePip=-1 displayCutoutSafeInsets=Rect(0, 132 - 0, 0) topActivityInfo=ActivityInfo{56cfd98 com.solidimobileapp4test.MainActivity} launchCookies=[] positionInParent=Point(0, 0) parentTaskId=-1 isFocused=false isVisible=false isVisibleRequested=false isTopActivityNoDisplay=false isSleeping=true locusId=null displayAreaFeatureId=1 isTopActivityTransparent=false isActivityStackTransparent=false lastNonFullscreenBounds=Rect(276, 694 - 804, 1774) capturedLink=null capturedLinkTimestamp=0 requestedVisibleTypes=-9 topActivityRequestOpenInBrowserEducationTimestamp=0 appCompatTaskInfo=AppCompatTaskInfo { topActivityInSizeCompat=false eligibleForLetterboxEducation= false isLetterboxEducationEnabled= false isLetterboxDoubleTapEnabled= false eligibleForUserAspectRatioButton= false topActivityBoundsLetterboxed= false isFromLetterboxDoubleTap= false topActivityLetterboxVerticalPosition= -1 topActivityLetterboxHorizontalPosition= -1 topActivityLetterboxWidth=-1 topActivityLetterboxHeight=-1 topActivityAppBounds=Rect(0, 0 - 1080, 2400) isUserFullscreenOverrideEnabled=false isSystemFullscreenOverrideEnabled=false hasMinAspectRatioOverride=false topActivityLetterboxBounds=null cameraCompatTaskInfo=CameraCompatTaskInfo { freeformCameraCompatMode=inactiveundefined} topNonResizableActivityAspectRatio=-1.0} topActivityMainWindowFrame=null isAppBubble=false}, pipChange = null, remoteTransition = null, displayChange = null, flags = 0, debugId = 354 }
12-02 19:44:16.542  1647  1717 V WindowManager:     startWCT=WindowContainerTransaction { changes= {} hops= [] errorCallbackToken=null taskFragmentOrganizer=null }
12-02 19:44:16.542  1647  1717 V WindowManager:     info={id=354 t=OPEN f=0x40 trk=0 r=[] c=[]}
12-02 19:44:16.543  2056  2076 V WindowManagerShell: onTransitionReady(transaction=7073811162786)
12-02 19:44:16.543  2056  2079 V WindowManagerShell: onTransitionReady (#354) android.os.BinderProxy@b31873f: {id=354 t=OPEN f=0x40 trk=0 r=[] c=[]}
12-02 19:44:16.543  2056  2079 V WindowManagerShell: No transition roots in (#354) android.os.BinderProxy@b31873f@0 so abort
12-02 19:44:16.543  1647  2007 I MR2ServiceImpl: Updating composite discovery preference | preference: RouteDiscoveryRequest{ preferredFeatures={}, activeScan=false }, active routers: []
12-02 19:44:16.544  2056  2079 V WindowManagerShell: Transition animation finished (aborted=true), notifying core (#354) android.os.BinderProxy@b31873f@0
12-02 19:44:16.546  1647  1717 V WindowManager: Finish Transition (#354): created at 12-02 19:44:15.766 collect-started=0.069ms request-sent=10.544ms started=12.567ms ready=682.269ms sent=774.712ms finished=779.556ms
12-02 19:44:16.547  2056  2079 V WindowManagerShell: Track 0 became idle
12-02 19:44:16.547  2056  2079 V WindowManagerShell: All active transition animations finished
12-02 19:44:16.553  1647  1717 D HintManagerService: Sent cleanup message for uid 10343
12-02 19:44:16.553  1647  2007 I MR2ServiceImpl: Updating composite discovery preference | preference: RouteDiscoveryRequest{ preferredFeatures={}, activeScan=false }, active routers: []
12-02 19:44:16.626  1647  2542 D CoreBackPreview: Window{1ebfdae u0 PopupWindow:5c18a97}: Setting back callback OnBackInvokedCallbackInfo{mCallback=android.window.IOnBackInvokedCallback$Stub$Proxy@a8ec161, mPriority=0, mIsAnimationCallback=false, mOverrideBehavior=0}
12-02 19:44:16.667  1647  2013 D BackgroundInstallControlService: Package event received: 0
12-02 19:44:17.558  1647  1904 D HintManagerService: Starts cleaning for 10343
12-02 19:44:18.280  1647  2013 D BackgroundInstallControlService: Package event received: 0
12-02 19:44:18.286  9119  9119 D ActivityThread: Package [com.solidimobileapp4test] reported as REPLACED, but missing application info. Assuming REMOVED.
12-02 19:44:18.288  1647  2333 D ActivityManager: sync unfroze 9119 com.google.android.rkpdapp for 6
12-02 19:44:18.289  1647  2013 D BackgroundInstallControlService: Package event received: 0
12-02 19:44:18.295  9119  9119 D ActivityThread: Package [com.solidimobileapp4test] reported as REPLACED, but missing application info. Assuming REMOVED.
12-02 19:44:18.981  1647  2013 D BackgroundInstallControlService: Package event received: 0
12-02 19:44:18.981  1647  2013 D BackgroundInstallControlService: Package event received: 0
12-02 19:44:19.226  1647  2013 D BackgroundInstallControlService: Package event received: 0
12-02 19:44:19.226  1647  2013 D BackgroundInstallControlService: Package event received: 0
12-02 19:44:19.718  1647  2333 D CoreBackPreview: Window{1ebfdae u0 PopupWindow:5c18a97}: Setting back callback null
12-02 19:44:19.776  1647  2013 D BackgroundInstallControlService: Package event received: 0
12-02 19:44:19.790  1647  1692 D BiometricService: canAuthenticate: User=0, Caller=0, Authenticators=15
12-02 19:44:19.791  1647  1692 D BiometricService/PreAuthInfo: Package: com.solidimobileapp4test Sensor ID: 0 Modality: 2 User id: 0 Status: 1
12-02 19:44:19.791  1647  1692 D BiometricService/PreAuthInfo: getCanAuthenticateInternal Modality: 2 AuthenticatorStatus: 1
12-02 19:44:19.791  1647  1692 D AuthService: canAuthenticate, userId: 0, callingUserId: 0, authenticators: 15, result: 0
12-02 19:44:19.821  1647  2542 W ProcessStats: Tracking association SourceState{7129c3a com.google.android.gms/10136 Top #50806} whose proc state 1 is better than process ProcessState{11626ad com.android.vending/10146 pkg=com.android.vending} proc state 8 (50 skipped)
12-02 19:44:22.040  1647  5415 W JobScheduler: Job didn't exist in JobStore: 6b2814 #u0a149/-648439940 com.google.android.as.oss/com.google.android.gms.learning.internal.training.InAppJobService
12-02 19:44:22.245 23521 23626 V ResourcesManager: The following library key has been added: ResourcesKey{ mHash=cf8396e5 mResDir=null mSplitDirs=[] mOverlayDirs=[] mLibDirs=[/data/app/~~QoqaMvi3KasLyIZrA1r9GQ==/com.google.android.webview-JCbdpnquoq4Y3W58U4ni2g==/base.apk,/data/app/~~BIVPnmH7DWd_UksIbRF_pw==/com.google.android.trichromelibrary_744410233-4cJB9ey3XS-yINmjT5HNZQ==/base.apk,/system_ext/framework/androidx.window.extensions.jar] mDisplayId=0 mOverrideConfig=v36 mCompatInfo={420dpi always-compat} mLoaders=[]}
12-02 19:44:24.699  1647  1903 D ActivityManager: freezing 16347 com.google.android.webview:sandboxed_process0:org.chromium.content.app.SandboxedProcessService0:0
12-02 19:44:24.850   588 23605 W keystore2: system/security/keystore2/watchdog/src/lib.rs:142 - ### Keystore Watchdog report - BEGIN ###
12-02 19:44:24.851   588 23605 W keystore2: system/security/keystore2/watchdog/src/lib.rs:151 - When extracting from a bug report, please include this header
12-02 19:44:24.851   588 23605 W keystore2: system/security/keystore2/watchdog/src/lib.rs:152 - and all 2 records below.
12-02 19:44:24.851   588 23605 W keystore2: system/security/keystore2/watchdog/src/lib.rs:182 - ThreadId(189) IKeystoreSecurityLevel::generateKey Started: 12-02 19:44:19.848 UTC Pending: 5.002800946s Overdue 2.803021ms for r#STRONGBOX
12-02 19:44:24.851   588 23605 W keystore2: system/security/keystore2/watchdog/src/lib.rs:182 - ThreadId(189) KeystoreSecurityLevel::generate_key (No attestation key): calling IKeyMintDevice::generate_key Started: 12-02 19:44:19.848 UTC Pending: 5.002808963s Overdue 2.809369ms for r#STRONGBOX
12-02 19:44:24.851   588 23605 W keystore2: system/security/keystore2/watchdog/src/lib.rs:205 - ### Keystore Watchdog report - END ###
12-02 19:44:25.469  1647  1731 D ActivityManager: sync unfroze 4267 org.thoughtcrime.securesms for 3
12-02 19:44:25.503  1647  1692 I ActivityManager: Background started FGS: Allowed [callingPackage: org.thoughtcrime.securesms; callingUid: 10326; uidState: SVC ; uidBFSL: n/a; intent: Intent { xflg=0x4 cmp=org.thoughtcrime.securesms/.gcm.FcmFetchForegroundService }; code:PUSH_MESSAGING; tempAllowListReason:<5ed9ac9 com.google.android.c2dm.intent.RECEIVE/u0,reasonCode:PUSH_MESSAGING,duration:20000,callingUid:10136>; allowWiu:-1; targetSdkVersion:35; callerTargetSdkVersion:35; startForegroundCount:0; bindFromPackage:null: isBindService:false]
12-02 19:44:25.510  1647  2013 D BackgroundInstallControlService: Package event received: 0
12-02 19:44:25.513  1647  2352 W ActivityManager: Foreground service started from background can not have location/camera/microphone access: service org.thoughtcrime.securesms/.gcm.FcmFetchForegroundService
12-02 19:44:25.515  1647  2352 W ForegroundServiceTypeLoggerModule: Foreground service start for UID: 10326 does not have any types
12-02 19:44:25.516  1647  2013 D BackgroundInstallControlService: Package event received: 0
12-02 19:44:25.525  1647  2013 D BackgroundInstallControlService: Package event received: 0
12-02 19:44:27.468  1647  5424 W ActivityManager: Foreground service started from background can not have location/camera/microphone access: service org.thoughtcrime.securesms/.gcm.FcmFetchForegroundService
12-02 19:44:27.474  1647  5424 W ForegroundServiceTypeLoggerModule: FGS stop call for: 10326 has no types!
12-02 19:44:27.475  1647  2013 D BackgroundInstallControlService: Package event received: 0
12-02 19:44:27.480  1647  1717 D HintManagerService: Sent cleanup message for uid 10326
12-02 19:44:28.487  1647  1904 D HintManagerService: Starts cleaning for 10326
12-02 19:44:29.246  1647  1903 D ActivityManager: freezing 9119 com.google.android.rkpdapp
12-02 19:44:30.852   588 23605 W keystore2: system/security/keystore2/watchdog/src/lib.rs:142 - ### Keystore Watchdog report - BEGIN ###
12-02 19:44:30.853   588 23605 W keystore2: system/security/keystore2/watchdog/src/lib.rs:151 - When extracting from a bug report, please include this header
12-02 19:44:30.853   588 23605 W keystore2: system/security/keystore2/watchdog/src/lib.rs:152 - and all 2 records below.
12-02 19:44:30.853   588 23605 W keystore2: system/security/keystore2/watchdog/src/lib.rs:182 - ThreadId(189) IKeystoreSecurityLevel::generateKey Started: 12-02 19:44:19.848 UTC Pending: 11.004708623s Overdue 6.004711187s for r#STRONGBOX
12-02 19:44:30.853   588 23605 W keystore2: system/security/keystore2/watchdog/src/lib.rs:182 - ThreadId(189) KeystoreSecurityLevel::generate_key (No attestation key): calling IKeyMintDevice::generate_key Started: 12-02 19:44:19.848 UTC Pending: 11.00505921s Overdue 6.005060267s for r#STRONGBOX
12-02 19:44:30.854   588 23605 W keystore2: system/security/keystore2/watchdog/src/lib.rs:205 - ### Keystore Watchdog report - END ###
12-02 19:44:32.034  1647  1903 D ActivityManager: freezing 15561 com.google.android.as.oss:learning_bg
12-02 19:44:32.043  1647  1903 D ActivityManager: freezing 3811 com.google.android.as.oss
12-02 19:44:38.568  1647  1903 D ActivityManager: freezing 12222 com.google.android.gms
12-02 19:44:41.855   588 23605 W keystore2: system/security/keystore2/watchdog/src/lib.rs:142 - ### Keystore Watchdog report - BEGIN ###
12-02 19:44:41.856   588 23605 W keystore2: system/security/keystore2/watchdog/src/lib.rs:151 - When extracting from a bug report, please include this header
12-02 19:44:41.856   588 23605 W keystore2: system/security/keystore2/watchdog/src/lib.rs:152 - and all 2 records below.
12-02 19:44:41.856   588 23605 W keystore2: system/security/keystore2/watchdog/src/lib.rs:182 - ThreadId(189) IKeystoreSecurityLevel::generateKey Started: 12-02 19:44:19.848 UTC Pending: 22.007810476s Overdue 17.007813161s for r#STRONGBOX
12-02 19:44:41.856   588 23605 W keystore2: system/security/keystore2/watchdog/src/lib.rs:182 - ThreadId(189) KeystoreSecurityLevel::generate_key (No attestation key): calling IKeyMintDevice::generate_key Started: 12-02 19:44:19.848 UTC Pending: 22.007864635s Overdue 17.007865489s for r#STRONGBOX
12-02 19:44:41.856   588 23605 W keystore2: system/security/keystore2/watchdog/src/lib.rs:205 - ### Keystore Watchdog report - END ###
12-02 19:44:45.068   588  7680 I keystore2: system/security/keystore2/watchdog/src/lib.rs:215 - Watchdog complete for: ThreadId(189) KeystoreSecurityLevel::generate_key (No attestation key): calling IKeyMintDevice::generate_key Started: 12-02 19:44:19.848 UTC Pending: 25.219741183s Overdue 20.219741671s for r#STRONGBOX
12-02 19:44:45.070   588 23605 W keystore2: system/security/keystore2/watchdog/src/lib.rs:142 - ### Keystore Watchdog report - BEGIN ###
12-02 19:44:45.070   588 23605 W keystore2: system/security/keystore2/watchdog/src/lib.rs:151 - When extracting from a bug report, please include this header
12-02 19:44:45.070   588 23605 W keystore2: system/security/keystore2/watchdog/src/lib.rs:152 - and all 1 records below.
12-02 19:44:45.070   588 23605 W keystore2: system/security/keystore2/watchdog/src/lib.rs:182 - ThreadId(189) IKeystoreSecurityLevel::generateKey Started: 12-02 19:44:19.848 UTC Pending: 25.221849377s Overdue 20.221850964s for r#STRONGBOX
12-02 19:44:45.070   588 23605 W keystore2: system/security/keystore2/watchdog/src/lib.rs:205 - ### Keystore Watchdog report - END ###
12-02 19:44:45.087   588  7680 I keystore2: system/security/keystore2/watchdog/src/lib.rs:215 - Watchdog complete for: ThreadId(189) IKeystoreSecurityLevel::generateKey Started: 12-02 19:44:19.848 UTC Pending: 25.238624931s Overdue 20.238625582s for r#STRONGBOX
12-02 19:44:55.542  1647  1903 D ActivityManager: freezing 4267 org.thoughtcrime.securesms
12-02 19:44:55.590   588 23605 I keystore2: system/security/keystore2/watchdog/src/lib.rs:371 - Watchdog thread idle -> terminating. Have a great day.
12-02 19:45:25.051  1647  1903 D ActivityManager: freezing 18944 com.google.android.euicc
12-02 19:45:32.312  1647  1731 D ActivityManager: sync unfroze 4927 com.facebook.katana for 3
12-02 19:45:42.362  1647  1903 D ActivityManager: freezing 4927 com.facebook.katana
12-02 19:45:46.425  1647  1731 D ActivityManager: sync unfroze 17483 com.google.android.gm for 3
12-02 19:45:46.439 17483 17483 D ActivityThread: Package [com.solidimobileapp4test] reported as REPLACED, but missing application info. Assuming REMOVED.
