12-02 19:46:02.754  2056  2079 V WindowManagerShell:  animated by com.android.wm.shell.keyguard.KeyguardTransitionHandler@f0afa54
12-02 19:46:02.758  2056  2079 V ShellStartingWindow: RSO:Transaction applied for task=1059
12-02 19:46:02.769  1647  2333 D BiometricService: canAuthenticate: User=0, Caller=0, Authenticators=15
12-02 19:46:02.770  1647  2333 D BiometricService/PreAuthInfo: Package: com.solidimobileapp4test Sensor ID: 0 Modality: 2 User id: 0 Status: 1
12-02 19:46:02.770  1647  2333 D BiometricService/PreAuthInfo: getCanAuthenticateInternal Modality: 2 AuthenticatorStatus: 1
12-02 19:46:02.770  1647  2333 D AuthService: canAuthenticate, userId: 0, callingUserId: 0, authenticators: 15, result: 0
12-02 19:46:02.774 13946 13946 D ActivityThread: Package [com.solidimobileapp4test] reported as REPLACED, but missing application info. Assuming REMOVED.
12-02 19:46:02.775 13946 13946 D ActivityThread: Package [com.solidimobileapp4test] reported as REPLACED, but missing application info. Assuming REMOVED.
12-02 19:46:02.812  1647  5417 W ActivityManager: Background start not allowed: service Intent { act=Orca.START xflg=0x4 cmp=com.instagram.barcelona/com.facebook.rti.pushv2.inapp.InappFbnsService (has extras) } to com.instagram.barcelona/com.facebook.rti.pushv2.inapp.InappFbnsService from pid=13928 uid=10295 pkg=com.instagram.barcelona startFg?=false
12-02 19:46:02.824  1647  5417 D CoreBackPreview: Window{d69db87 u0 NotificationShade}: Setting back callback null
12-02 19:46:02.836  2056  2079 V ShellStartingWindow: RSO:Receive removal info for task=1059
12-02 19:46:02.849     0     0 I trusty  : [GF_TA][I][gf_big_data][gf_get_study_time_big_data_info] study step = 1 time = 46ms
12-02 19:46:02.849     0     0 I trusty  : [GF_TA][I][gf_algo_adapter][gf_adt_InitFlocculeDetectionTemplate] floc_base_update=0 frame_num=68
12-02 19:46:02.868  1647  5417 W JobScheduler: Job didn't exist in JobStore: d0ac171 {androidx.work.systemjobscheduler} #u0a295/312 @androidx.work.systemjobscheduler@com.instagram.barcelona/androidx.work.impl.background.systemjob.SystemJobService
12-02 19:46:02.917     0     0 I trusty  : [GF_TA][I][gf_algo_adapter][gf_adt_UpdataCaliInfoForFusion] update_base_flag=0xf
12-02 19:46:02.917     0     0 I trusty  : [GF_TA][I][gf_big_data][gf_get_study_time_big_data_info] study step = 2 time = 68ms
12-02 19:46:02.917     0     0 I trusty  : [GF_TA][I][gf_cali][cali_handle_event] auth_save_autocali_count=9 post_auth_save_flag=0.
12-02 19:46:02.917     0     0 I trusty  : [GF_TA][I][gf_cali][cali_handle_event] auth_save_extra_feature_count=9 save_extra_feature_flag=0.
12-02 19:46:02.917     0     0 I trusty  : [GF_TA][I][gf_big_data][gf_get_study_time_big_data_info] study step = 3 time = 0ms
12-02 19:46:02.917     0     0 I trusty  : [GF_TA][E][gf_algo_auth][gf_algo_do_post_authenticate] skip stage=4
12-02 19:46:02.917     0     0 I trusty  : [GF_TA][I][gf_big_data][gf_get_study_time_big_data_info] study step = 4 time = 0ms
12-02 19:46:02.918     0     0 I trusty  : [GF_TA][I][gf_delmar_algo][algo_on_authenticate_end] auth stop time = 0ms
12-02 19:46:02.918     0     0 I trusty  : [GF_TA][I][gf_delmar_algo][algo_on_authenticate_end] auth stop time + total study time = 114ms
12-02 19:46:02.920     0     0 I trusty  : [GF_TA][I][gf_algo_usr_portrait][gf_portrait_detect_finger_status] rty:0, pemResult:4 finger status: 1
12-02 19:46:02.925     0     0 I trusty  : [GF_TA][E][gf_algo_customized][gf_customized_algo_cmd_entry]GF_DUMP_BIG_DATA_CMD, bd_cmd->big_data_type=1
12-02 19:46:02.925     0     0 I trusty  : [GF_TA][I][gf_algo_customized][fill_auth_big_data] continuous_update_flag:0x0f
12-02 19:46:03.146  1647  2333 D CoreBackPreview: Window{29476c7 u0 Splash Screen com.solidimobileapp4test EXITING}: Setting back callback null
12-02 19:46:03.182  1647  2013 D BackgroundInstallControlService: Package event received: 0
12-02 19:46:03.188  2056  2056 D KeyguardService: Finish IRemoteAnimationRunner.
12-02 19:46:03.188  2056  2079 V WindowManagerShell: Transition animation finished (aborted=false), notifying core (#355) android.os.BinderProxy@c19e80@0
12-02 19:46:03.190  2056  2288 D Bubbles : handleKeyguardOrDreamChange isUnlockedShade=true keyguardShowing=false dreamingOrInPreview=false
12-02 19:46:03.192  2056  2079 V WindowManagerShell: Track 0 became idle
12-02 19:46:03.192  2056  2079 V WindowManagerShell: All active transition animations finished
12-02 19:46:03.192  2056  2079 D Bubbles : onStatusBarStateChanged isShade=true didChange=true mNotifEntryToExpandOnShadeUnlock=null
12-02 19:46:03.193  1647  1717 V WindowManager: Finish Transition (#355): created at 12-02 19:46:02.699 collect-started=1.85ms request-sent=1.889ms started=8.964ms ready=8.943ms sent=51.613ms commit=7.393ms finished=490.976ms
12-02 19:46:03.198  1647  5824 D FingerprintProvider/default: Starting watchdog for fingerprint
12-02 19:46:03.198  1647  5824 E BiometricScheduler: Current operation is null,no need to start watchdog
12-02 19:46:03.259  1647  5824 D SystemServerTiming: getUserSwitchability-0
12-02 19:46:03.259  1647  5824 D SystemServerTiming: TM.isInCall
12-02 19:46:03.259  1647  5824 D SystemServerTiming: hasUserRestriction-DISALLOW_USER_SWITCH
12-02 19:46:03.259  1647  5824 D SystemServerTiming: getInt-ALLOW_USER_SWITCHING_WHEN_SYSTEM_USER_LOCKED
12-02 19:46:03.259  1647  5824 D SystemServerTiming: isUserUnlocked-USER_SYSTEM
12-02 19:46:03.286  1647  2333 E AppOps  : attributionTag  not declared in manifest of com.android.systemui
12-02 19:46:03.286  1647  2333 E AppOps  : attributionTag  not declared in manifest of com.android.systemui
12-02 19:46:03.301  1647  2352 W PackageConfigPersister: App-specific configuration not found for packageName: com.solidimobileapp4test and userId: 0
12-02 19:46:03.451  1647  5824 E AppOps  : attributionTag  not declared in manifest of com.android.systemui
12-02 19:46:03.451  1647  2333 E AppOps  : attributionTag  not declared in manifest of com.android.systemui
12-02 19:46:03.767  1647  5824 D BiometricService: canAuthenticate: User=0, Caller=0, Authenticators=32768
12-02 19:46:03.767  1647  5824 D BiometricService/PreAuthInfo: getCanAuthenticateInternal Modality: 1 AuthenticatorStatus: 1
12-02 19:46:03.767  1647  5824 D AuthService: canAuthenticate, userId: 0, callingUserId: 0, authenticators: 32768, result: 0
12-02 19:46:03.768  1647  2352 D BiometricService: canAuthenticate: User=0, Caller=0, Authenticators=32768
12-02 19:46:03.768  1647  2352 D BiometricService/PreAuthInfo: getCanAuthenticateInternal Modality: 1 AuthenticatorStatus: 1
12-02 19:46:03.768  1647  2352 D AuthService: canAuthenticate, userId: 0, callingUserId: 0, authenticators: 32768, result: 0
12-02 19:46:03.866   588  7680 E keystore2: system/security/keystore2/src/error.rs:184 - system/security/keystore2/src/security_level.rs:329
12-02 19:46:03.866   588  7680 E keystore2: 
12-02 19:46:03.866   588  7680 E keystore2: Caused by:
12-02 19:46:03.866   588  7680 E keystore2:     0: system/security/keystore2/src/enforcements.rs:596: matching auth token (challenge=0, userId=3955669586708433682, authId=0, authType=0x1, timestamp=436775ms) rcved=BootTime(435653) for sids [SecureUserId(3955669586708433682)] type Some(r#PASSWORD) is expired (36445s old > timeout=5s)
12-02 19:46:03.866   588  7680 E keystore2:     1: Error::Km(r#KEY_USER_NOT_AUTHENTICATED)
12-02 19:46:04.353  1647  2352 D ActivityManager: Stop FGS timeout: ServiceRecord{d21e410 u0 com.whatsapp.w4b/com.whatsapp.messaging.service.GcmFGService c:com.whatsapp.w4b}
12-02 19:46:04.354  1647  2352 W ForegroundServiceTypeLoggerModule: FGS stop call for: 10327 has no types!
12-02 19:46:04.357  1647  2013 D BackgroundInstallControlService: Package event received: 0
12-02 19:46:04.362  1647  1893 E AlarmManager: Attempt to decrement existing alarm count 0 by 1 for uid 1000
12-02 19:46:04.366  1647  2352 D BiometricService: canAuthenticate: User=0, Caller=0, Authenticators=15
12-02 19:46:04.367  1647  2352 D BiometricService/PreAuthInfo: Package: com.solidimobileapp4test Sensor ID: 0 Modality: 2 User id: 0 Status: 1
12-02 19:46:04.367  1647  2352 D BiometricService/PreAuthInfo: getCanAuthenticateInternal Modality: 2 AuthenticatorStatus: 1
12-02 19:46:04.367  1647  2352 D AuthService: canAuthenticate, userId: 0, callingUserId: 0, authenticators: 15, result: 0
12-02 19:46:04.389  1647  1937 D BiometricService/PreAuthInfo: Package: com.solidimobileapp4test Sensor ID: 0 Modality: 2 User id: 0 Status: 1
12-02 19:46:04.390  1647  1937 D BiometricService/PreAuthInfo: getCanAuthenticateInternal Modality: 3 AuthenticatorStatus: 1
12-02 19:46:04.390  1647  1937 D BiometricService: handleAuthenticate: modality(3), status(0), preAuthInfo: BiometricRequested: true, StrengthRequested: 15, CredentialRequested: true, Eligible:{0 }, Ineligible:{}, CredentialAvailable: true,  requestId: 9 promptInfo.isIgnoreEnrollmentState: false
12-02 19:46:04.390  1647  1937 D BiometricService: Creating authSession with authRequest: BiometricRequested: true, StrengthRequested: 15, CredentialRequested: true, Eligible:{0 }, Ineligible:{}, CredentialAvailable: true, 
12-02 19:46:04.390  1647  1937 E SystemServiceRegistry: Manager wrapper not available: authentication_policy
12-02 19:46:04.390  1647  1937 D BiometricService/AuthSession: Creating AuthSession with: BiometricRequested: true, StrengthRequested: 15, CredentialRequested: true, Eligible:{0 }, Ineligible:{}, CredentialAvailable: true, 
12-02 19:46:04.391  1647  1937 V BiometricService/AuthSession: set to unknown state sensor: 0
12-02 19:46:04.391  1647  1937 V BiometricService/AuthSession: waiting for cooking for sensor: 0
12-02 19:46:04.391  1647  2008 D BiometricScheduler: [Added] {[77] com.android.server.biometrics.sensors.fingerprint.aidl.FingerprintAuthenticationClient, proto=3, owner=com.solidimobileapp4test, cookie=33492940, requestId=9, userId=0}, new queue size: 1
12-02 19:46:04.391  1647  2008 D BiometricScheduler: [Polled] {[77] com.android.server.biometrics.sensors.fingerprint.aidl.FingerprintAuthenticationClient, proto=3, owner=com.solidimobileapp4test, cookie=33492940, requestId=9, userId=0}, State: 0
12-02 19:46:04.391  1647  2008 D GestureAvailabilityTracker: Notifying gesture availability, active=false
12-02 19:46:04.392  1647  2008 D BiometricScheduler: Waiting for cookie before starting: {[77] com.android.server.biometrics.sensors.fingerprint.aidl.FingerprintAuthenticationClient, proto=3, owner=com.solidimobileapp4test, cookie=33492940, requestId=9, userId=0}, State: 4
12-02 19:46:04.392  1647  1937 D BiometricService/Sensor: Sensor(0) matched cookie: 33492940
12-02 19:46:04.392  1647  1937 D BiometricService/AuthSession: Remaining cookies: 0
12-02 19:46:04.447  1647  5417 D CoreBackPreview: Window{4031067 u0 BiometricPrompt}: Setting back callback OnBackInvokedCallbackInfo{mCallback=android.window.IOnBackInvokedCallback$Stub$Proxy@13111b9, mPriority=0, mIsAnimationCallback=false, mOverrideBehavior=0}
12-02 19:46:04.513  1647  5415 W PackageConfigPersister: App-specific configuration not found for packageName: com.android.systemui and userId: 0
12-02 19:46:04.734  1647  1937 D BiometricService: handleOnDialogAnimatedIn
12-02 19:46:04.734  1647  1937 V BiometricService/AuthSession: Starting sensor: 0
12-02 19:46:04.735  1647  2008 D BiometricScheduler: [Started] {[77] com.android.server.biometrics.sensors.fingerprint.aidl.FingerprintAuthenticationClient, proto=3, owner=com.solidimobileapp4test, cookie=33492940, requestId=9, userId=0}
12-02 19:46:04.735  1647  2008 D BiometricStateCallback: State updated from 0 to 3, client {[77] com.android.server.biometrics.sensors.fingerprint.aidl.FingerprintAuthenticationClient, proto=3, owner=com.solidimobileapp4test, cookie=33492940, requestId=9, userId=0}
12-02 19:46:04.736  1647  2008 D AuthenticationClient: Requesting auth for com.solidimobileapp4test
12-02 19:46:04.742  1647  2008 V ALSProbe: Enable ALS: 76311254
12-02 19:46:04.742  1647  2008 V BiometricSchedulerOperation: started: {[77] com.android.server.biometrics.sensors.fingerprint.aidl.FingerprintAuthenticationClient, proto=3, owner=com.solidimobileapp4test, cookie=33492940, requestId=9, userId=0}, State: 2
12-02 19:46:04.742  1647  2008 D BiometricScheduler: [Started] Prepared client: {[77] com.android.server.biometrics.sensors.fingerprint.aidl.FingerprintAuthenticationClient, proto=3, owner=com.solidimobileapp4test, cookie=33492940, requestId=9, userId=0}, State: 2
12-02 19:46:04.769  1647  2008 D FingerprintProvider/default: setIgnoreDisplayTouches set to false
12-02 19:46:05.152  1647  1937 D BiometricService/AuthSession: sensorId: 0 acquiredInfo: 7 message: null
12-02 19:46:05.216     0     0 I trusty  : [GF_TA][I][gf_delmar_sensor][determine_expo_mode] operation: 2, retry: 0, need_dec_gain_due_to_als: 0, expo mode:0
12-02 19:46:05.216     0     0 I trusty  : [GF_TA][I][gf_delmar_cs_dc][delmar_capture_image] g_current_expo_mode=0
12-02 19:46:05.216     0     0 I trusty  : [GF_TA][I][gf_delmar_cs_dc][delmar_capture_image] g_is_dec_expo_set_to_chip=1
12-02 19:46:05.216     0     0 I trusty  : [GF_TA][I][gf_delmar_cs_dc][delmar_capture_image] valid_sg_mask=0x00ff
12-02 19:46:05.216     0     0 I trusty  : [GF_TA][I][gf_delmar_cs_dc][delmar_capture_image] lb_mode=0, expo_mode=0, expo_time=66.640830, gain=0x50
12-02 19:46:05.216     0     0 I trusty  : [GF_TA][E][gf_hw_dc][hw_set_current_operation] cali_flesh_max_frame_index = 0 
12-02 19:46:05.216     0     0 I trusty  : [GF_TA][I][gf_delmar_sensor][sensor_calculate_mask] cal sensor mask cost=0
12-02 19:46:05.216     0     0 I trusty  : [GF_TA][I][gf_delmar_cs_dc][delmar_read_image_hr_mode_poll_data] pre_dummy_time*100=1000, time_cost=0, expo=66, want delay = 56 
12-02 19:46:05.308     0     0 I trusty  : [GF_TA][I][gf_delmar_cs_dc][delmar_read_image_hr_mode] pre_dummy_count = ***, tail=***, valid=***, expected=***
12-02 19:46:05.308     0     0 I trusty  : [GF_TA][I][gf_delmar_cs_dc][delmar_read_image_hr_mode] read image end, err=0
12-02 19:46:05.309     0     0 I trusty  : [GF_TA][E][gf_algo_utils][gf_is_gain_decreased_retry0] gain ratio: 100
12-02 19:46:05.309     0     0 I trusty  : [GF_TA][E][gf_algo_utils][gf_is_gain_decreased_retry0] gain ratio: 100
12-02 19:46:05.309     0     0 I trusty  : [GF_TA][I][gf_cali][cali_process] authenticate, sNum = 1
12-02 19:46:05.309     0     0 I trusty  : [GF_TA][I][gf_cali][cali_process] stRawdata.psData=0x***, stRawdata.psDarkImage=0, stRawdata.sNum=1
12-02 19:46:05.309     0     0 I trusty  : [GF_TA][I][gf_cali][cali_process] nSegThre=-1
12-02 19:46:05.309     0     0 I trusty  : [GF_TA][I][gf_cali][cali_process] nCaliMode=2, support_moire_filter=1
12-02 19:46:05.309     0     0 I trusty  : [GF_TA][I][gf_cali][cali_process] nRetryFlag=0
12-02 19:46:05.309     0     0 I trusty  : [GF_TA][I][gf_cali][cali_process] gain_ratio=100
12-02 19:46:05.309     0     0 I trusty  : [GF_TA][I][gf_cali][cali_process] nBrokenEnable=1
12-02 19:46:05.309     0     0 I trusty  : [GF_TA][I][gf_cali][cali_process] before fp_preprocess(): nCaliMode=2, nDarkPixelFlag=0, nSubBaseCaliFlag=1
12-02 19:46:05.309     0     0 I trusty  : [GF_TA][I][gf_cali][cali_process] before fp_preprocess(): nAdj2FixFlag=0, nMaxITODepth=***, uchFlagScanMode=0
12-02 19:46:05.309     0     0 I trusty  : [GF_TA][I][gf_cali][cali_process] before fp_preprocess(): uchCompensationOff=0, nFlagDeblurOff=1, uchAdj2FixOff=0
12-02 19:46:05.309     0     0 I trusty  : [GF_TA][I][gf_cali][cali_process] authenticate, sNum = 1
12-02 19:46:05.309     0     0 I trusty  : [GF_TA][I][gf_cali][cali_process] stRawdata.psData=0x***, stRawdata.psDarkImage=0, stRawdata.sNum=1
12-02 19:46:05.309     0     0 I trusty  : [GF_TA][I][gf_cali][cali_process] nSegThre=-1
12-02 19:46:05.309     0     0 I trusty  : [GF_TA][I][gf_cali][cali_process] nCaliMode=2, support_moire_filter=1
12-02 19:46:05.309     0     0 I trusty  : [GF_TA][I][gf_cali][cali_process] nRetryFlag=0
12-02 19:46:05.309     0     0 I trusty  : [GF_TA][I][gf_cali][cali_process] gain_ratio=100
12-02 19:46:05.309     0     0 I trusty  : [GF_TA][I][gf_cali][cali_process] nBrokenEnable=1
12-02 19:46:05.309     0     0 I trusty  : [GF_TA][I][gf_cali][cali_process] before fp_preprocess(): nCaliMode=2, nDarkPixelFlag=0, nSubBaseCaliFlag=1
12-02 19:46:05.309     0     0 I trusty  : [GF_TA][I][gf_cali][cali_process] before fp_preprocess(): nAdj2FixFlag=0, nMaxITODepth=***, uchFlagScanMode=0
12-02 19:46:05.309     0     0 I trusty  : [GF_TA][I][gf_cali][cali_process] before fp_preprocess(): uchCompensationOff=0, nFlagDeblurOff=1, uchAdj2FixOff=0
12-02 19:46:05.309     0     0 I trusty  : [GF_TA][I][gf_cali][cali_process] authenticate, sNum = 1
12-02 19:46:05.309     0     0 I trusty  : [GF_TA][I][gf_cali][cali_process] stRawdata.psData=0x***, stRawdata.psDarkImage=0, stRawdata.sNum=1
12-02 19:46:05.309     0     0 I trusty  : [GF_TA][I][gf_cali][cali_process] nSegThre=-1
12-02 19:46:05.309     0     0 I trusty  : [GF_TA][I][gf_cali][cali_process] nCaliMode=2, support_moire_filter=1
12-02 19:46:05.309     0     0 I trusty  : [GF_TA][I][gf_cali][cali_process] nRetryFlag=0
12-02 19:46:05.309     0     0 I trusty  : [GF_TA][I][gf_cali][cali_process] gain_ratio=100
12-02 19:46:05.309     0     0 I trusty  : [GF_TA][I][gf_cali][cali_process] nBrokenEnable=1
12-02 19:46:05.309     0     0 I trusty  : [GF_TA][I][gf_cali][cali_process] before fp_preprocess(): nCaliMode=2, nDarkPixelFlag=0, nSubBaseCaliFlag=1
12-02 19:46:05.309     0     0 I trusty  : [GF_TA][I][gf_cali][cali_process] before fp_preprocess(): nAdj2FixFlag=0, nMaxITODepth=***, uchFlagScanMode=0
12-02 19:46:05.309     0     0 I trusty  : [GF_TA][I][gf_cali][cali_process] before fp_preprocess(): uchCompensationOff=0, nFlagDeblurOff=1, uchAdj2FixOff=0
12-02 19:46:05.309     0     0 I trusty  : [GF_TA][I][gf_cali][cali_process] authenticate, sNum = 1
12-02 19:46:05.309     0     0 I trusty  : [GF_TA][I][gf_cali][cali_process] stRawdata.psData=0x***, stRawdata.psDarkImage=0, stRawdata.sNum=1
12-02 19:46:05.309     0     0 I trusty  : [GF_TA][I][gf_cali][cali_process] nSegThre=-1
12-02 19:46:05.309     0     0 I trusty  : [GF_TA][I][gf_cali][cali_process] nCaliMode=2, support_moire_filter=1
12-02 19:46:05.309     0     0 I trusty  : [GF_TA][I][gf_cali][cali_process] nRetryFlag=0
12-02 19:46:05.309     0     0 I trusty  : [GF_TA][I][gf_cali][cali_process] gain_ratio=100
12-02 19:46:05.309     0     0 I trusty  : [GF_TA][I][gf_cali][cali_process] nBrokenEnable=1
12-02 19:46:05.309     0     0 I trusty  : [GF_TA][I][gf_cali][cali_process] before fp_preprocess(): nCaliMode=2, nDarkPixelFlag=0, nSubBaseCaliFlag=1
12-02 19:46:05.309     0     0 I trusty  : [GF_TA][I][gf_cali][cali_process] before fp_preprocess(): nAdj2FixFlag=0, nMaxITODepth=***, uchFlagScanMode=0
12-02 19:46:05.309     0     0 I trusty  : [GF_TA][I][gf_cali][cali_process] before fp_preprocess(): uchCompensationOff=0, nFlagDeblurOff=1, uchAdj2FixOff=0
12-02 19:46:05.315     0     0 I trusty  : [GF_TA][I][gf_cali][cali_process] after fp_preprocess(): nCaliMode=2, nDarkPixelFlag=0, nSubBaseCaliFlag=1
12-02 19:46:05.315     0     0 I trusty  : [GF_TA][I][gf_cali][cali_process] after fp_preprocess(): nAdj2FixFlag=0, nMaxITODepth=***, uchFlagScanMode=0
12-02 19:46:05.315     0     0 I trusty  : [GF_TA][I][gf_cali][cali_process] after fp_preprocess(): uchCompensationOff=0, nFlagDeblurOff=1, uchAdj2FixOff=0
12-02 19:46:05.315     0     0 I trusty  : [GF_TA][I][gf_cali][cali_process] after fp_preprocess(): nCaliMode=2, nDarkPixelFlag=0, nSubBaseCaliFlag=1
12-02 19:46:05.315     0     0 I trusty  : [GF_TA][I][gf_cali][cali_process] after fp_preprocess(): nAdj2FixFlag=0, nMaxITODepth=***, uchFlagScanMode=0
12-02 19:46:05.315     0     0 I trusty  : [GF_TA][I][gf_cali][cali_process] after fp_preprocess(): uchCompensationOff=0, nFlagDeblurOff=1, uchAdj2FixOff=0
12-02 19:46:05.315     0     0 I trusty  : [GF_TA][I][gf_cali][cali_process] after fp_preprocess(): nCaliMode=2, nDarkPixelFlag=0, nSubBaseCaliFlag=1
12-02 19:46:05.315     0     0 I trusty  : [GF_TA][I][gf_cali][cali_process] after fp_preprocess(): nAdj2FixFlag=0, nMaxITODepth=***, uchFlagScanMode=0
12-02 19:46:05.315     0     0 I trusty  : [GF_TA][I][gf_cali][cali_process] after fp_preprocess(): uchCompensationOff=0, nFlagDeblurOff=1, uchAdj2FixOff=0
12-02 19:46:05.315     0     0 I trusty  : [GF_TA][I][gf_cali][cali_process] after fp_preprocess(): nCaliMode=2, nDarkPixelFlag=0, nSubBaseCaliFlag=1
12-02 19:46:05.315     0     0 I trusty  : [GF_TA][I][gf_cali][cali_process] after fp_preprocess(): nAdj2FixFlag=0, nMaxITODepth=***, uchFlagScanMode=0
12-02 19:46:05.315     0     0 I trusty  : [GF_TA][I][gf_cali][cali_process] after fp_preprocess(): uchCompensationOff=0, nFlagDeblurOff=1, uchAdj2FixOff=0
12-02 19:46:05.315     0     0 I trusty  : [GF_TA][E][gf_algo_utils][gf_is_gain_decreased_retry0] gain ratio: 100
12-02 19:46:05.321     0     0 I trusty  : [GF_TA][I][gf_cali][cali_process_img2mats] do fp_AntiPeepG5 flag:0
12-02 19:46:05.321     0     0 I trusty  : [GF_TA][E][gf_algo_utils][gf_is_gain_decreased_retry0] gain ratio: 100
12-02 19:46:05.321     0     0 I trusty  : [GF_TA][I][gf_delmar_sensor][determine_expo_mode] operation: 2, retry: 1, need_dec_gain_due_to_als: 0, expo mode:3
12-02 19:46:05.321     0     0 I trusty  : [GF_TA][I][gf_delmar_cs_dc][delmar_capture_image] capture sub image mode=0x0602
12-02 19:46:05.321     0     0 I trusty  : [GF_TA][I][gf_delmar_cs_dc][delmar_capture_image] retry1_valid_sg_mask=0x0006
12-02 19:46:05.321     0     0 I trusty  : [GF_TA][I][gf_delmar_cs_dc][delmar_capture_image] g_current_expo_mode=3
12-02 19:46:05.321     0     0 I trusty  : [GF_TA][I][gf_delmar_cs_dc][delmar_capture_image] g_is_dec_expo_set_to_chip=0
12-02 19:46:05.321     0     0 I trusty  : [GF_TA][I][gf_delmar_cs_dc][delmar_capture_image] valid_sg_mask=0x0006
12-02 19:46:05.321     0     0 I trusty  : [GF_TA][I][gf_delmar_cs_dc][delmar_capture_image] lb_mode=0, expo_mode=3, expo_time=99.956253, gain=0x41
12-02 19:46:05.321     0     0 I trusty  : [GF_TA][E][gf_hw_dc][hw_set_current_operation] cali_flesh_max_frame_index = 0 
12-02 19:46:05.332     0     0 I trusty  : [GF_TA][E][gf_fake_detect_param][gf_get_fake_detect_param] use default fake params for G7
12-02 19:46:05.332     0     0 I trusty  : [GF_TA][I][gf_hw][hw_get_real_expo] real_expo = 66.640830
12-02 19:46:05.332     0     0 I trusty  : [GF_TA][I][gf_hw][hw_get_real_gain] real_gain = 1.480000
12-02 19:46:05.332     0     0 I trusty  : [GF_TA][I][gf_hw][hw_get_real_expo] real_expo = 66.640830
12-02 19:46:05.340     0     0 I trusty  : [GF_TA][I][gf_algo_adapter][gf_adt_OP7_fake_detect] fake algo check point, nFakeParamV1Arr[1] :1
12-02 19:46:05.340     0     0 I trusty  : [GF_TA][I][gf_algo_adapter][gf_adt_OP7_fake_detect] fake algo check point, nFakeParamV2Arr[37] :***
12-02 19:46:05.340     0     0 I trusty  : [GF_TA][I][gf_algo_adapter][gf_adt_OP7_fake_detect] fake algo check point, nFakeParamV2Arr[38] :***
12-02 19:46:05.340     0     0 I trusty  : [GF_TA][I][gf_algo_adapter][gf_adt_OP7_fake_detect] fake algo check point, nFakeParamV2Arr[39] :***
12-02 19:46:05.340     0     0 I trusty  : [GF_TA][I][gf_algo_adapter][gf_adt_OP7_fake_detect] pay_test_log1: 1
12-02 19:46:05.340     0     0 I trusty  : [GF_TA][I][gf_algo_adapter][gf_adt_OP7_fake_detect] pay_test_log2: ***
12-02 19:46:05.340     0     0 I trusty  : [GF_TA][I][gf_algo_adapter][gf_adt_OP7_fake_detect] pay_test_log3: 399
12-02 19:46:05.340     0     0 I trusty  : [GF_TA][I][gf_algo_adapter][gf_adt_OP7_fake_detect] pay_test_log4: 335
12-02 19:46:05.340     0     0 I trusty  : [GF_TA][I][gf_algo_adapter][gf_adt_OP7_fake_detect] No film has been detected
12-02 19:46:05.340     0     0 I trusty  : [GF_TA][I][gf_algo_adapter][gf_adt_OP7_fake_detect] XY-shift value: 13
12-02 19:46:05.340     0     0 I trusty  : [GF_TA][I][gf_algo_adapter][gf_adt_get_fake_version] af for g7 opt7.X
12-02 19:46:05.340     0     0 I trusty  : [GF_TA][I][gf_big_data][gf_get_auth_big_data_info] retry 0 sg:0 rawdata_mean_value:1943
12-02 19:46:05.340     0     0 I trusty  : [GF_TA][I][gf_big_data][gf_get_auth_big_data_info] retry 0 sg:1 rawdata_mean_value:1977
12-02 19:46:05.340     0     0 I trusty  : [GF_TA][I][gf_big_data][gf_get_auth_big_data_info] retry 0 sg:2 rawdata_mean_value:1812
12-02 19:46:05.340     0     0 I trusty  : [GF_TA][I][gf_big_data][gf_get_auth_big_data_info] retry 0 sg:3 rawdata_mean_value:2028
12-02 19:46:05.340     0     0 I trusty  : [GF_TA][I][gf_fpcore_common][handle_event] timestamp:***.
12-02 19:46:05.341  1647  2008 D BiometricLogger: Authenticated! Modality: fingerprint, latency: 192
12-02 19:46:05.342  1647  2008 V BiometricUtils: Checking if the authenticating is in background, clientPackage:com.solidimobileapp4test
12-02 19:46:05.344  1647  2008 D BaseClientMonitor: marking operation as done: {[77] com.android.server.biometrics.sensors.fingerprint.aidl.FingerprintAuthenticationClient, proto=3, owner=com.solidimobileapp4test, cookie=33492940, requestId=9, userId=0}
12-02 19:46:05.344  1647  2008 D AuthenticationClient: Skipping addAuthToken
12-02 19:46:05.344  1647  2008 D BiometricStateCallback: Client finished, state updated to 0, client {[77] com.android.server.biometrics.sensors.fingerprint.aidl.FingerprintAuthenticationClient, proto=3, owner=com.solidimobileapp4test, cookie=33492940, requestId=9, userId=0}
12-02 19:46:05.344  1647  1937 V BiometricService: handleAuthenticationSucceeded(), sensorId: 0
12-02 19:46:05.345  1647  2008 D BiometricSchedulerOperation: [Finished / destroy]: {[77] com.android.server.biometrics.sensors.fingerprint.aidl.FingerprintAuthenticationClient, proto=3, owner=com.solidimobileapp4test, cookie=33492940, requestId=9, userId=0}
12-02 19:46:05.346  1647  2008 V ALSProbe: Disable ALS: 76311254
12-02 19:46:05.346  1647  2008 D FingerprintAuthenticationClient: Lockout is implemented by the HAL
12-02 19:46:05.347  1647  2008 D BiometricScheduler: [Finishing] {[77] com.android.server.biometrics.sensors.fingerprint.aidl.FingerprintAuthenticationClient, proto=3, owner=com.solidimobileapp4test, cookie=33492940, requestId=9, userId=0}, success: true
12-02 19:46:05.347  1647  2008 D GestureAvailabilityTracker: Notifying gesture availability, active=true
12-02 19:46:05.347  1647  2008 D BiometricScheduler: No operations, returning to idle
12-02 19:46:05.350  1647  2008 E FingerprintProvider/default: onPointerUp received during client: null
12-02 19:46:05.358  1647  2008 E AidlResponseHandler: Client monitor is not an instance of com.android.server.biometrics.sensors.AcquisitionClient
12-02 19:46:05.360  2214 14512 I AdaptiveHaptics: Request params from server: typesMask=2, deadlineElapsedRealtimeMilli=50
12-02 19:46:05.368  1647  2008 D FingerprintProvider/default: setIgnoreDisplayTouches set to true
12-02 19:46:05.495     0     0 I trusty  : [GF_TA][I][gf_big_data][gf_get_study_time_big_data_info] study step = 1 time = 31ms
12-02 19:46:05.497     0     0 I trusty  : [GF_TA][I][gf_algo_adapter][gf_adt_InitFlocculeDetectionTemplate] floc_base_update=0 frame_num=69
12-02 19:46:05.537     0     0 I trusty  : [GF_TA][I][gf_algo_adapter][gf_adt_UpdataCaliInfoForFusion] update_base_flag=0xf
12-02 19:46:05.537     0     0 I trusty  : [GF_TA][I][gf_big_data][gf_get_study_time_big_data_info] study step = 2 time = 42ms
12-02 19:46:05.537     0     0 I trusty  : [GF_TA][I][gf_cali][cali_handle_event] auth_save_autocali_count=10 post_auth_save_flag=0.
12-02 19:46:05.537     0     0 I trusty  : [GF_TA][I][gf_cali][cali_handle_event] auth_save_extra_feature_count=0 save_extra_feature_flag=1.
12-02 19:46:05.537     0     0 I trusty  : [GF_TA][I][gf_delmar_algo][gf_algo_save_extra_feature] save extra feature
12-02 19:46:05.542     0     0 I trusty  : [GF_TA][I][gf_tee_storage][trusty_file_open] 1 LHBM_gf_extra_feature.so 0
12-02 19:46:06.200     0     0 I trusty  : [GF_TA][I][gf_big_data][gf_get_study_time_big_data_info] study step = 3 time = 0ms
12-02 19:46:06.201     0     0 I trusty  : [GF_TA][E][gf_algo_auth][gf_algo_do_post_authenticate] skip stage=4
12-02 19:46:06.201     0     0 I trusty  : [GF_TA][I][gf_big_data][gf_get_study_time_big_data_info] study step = 4 time = 0ms
12-02 19:46:06.201     0     0 I trusty  : [GF_TA][I][gf_delmar_algo][algo_on_authenticate_end] auth stop time = 0ms
12-02 19:46:06.201     0     0 I trusty  : [GF_TA][I][gf_delmar_algo][algo_on_authenticate_end] auth stop time + total study time = 73ms
12-02 19:46:06.203     0     0 I trusty  : [GF_TA][I][gf_algo_usr_portrait][gf_portrait_detect_finger_status] rty:0, pemResult:4 finger status: 1
12-02 19:46:06.208     0     0 I trusty  : [GF_TA][E][gf_algo_customized][gf_customized_algo_cmd_entry]GF_DUMP_BIG_DATA_CMD, bd_cmd->big_data_type=1
12-02 19:46:06.208     0     0 I trusty  : [GF_TA][I][gf_algo_customized][fill_auth_big_data] continuous_update_flag:0x0f
12-02 19:46:06.273  1647  1937 V BiometricService/AuthSession: Dismissed! Modality: 1, User: 0, IsCrypto: false, Action: 2, Client: 2, Reason: 4, Error: 0, Latency: 1881, SessionId: 208212
12-02 19:46:06.274   588  7147 I keystore2: system/security/keystore2/src/authorization.rs:114 - add_auth_token(challenge=0, userId=3955669586708433682, authId=1389426685022917630, authType=0x2, timestamp=36883741ms)
12-02 19:46:06.274  1647  5415 D CoreBackPreview: Window{4031067 u0 BiometricPrompt}: Setting back callback null
12-02 19:46:06.274  1647  1937 D BiometricService/AuthSession: addAuthToken: 0
12-02 19:46:06.275  1647  1937 D BiometricService/AuthSession: Cancelling sensorId: 0
12-02 19:46:06.275  1647  1937 D FingerprintService: cancelAuthenticationFromService, sensorId: 0
12-02 19:46:06.275  1647  2008 D BiometricScheduler: cancelAuthenticationOrDetection, requestId: 9
12-02 19:46:06.316  1647  1720 V WindowManager: Unknown focus tokens, dropping reportFocusChanged
--------- beginning of main
12-02 19:46:06.339  3756  3756 I GoogleInputMethodService: GoogleInputMethodService.onStartInput():1347 onStartInput(EditorInfo{EditorInfo{packageName=com.solidimobileapp4test, inputType=0, inputTypeString=NULL, enableLearning=false, autoCorrection=false, autoComplete=false, imeOptions=0, privateImeOptions=null, actionName=UNSPECIFIED, actionLabel=null, initialSelStart=-1, initialSelEnd=-1, initialCapsMode=0, label=null, fieldId=0, fieldName=null, extras=null, hintText=null, hintLocales=[]}}, false)
12-02 19:46:06.340  1647  3899 I ImeTracker: system_server:af5d367e: onRequestHide at ORIGIN_SERVER reason IME_REQUESTED_CHANGED_LISTENER fromUser false
12-02 19:46:06.340  3756  3756 I Module  : DeviceLockedStatusModuleProvider$Module.updateDeviceLockedStatus():103 repeatCheckTimes = 1, locked = false
12-02 19:46:06.340  1647  1720 I ImeTracker: system_server:af5d367e: onCancelled at PHASE_SERVER_SHOULD_HIDE
12-02 19:46:06.340  1647  5824 W PackageConfigPersister: App-specific configuration not found for packageName: com.solidimobileapp4test and userId: 0
12-02 19:46:06.370   592 23100 D libnos_datagram: App 0x02 returning 0x0
12-02 19:46:06.371   592 23100 D libnos_datagram: Calling App 0x02 with params 0x000b
12-02 19:46:06.376   592 23100 D libnos_datagram: App 0x02 returning 0x0
12-02 19:46:06.377   592 23100 D libnos_datagram: Calling App 0x02 with params 0x000c
12-02 19:46:06.379 23521 23624 I ReactNativeJS:  [MOUNT] ComponentDidMount called
12-02 19:46:06.379 23521 23624 I ReactNativeJS:  [MOUNT] Waiting for initialization to complete...
12-02 19:46:06.379 23521 23624 I ReactNativeJS:  [KEYCHAIN TEST] Starting keychain access test...
12-02 19:46:06.379 23521 23624 I ReactNativeJS:  [MOUNT] Setting up AppState listener for app resume
12-02 19:46:06.379 23521 23624 I ReactNativeJS:  [SecureApp] componentDidUpdate called
12-02 19:46:06.380 23521 23624 I ReactNativeJS: ' [SecureApp] shouldInitializePushNotifications:', true
12-02 19:46:06.380 23521 23624 I ReactNativeJS: ' [SecureApp] pushNotificationsInitialized:', false
12-02 19:46:06.380 23521 23624 I ReactNativeJS:  [SecureApp] ============================================
12-02 19:46:06.380 23521 23624 I ReactNativeJS:  [SecureApp] Initializing push notifications after biometric auth
12-02 19:46:06.380 23521 23624 I ReactNativeJS:  [SecureApp] ============================================
12-02 19:46:06.380 23521 23624 I ReactNativeJS:  [SecureApp] Biometric verification successful - app unlocked
12-02 19:46:06.380 23521 23624 I ReactNativeJS:  [SecureApp] Cannot reload cached data - AppState context not available
12-02 19:46:06.380 23521 23624 I ReactNativeJS:  [SecureApp] Starting idle monitoring
12-02 19:46:06.380 23521 23624 I ReactNativeJS:  [SecureApp] No credentials - idle monitoring disabled
12-02 19:46:06.381   592 23100 D libnos_datagram: App 0x02 returning 0x0
12-02 19:46:06.383   592 23100 D libnos_datagram: Calling App 0x02 with params 0x000a
12-02 19:46:06.385 23521 23624 I ReactNativeJS:  ========================================
12-02 19:46:06.385 23521 23624 I ReactNativeJS:  [SecureApp] RENDER called
12-02 19:46:06.385 23521 23624 I ReactNativeJS: ' needsBiometrics:', false
12-02 19:46:06.385 23521 23624 I ReactNativeJS: ' biometricVerified:', true
12-02 19:46:06.385 23521 23624 I ReactNativeJS: ' isLoading:', false
12-02 19:46:06.385 23521 23624 I ReactNativeJS: ' AppState.mainPanelState:', undefined
12-02 19:46:06.385 23521 23624 I ReactNativeJS: ' AppState.user.isAuthenticated:', undefined
12-02 19:46:06.385 23521 23624 I ReactNativeJS:  ========================================
12-02 19:46:06.385 23521 23624 I ReactNativeJS:  [SecureApp] Rendering main app (biometric verified or not needed)
12-02 19:46:06.386 23521 23624 I ReactNativeJS:  [SecureApp] componentDidUpdate called
12-02 19:46:06.386 23521 23624 I ReactNativeJS: ' [SecureApp] shouldInitializePushNotifications:', true
12-02 19:46:06.386 23521 23624 I ReactNativeJS: ' [SecureApp] pushNotificationsInitialized:', false
12-02 19:46:06.386 23521 23624 I ReactNativeJS:  [SecureApp] ============================================
12-02 19:46:06.386 23521 23624 I ReactNativeJS:  [SecureApp] Initializing push notifications after biometric auth
12-02 19:46:06.386 23521 23624 I ReactNativeJS:  [SecureApp] ============================================
12-02 19:46:06.389 23521 23624 I ReactNativeJS: [34m7:46:06PM | [0m[7m AppState [0m[34m | INFO : Reset state history to: [{"mainPanelState":"Loading","pageName":"default"}] [0m
12-02 19:46:06.390 23521 23624 I ReactNativeJS: [34m7:46:06PM | [0m[7m App [0m[34m | INFO : ========== start: helloWorld ========== [0m
12-02 19:46:06.395   592 23100 D libnos_datagram: App 0x02 returning 0x0
12-02 19:46:06.396   592 23100 D libnos_datagram: Calling App 0x02 with params 0x000b
12-02 19:46:06.401   592 23100 D libnos_datagram: App 0x02 returning 0x0
12-02 19:46:06.402   592 23100 D libnos_datagram: Calling App 0x02 with params 0x000c
12-02 19:46:06.406   592 23100 D libnos_datagram: App 0x02 returning 0x0
12-02 19:46:06.408 23521 23624 I ReactNativeJS:  [KEYCHAIN] getInternetCredentials SUCCESS
12-02 19:46:06.408 23521 23624 I ReactNativeJS: ' [KEYCHAIN] Returned value:', '{"storage":"KeystoreAESCBC","password":"B9sG03V9kw3uOubT5yMjPC7yLMEBMBiyoRXumYrF7TTRlrYEUZOBxN0xyBLXKpzYmrN7qwWT5cnskcMmH6jOgFDk","username":"VTGFhoDBmDFFqYzxGWJNWRCAObZmLTTVIQ7qoj1SjhGY4Eu8IQJQhP6k","service":"API_dev_SolidiMobileApp_t2.solidi.co"}'
12-02 19:46:06.408 23521 23624 I ReactNativeJS: ' [KEYCHAIN] Type:', 'object'
12-02 19:46:06.408 23521 23624 I ReactNativeJS: ' [KEYCHAIN] Is truthy:', true
12-02 19:46:06.408 23521 23624 I ReactNativeJS: ' [CREDENTIALS CHECK] Result:', 'FOUND'
12-02 19:46:06.408 23521 23624 I ReactNativeJS:  [KEYCHAIN] Credentials object exists, checking for username and password
12-02 19:46:06.408 23521 23624 I ReactNativeJS: ' [KEYCHAIN] Has username:', true
12-02 19:46:06.409 23521 23624 I ReactNativeJS: ' [KEYCHAIN] Has password:', true
12-02 19:46:06.409 23521 23624 I ReactNativeJS:  [CREDENTIALS CHECK] API credentials found in keychain
12-02 19:46:06.409 23521 23624 I ReactNativeJS:  [CREDENTIALS TRACE] Setting apiCredentialsFound = true
12-02 19:46:06.415 23521 23624 I ReactNativeJS:  MAINPANEL IS DEFINITELY LOADING!!! 
12-02 19:46:06.415 23521 23624 I ReactNativeJS: ' [MainPanel] AppState loaded:', { mainPanelState: 'Loading',
12-02 19:46:06.415 23521 23624 I ReactNativeJS:   pageName: 'default',
12-02 19:46:06.415 23521 23624 I ReactNativeJS:   initialMainPanelState: undefined }
12-02 19:46:06.415 23521 23624 I ReactNativeJS:  [MainPanel] selectPanelComponent called
12-02 19:46:06.415 23521 23624 I ReactNativeJS: ' [MainPanel] mainPanelState:', 'Loading'
12-02 19:46:06.415 23521 23624 I ReactNativeJS: ' [MainPanel] pageName:', 'default'
12-02 19:46:06.415 23521 23624 I ReactNativeJS: ' [MainPanel] Available component names:', [ 'AccountRestricted',
12-02 19:46:06.415 23521 23624 I ReactNativeJS:   'AccountReview',
12-02 19:46:06.415 23521 23624 I ReactNativeJS:   'AccountUpdate',
12-02 19:46:06.415 23521 23624 I ReactNativeJS:   'AddressBook',
12-02 19:46:06.415 23521 23624 I ReactNativeJS:   'Assets',
12-02 19:46:06.415 23521 23624 I ReactNativeJS:   'Authenticate',
12-02 19:46:06.415 23521 23624 I ReactNativeJS:   'BankAccounts',
12-02 19:46:06.415 23521 23624 I ReactNativeJS:   'ChooseHowToPay',
12-02 19:46:06.415 23521 23624 I ReactNativeJS:   'ChooseHowToReceivePayment',
12-02 19:46:06.415 23521 23624 I ReactNativeJS:   'CloseSolidiAccount' ], '... (showing first 10)'
12-02 19:46:06.415 23521 23624 I ReactNativeJS: ' [MainPanel] Component found for state:', 'Loading'
12-02 19:46:06.415 23521 23624 I ReactNativeJS: ' [MainPanel] Selected component for', 'Loading', ':', true
12-02 19:46:06.428 23521 23624 I ReactNativeJS: '[PERSISTENT LOGIN] Step 1 complete - Found:', true
12-02 19:46:06.429 23521 23624 I ReactNativeJS: '[PERSISTENT LOGIN] After check - isAuthenticated:', false
12-02 19:46:06.429 23521 23624 I ReactNativeJS: [PERSISTENT LOGIN] Step 2: Restore session if credentials exist
12-02 19:46:06.429 23521 23624 I ReactNativeJS: [PERSISTENT LOGIN] Credentials found - loading from keychain
12-02 19:46:06.433  1647  1903 D ActivityManager: freezing 17483 com.google.android.gm
12-02 19:46:06.436  1647  1962 D InetDiagMessage: Destroyed 0 sockets, proto=IPPROTO_TCP, family=AF_INET, states=14
12-02 19:46:06.437  1647  1962 D InetDiagMessage: Destroyed 0 sockets, proto=IPPROTO_TCP, family=AF_INET6, states=14
12-02 19:46:06.437  1647  1962 D InetDiagMessage: Destroyed live tcp sockets for uids={10203} in 2ms
12-02 19:46:06.447 23521 23626 E RNKeychainManager: No entry found for service: testflight_debug_key
12-02 19:46:06.448 23521 23624 I ReactNativeJS: ' [KEYCHAIN TEST] Read test result:', false
12-02 19:46:06.457 23521 23624 I ReactNativeJS: [34m7:46:06PM | [0m[7m AppState [0m[34m | INFO : No PIN found in Keychain. [0m
12-02 19:46:06.458 23521 23624 I ReactNativeJS: [34m7:46:06PM | [0m[7m AppState [0m[34m | INFO : Stored API credentials (API Key and Secret) found in Keychain (but not loaded into memory). [0m
12-02 19:46:06.461   592 23100 D libnos_datagram: Calling App 0x02 with params 0x000a
12-02 19:46:06.473   592 23100 D libnos_datagram: App 0x02 returning 0x0
12-02 19:46:06.473   592 23100 D libnos_datagram: Calling App 0x02 with params 0x000b
12-02 19:46:06.478   592 23100 D libnos_datagram: App 0x02 returning 0x0
12-02 19:46:06.478   592 23100 D libnos_datagram: Calling App 0x02 with params 0x000c
12-02 19:46:06.483   592 23100 D libnos_datagram: App 0x02 returning 0x0
12-02 19:46:06.484   592 23100 D libnos_datagram: Calling App 0x02 with params 0x000a
12-02 19:46:06.495   592 23100 D libnos_datagram: App 0x02 returning 0x0
12-02 19:46:06.496   592 23100 D libnos_datagram: Calling App 0x02 with params 0x000b
12-02 19:46:06.501   592 23100 D libnos_datagram: App 0x02 returning 0x0
12-02 19:46:06.501   592 23100 D libnos_datagram: Calling App 0x02 with params 0x000c
12-02 19:46:06.506   592 23100 D libnos_datagram: App 0x02 returning 0x0
12-02 19:46:06.507 23521 23624 I ReactNativeJS: '[PERSISTENT LOGIN] Keychain read result:', 'SUCCESS'
12-02 19:46:06.507 23521 23624 I ReactNativeJS: [PERSISTENT LOGIN] Valid credentials loaded from keychain
12-02 19:46:06.507 23521 23624 I ReactNativeJS: '[PERSISTENT LOGIN] API Key:', 'VTGFhoDBmD...'
12-02 19:46:06.507 23521 23624 I ReactNativeJS: '[PERSISTENT LOGIN] API Secret length:', 88
12-02 19:46:06.507 23521 23624 I ReactNativeJS: '[PERSISTENT LOGIN] Checking API client - exists?', false
12-02 19:46:06.507 23521 23624 I ReactNativeJS: [PERSISTENT LOGIN] Creating API client with credentials...
12-02 19:46:06.508 23521 23626 D RNKeychainManager: Probe cipher storage: CipherStorageFacebookConceal
12-02 19:46:06.508 23521 23624 I ReactNativeJS: 
12-02 19:46:06.508 23521 23626 D RNKeychainManager: Probe cipher storage: CipherStorageKeystoreAesCbc
12-02 19:46:06.508 23521 23624 I ReactNativeJS:  SOLIDI API CLIENT INITIALIZED WITH ENHANCED LOGGING! 
12-02 19:46:06.508 23521 23626 D RNKeychainManager: Probe cipher storage: CipherStorageKeystoreRsaEcb
12-02 19:46:06.508 23521 23624 I ReactNativeJS:  Domain: t2.solidi.co
12-02 19:46:06.508 23521 23626 D RNKeychainManager: Selected storage: CipherStorageKeystoreAesCbc
12-02 19:46:06.508 23521 23624 I ReactNativeJS:  API Key: VTGFhoDBmDFFqYzxGWJNWRCAObZmLTTVIQ7qoj1SjhGY4Eu8IQJQhP6k
12-02 19:46:06.508 23521 23624 I ReactNativeJS:  AppState Ref: Connected
12-02 19:46:06.508 23521 23624 I ReactNativeJS:  LOGGING IS WORKING - YOU SHOULD SEE THIS MESSAGE!
12-02 19:46:06.508 23521 23624 I ReactNativeJS: 
12-02 19:46:06.509   592 23100 D libnos_datagram: Calling App 0x02 with params 0x0001
12-02 19:46:06.518 23521 23624 I ReactNativeJS:  MAINPANEL IS DEFINITELY LOADING!!! 
12-02 19:46:06.518 23521 23624 I ReactNativeJS: ' [MainPanel] AppState loaded:', { mainPanelState: 'Loading',
12-02 19:46:06.518 23521 23624 I ReactNativeJS:   pageName: 'default',
12-02 19:46:06.518 23521 23624 I ReactNativeJS:   initialMainPanelState: undefined }
12-02 19:46:06.518 23521 23624 I ReactNativeJS:  [MainPanel] selectPanelComponent called
12-02 19:46:06.518 23521 23624 I ReactNativeJS: ' [MainPanel] mainPanelState:', 'Loading'
12-02 19:46:06.518 23521 23624 I ReactNativeJS: ' [MainPanel] pageName:', 'default'
12-02 19:46:06.518 23521 23624 I ReactNativeJS: ' [MainPanel] Available component names:', [ 'AccountRestricted',
12-02 19:46:06.518 23521 23624 I ReactNativeJS:   'AccountReview',
12-02 19:46:06.518 23521 23624 I ReactNativeJS:   'AccountUpdate',
12-02 19:46:06.518 23521 23624 I ReactNativeJS:   'AddressBook',
12-02 19:46:06.518 23521 23624 I ReactNativeJS:   'Assets',
12-02 19:46:06.518 23521 23624 I ReactNativeJS:   'Authenticate',
12-02 19:46:06.518 23521 23624 I ReactNativeJS:   'BankAccounts',
12-02 19:46:06.518 23521 23624 I ReactNativeJS:   'ChooseHowToPay',
12-02 19:46:06.518 23521 23624 I ReactNativeJS:   'ChooseHowToReceivePayment',
12-02 19:46:06.518 23521 23624 I ReactNativeJS:   'CloseSolidiAccount' ], '... (showing first 10)'
12-02 19:46:06.519 23521 23624 I ReactNativeJS: ' [MainPanel] Component found for state:', 'Loading'
12-02 19:46:06.519 23521 23624 I ReactNativeJS: ' [MainPanel] Selected component for', 'Loading', ':', true
12-02 19:46:06.523   592 23100 D libnos_datagram: App 0x02 returning 0x0
12-02 19:46:06.529   592 23100 D libnos_datagram: Calling App 0x02 with params 0x000a
12-02 19:46:06.533  1189  1189 D AOC     : F1:MSG: controller.cc, 273: AudioOutCtrl: cmd ID: 0x00c9, tag: 0xf3 [cntr = 2057]
12-02 19:46:06.533  1189  1189 D AOC     : F1:MSG: controller.cc, 811: AudioOutCtrl: ipc: audio_output_co, cmd ID: 0x00c9, tag: 0xf3, rc: 0
12-02 19:46:06.536   939  1980 D audio_hw: shutdown: low-latency-playback
12-02 19:46:06.537   939  1980 E audio_route: unable to find path 'speaker-post'
12-02 19:46:06.537   939  1980 D audio_hw_aoc_route: speaker-post 0
12-02 19:46:06.537   939  1980 D audio_hw_aoc_route: low-latency-playbackP 0
12-02 19:46:06.537  1189  1189 D AOC     : F1:MSG: controller.cc, 273: AudioOutCtrl: cmd ID: 0x010f, tag: 0xf4 [cntr = 2058]
12-02 19:46:06.537   939  1980 W audio_hw_35l41: cs35l41_amp_common_event: ret: 0, event: 3, state: 3, device: 4
12-02 19:46:06.537  1189  1189 D AOC     : F1:Unregistered Source 1 from Sink 0 
12-02 19:46:06.537  1189  1189 D AOC     : F1:AT Map:0 (LL:0), 0 EPs active, Power: Yes, Config: No
12-02 19:46:06.537   939  1980 D audio_hw_aoc_route: speaker 0
12-02 19:46:06.537  1189  1189 D AOC     : F1:Mixer 0 configuration changed: (0)
12-02 19:46:06.538  1189  1189 D AOC     : F1:Sink 0 Configuration changed: ULL (disabled)
12-02 19:46:06.538  1189  1189 D AOC     : F1:MSG: controller.cc, 811: AudioOutCtrl: ipc: audio_output_co, cmd ID: 0x010f, tag: 0xf4, rc: 0
12-02 19:46:06.538  1189  1189 D AOC     : H0:Mixer AMixSPKR: 480 samples (0000/0000) (OFF SC)
12-02 19:46:06.538  1189  1189 D AOC     : H0:Mixer configuration updated
12-02 19:46:06.538   939  1980 W audio_hw_35l41: cs35l41_amp_common_event: ret: 0, event: 4, state: 2, device: 4
12-02 19:46:06.538   939  1980 D audio_hw_soundtrigger: st_comm_aud_event_monitor:codec dev:4 inactive
12-02 19:46:06.538   939  1980 D audio_hw_soundtrigger: st_uc_monitor:uc:low-latency-playback inactive
12-02 19:46:06.538   939  1980 I audio_hw_aoc: Mode Ambient is already selected
12-02 19:46:06.538   939  1980 D audio_hw_waves: waves_usecase_event: low-latency-playback stop
12-02 19:46:06.538 23521 23624 I ReactNativeJS: [PERSISTENT LOGIN]  API client created with credentials!
12-02 19:46:06.538 23521 23624 I ReactNativeJS: '[PERSISTENT LOGIN] Final check - apiKey set:', true
12-02 19:46:06.538 23521 23624 I ReactNativeJS: '[PERSISTENT LOGIN] Final check - apiSecret set:', true
12-02 19:46:06.538 23521 23624 I ReactNativeJS:  [PERSISTENT LOGIN] Setting isAuthenticated = true
12-02 19:46:06.538 23521 23624 I ReactNativeJS:  [LAST PAGE] Retrieving last visited page...
12-02 19:46:06.541   592 23100 D libnos_datagram: App 0x02 returning 0x0
12-02 19:46:06.542   592 23100 D libnos_datagram: Calling App 0x02 with params 0x000c
12-02 19:46:06.547   592 23100 D libnos_datagram: App 0x02 returning 0x0
12-02 19:46:06.548   592 23100 D libnos_datagram: Calling App 0x02 with params 0x000a
12-02 19:46:06.560   592 23100 D libnos_datagram: App 0x02 returning 0x0
12-02 19:46:06.562   592 23100 D libnos_datagram: Calling App 0x02 with params 0x000c
12-02 19:46:06.566   592 23100 D libnos_datagram: App 0x02 returning 0x0
12-02 19:46:06.568 23521 23624 I ReactNativeJS:  [KEYCHAIN TEST] Write test: SUCCESS
12-02 19:46:06.570 23521 23624 I ReactNativeJS:  [SecureApp] STARTING PUSH NOTIFICATION INITIALIZATION
12-02 19:46:06.570 23521 23624 I ReactNativeJS: ' [SecureApp] User ID:', 'user-1764704766570'
12-02 19:46:06.570 23521 23624 I ReactNativeJS: ' [SecureApp] Platform:', 'android'
12-02 19:46:06.570 23521 23624 I ReactNativeJS:  [SecureApp] ============================================
12-02 19:46:06.572 23521 23624 I ReactNativeJS:  Requesting Android POST_NOTIFICATIONS permission (API 33+)...
12-02 19:46:06.573 23521 23624 I ReactNativeJS:  [SecureApp] STARTING PUSH NOTIFICATION INITIALIZATION
12-02 19:46:06.573 23521 23624 I ReactNativeJS: ' [SecureApp] User ID:', 'user-1764704766573'
12-02 19:46:06.573 23521 23624 I ReactNativeJS: ' [SecureApp] Platform:', 'android'
12-02 19:46:06.573 23521 23624 I ReactNativeJS:  [SecureApp] ============================================
12-02 19:46:06.573 23521 23624 I ReactNativeJS:  Requesting Android POST_NOTIFICATIONS permission (API 33+)...
12-02 19:46:06.577 23521 23624 I ReactNativeJS:  [DEBUG INFO] Stored: App initialized
12-02 19:46:06.577 23521 23624 I ReactNativeJS:  [LOCAL STORAGE] Crash log storage initialized
12-02 19:46:06.578 23521 23624 I ReactNativeJS: ' [LAST PAGE] Retrieved last visited page:', { mainPanelState: 'Home',
12-02 19:46:06.578 23521 23624 I ReactNativeJS:   pageName: 'default',
12-02 19:46:06.578 23521 23624 I ReactNativeJS:   timestamp: 1764704175257 }
12-02 19:46:06.578 23521 23624 I ReactNativeJS: ' [PERSISTENT LOGIN] Last visited page:', '{"mainPanelState":"Home","pageName":"default"}'
12-02 19:46:06.578 23521 23624 I ReactNativeJS: ' [PERSISTENT LOGIN] Will restore to:', 'Home'
12-02 19:46:06.578 23521 23624 I ReactNativeJS:  [PERSISTENT LOGIN] UPDATING STATE NOW
12-02 19:46:06.578 23521 23624 I ReactNativeJS: ' Before - mainPanelState:', 'Loading'
12-02 19:46:06.578 23521 23624 I ReactNativeJS: ' Before - isAuthenticated:', true
12-02 19:46:06.578 23521 23624 I ReactNativeJS: ' Target page:', 'Home', 'Target pageName:', 'default'
12-02 19:46:06.578 23521 23624 I ReactNativeJS: ' After direct assignment - mainPanelState:', 'Home'
12-02 19:46:06.579   592 23100 D libnos_datagram: Calling App 0x02 with params 0x000a
12-02 19:46:06.586 23521 23624 I ReactNativeJS:  MAINPANEL IS DEFINITELY LOADING!!! 
12-02 19:46:06.586 23521 23624 I ReactNativeJS: ' [MainPanel] AppState loaded:', { mainPanelState: 'Home',
12-02 19:46:06.586 23521 23624 I ReactNativeJS:   pageName: 'default',
12-02 19:46:06.586 23521 23624 I ReactNativeJS:   initialMainPanelState: undefined }
12-02 19:46:06.586 23521 23624 I ReactNativeJS:  [MainPanel] selectPanelComponent called
12-02 19:46:06.587 23521 23624 I ReactNativeJS: ' [MainPanel] mainPanelState:', 'Home'
12-02 19:46:06.587 23521 23624 I ReactNativeJS: ' [MainPanel] pageName:', 'default'
12-02 19:46:06.587 23521 23624 I ReactNativeJS: ' [MainPanel] Available component names:', [ 'AccountRestricted',
12-02 19:46:06.587 23521 23624 I ReactNativeJS:   'AccountReview',
12-02 19:46:06.587 23521 23624 I ReactNativeJS:   'AccountUpdate',
12-02 19:46:06.587 23521 23624 I ReactNativeJS:   'AddressBook',
12-02 19:46:06.587 23521 23624 I ReactNativeJS:   'Assets',
12-02 19:46:06.587 23521 23624 I ReactNativeJS:   'Authenticate',
12-02 19:46:06.587 23521 23624 I ReactNativeJS:   'BankAccounts',
